<!doctype html public "-//w3c//dtd html 4.0 transitional//en">
<html><head>
<title>Static Call Graph - [OH_LiteOS_Demo\OH_LiteOS_Demo.axf]</title></head>
<body><HR>
<H1>Static Call Graph for image OH_LiteOS_Demo\OH_LiteOS_Demo.axf</H1><HR>
<BR><P>#&#060CALLGRAPH&#062# ARM Linker, 5060960: Last Updated: Wed Jul 09 20:56:33 2025
<BR><P>
<H3>Maximum Stack Usage =        520 bytes + Unknown(Functions without stacksize, Cycles, Untraceable Function Pointers)</H3><H3>
Call chain for Maximum Stack Depth:</H3>
main &rArr; LOS_KernelInit &rArr; OsSwtmrInit &rArr; OsSwtmrTaskCreate &rArr; LOS_TaskCreate &rArr; LOS_TaskCreateOnly &rArr; LOS_MemAllocAlign &rArr; OsMemAlloc &rArr; OsMemInfoPrint &rArr; LOS_MemInfoGet &rArr; OsAllMemNodeDoHandle &rArr; LOS_MemIntegrityCheck &rArr; OsMemIntegrityCheck &rArr; OsMemPoolHeadCheck &rArr; OsLogLevelCheck &rArr;  OsLogLevelCheck (Cycle)
<P>
<H3>
Functions with no stack information
</H3><UL>
 <LI><a href="#[ae]">HalStartToRun</a>
 <LI><a href="#[aa]">HalIntLock</a>
 <LI><a href="#[15a]">HalIntUnLock</a>
 <LI><a href="#[ab]">HalIntRestore</a>
 <LI><a href="#[e2]">HalTaskSchedule</a>
 <LI><a href="#[8]">HalPendSV</a>
</UL>
</UL>
<P>
<H3>
Mutually Recursive functions
</H3> <LI><a href="#[1c]">ADC_IRQHandler</a>&nbsp;&nbsp;&nbsp;&rArr;&nbsp;&nbsp;&nbsp;<a href="#[1c]">ADC_IRQHandler</a><BR>
 <LI><a href="#[a7]">OsLogLevelCheck</a>&nbsp;&nbsp;&nbsp;&rArr;&nbsp;&nbsp;&nbsp;<a href="#[a7]">OsLogLevelCheck</a><BR>
</UL>
<P>
<H3>
Function Pointers
</H3><UL>
 <LI><a href="#[1c]">ADC_IRQHandler</a> from startup_stm32f407xx.o(.text) referenced from startup_stm32f407xx.o(RESET)
 <LI><a href="#[4]">BusFault_Handler</a> from stm32f4xx_it.o(i.BusFault_Handler) referenced from startup_stm32f407xx.o(RESET)
 <LI><a href="#[1e]">CAN1_RX0_IRQHandler</a> from startup_stm32f407xx.o(.text) referenced from startup_stm32f407xx.o(RESET)
 <LI><a href="#[1f]">CAN1_RX1_IRQHandler</a> from startup_stm32f407xx.o(.text) referenced from startup_stm32f407xx.o(RESET)
 <LI><a href="#[20]">CAN1_SCE_IRQHandler</a> from startup_stm32f407xx.o(.text) referenced from startup_stm32f407xx.o(RESET)
 <LI><a href="#[1d]">CAN1_TX_IRQHandler</a> from startup_stm32f407xx.o(.text) referenced from startup_stm32f407xx.o(RESET)
 <LI><a href="#[4a]">CAN2_RX0_IRQHandler</a> from startup_stm32f407xx.o(.text) referenced from startup_stm32f407xx.o(RESET)
 <LI><a href="#[4b]">CAN2_RX1_IRQHandler</a> from startup_stm32f407xx.o(.text) referenced from startup_stm32f407xx.o(RESET)
 <LI><a href="#[4c]">CAN2_SCE_IRQHandler</a> from startup_stm32f407xx.o(.text) referenced from startup_stm32f407xx.o(RESET)
 <LI><a href="#[49]">CAN2_TX_IRQHandler</a> from startup_stm32f407xx.o(.text) referenced from startup_stm32f407xx.o(RESET)
 <LI><a href="#[58]">DCMI_IRQHandler</a> from startup_stm32f407xx.o(.text) referenced from startup_stm32f407xx.o(RESET)
 <LI><a href="#[15]">DMA1_Stream0_IRQHandler</a> from startup_stm32f407xx.o(.text) referenced from startup_stm32f407xx.o(RESET)
 <LI><a href="#[16]">DMA1_Stream1_IRQHandler</a> from startup_stm32f407xx.o(.text) referenced from startup_stm32f407xx.o(RESET)
 <LI><a href="#[17]">DMA1_Stream2_IRQHandler</a> from startup_stm32f407xx.o(.text) referenced from startup_stm32f407xx.o(RESET)
 <LI><a href="#[18]">DMA1_Stream3_IRQHandler</a> from startup_stm32f407xx.o(.text) referenced from startup_stm32f407xx.o(RESET)
 <LI><a href="#[19]">DMA1_Stream4_IRQHandler</a> from startup_stm32f407xx.o(.text) referenced from startup_stm32f407xx.o(RESET)
 <LI><a href="#[1a]">DMA1_Stream5_IRQHandler</a> from startup_stm32f407xx.o(.text) referenced from startup_stm32f407xx.o(RESET)
 <LI><a href="#[1b]">DMA1_Stream6_IRQHandler</a> from startup_stm32f407xx.o(.text) referenced from startup_stm32f407xx.o(RESET)
 <LI><a href="#[39]">DMA1_Stream7_IRQHandler</a> from startup_stm32f407xx.o(.text) referenced from startup_stm32f407xx.o(RESET)
 <LI><a href="#[42]">DMA2_Stream0_IRQHandler</a> from startup_stm32f407xx.o(.text) referenced from startup_stm32f407xx.o(RESET)
 <LI><a href="#[43]">DMA2_Stream1_IRQHandler</a> from startup_stm32f407xx.o(.text) referenced from startup_stm32f407xx.o(RESET)
 <LI><a href="#[44]">DMA2_Stream2_IRQHandler</a> from startup_stm32f407xx.o(.text) referenced from startup_stm32f407xx.o(RESET)
 <LI><a href="#[45]">DMA2_Stream3_IRQHandler</a> from startup_stm32f407xx.o(.text) referenced from startup_stm32f407xx.o(RESET)
 <LI><a href="#[46]">DMA2_Stream4_IRQHandler</a> from startup_stm32f407xx.o(.text) referenced from startup_stm32f407xx.o(RESET)
 <LI><a href="#[4e]">DMA2_Stream5_IRQHandler</a> from startup_stm32f407xx.o(.text) referenced from startup_stm32f407xx.o(RESET)
 <LI><a href="#[4f]">DMA2_Stream6_IRQHandler</a> from startup_stm32f407xx.o(.text) referenced from startup_stm32f407xx.o(RESET)
 <LI><a href="#[50]">DMA2_Stream7_IRQHandler</a> from startup_stm32f407xx.o(.text) referenced from startup_stm32f407xx.o(RESET)
 <LI><a href="#[7]">DebugMon_Handler</a> from stm32f4xx_it.o(i.DebugMon_Handler) referenced from startup_stm32f407xx.o(RESET)
 <LI><a href="#[47]">ETH_IRQHandler</a> from startup_stm32f407xx.o(.text) referenced from startup_stm32f407xx.o(RESET)
 <LI><a href="#[48]">ETH_WKUP_IRQHandler</a> from startup_stm32f407xx.o(.text) referenced from startup_stm32f407xx.o(RESET)
 <LI><a href="#[10]">EXTI0_IRQHandler</a> from startup_stm32f407xx.o(.text) referenced from startup_stm32f407xx.o(RESET)
 <LI><a href="#[32]">EXTI15_10_IRQHandler</a> from startup_stm32f407xx.o(.text) referenced from startup_stm32f407xx.o(RESET)
 <LI><a href="#[11]">EXTI1_IRQHandler</a> from startup_stm32f407xx.o(.text) referenced from startup_stm32f407xx.o(RESET)
 <LI><a href="#[12]">EXTI2_IRQHandler</a> from startup_stm32f407xx.o(.text) referenced from startup_stm32f407xx.o(RESET)
 <LI><a href="#[13]">EXTI3_IRQHandler</a> from startup_stm32f407xx.o(.text) referenced from startup_stm32f407xx.o(RESET)
 <LI><a href="#[14]">EXTI4_IRQHandler</a> from startup_stm32f407xx.o(.text) referenced from startup_stm32f407xx.o(RESET)
 <LI><a href="#[21]">EXTI9_5_IRQHandler</a> from startup_stm32f407xx.o(.text) referenced from startup_stm32f407xx.o(RESET)
 <LI><a href="#[e]">FLASH_IRQHandler</a> from startup_stm32f407xx.o(.text) referenced from startup_stm32f407xx.o(RESET)
 <LI><a href="#[3a]">FMC_IRQHandler</a> from startup_stm32f407xx.o(.text) referenced from startup_stm32f407xx.o(RESET)
 <LI><a href="#[5a]">FPU_IRQHandler</a> from startup_stm32f407xx.o(.text) referenced from startup_stm32f407xx.o(RESET)
 <LI><a href="#[59]">HASH_RNG_IRQHandler</a> from startup_stm32f407xx.o(.text) referenced from startup_stm32f407xx.o(RESET)
 <LI><a href="#[8]">HalPendSV</a> from los_dispatch.o(.text) referenced from startup_stm32f407xx.o(RESET)
 <LI><a href="#[5f]">HalSysExit</a> from los_context.o(i.HalSysExit) referenced from los_context.o(i.HalTskStackInit)
 <LI><a href="#[2]">HardFault_Handler</a> from stm32f4xx_it.o(i.HardFault_Handler) referenced from startup_stm32f407xx.o(RESET)
 <LI><a href="#[2a]">I2C1_ER_IRQHandler</a> from startup_stm32f407xx.o(.text) referenced from startup_stm32f407xx.o(RESET)
 <LI><a href="#[29]">I2C1_EV_IRQHandler</a> from startup_stm32f407xx.o(.text) referenced from startup_stm32f407xx.o(RESET)
 <LI><a href="#[2c]">I2C2_ER_IRQHandler</a> from startup_stm32f407xx.o(.text) referenced from startup_stm32f407xx.o(RESET)
 <LI><a href="#[2b]">I2C2_EV_IRQHandler</a> from startup_stm32f407xx.o(.text) referenced from startup_stm32f407xx.o(RESET)
 <LI><a href="#[53]">I2C3_ER_IRQHandler</a> from startup_stm32f407xx.o(.text) referenced from startup_stm32f407xx.o(RESET)
 <LI><a href="#[52]">I2C3_EV_IRQHandler</a> from startup_stm32f407xx.o(.text) referenced from startup_stm32f407xx.o(RESET)
 <LI><a href="#[3]">MemManage_Handler</a> from stm32f4xx_it.o(i.MemManage_Handler) referenced from startup_stm32f407xx.o(RESET)
 <LI><a href="#[1]">NMI_Handler</a> from stm32f4xx_it.o(i.NMI_Handler) referenced from startup_stm32f407xx.o(RESET)
 <LI><a href="#[4d]">OTG_FS_IRQHandler</a> from startup_stm32f407xx.o(.text) referenced from startup_stm32f407xx.o(RESET)
 <LI><a href="#[34]">OTG_FS_WKUP_IRQHandler</a> from startup_stm32f407xx.o(.text) referenced from startup_stm32f407xx.o(RESET)
 <LI><a href="#[55]">OTG_HS_EP1_IN_IRQHandler</a> from startup_stm32f407xx.o(.text) referenced from startup_stm32f407xx.o(RESET)
 <LI><a href="#[54]">OTG_HS_EP1_OUT_IRQHandler</a> from startup_stm32f407xx.o(.text) referenced from startup_stm32f407xx.o(RESET)
 <LI><a href="#[57]">OTG_HS_IRQHandler</a> from startup_stm32f407xx.o(.text) referenced from startup_stm32f407xx.o(RESET)
 <LI><a href="#[56]">OTG_HS_WKUP_IRQHandler</a> from startup_stm32f407xx.o(.text) referenced from startup_stm32f407xx.o(RESET)
 <LI><a href="#[62]">OsIdleTask</a> from los_task.o(i.OsIdleTask) referenced from los_task.o(i.OsIdleTaskCreate)
 <LI><a href="#[62]">OsIdleTask</a> from los_task.o(i.OsIdleTask) referenced from los_task.o(i.OsTaskInitParamCheck)
 <LI><a href="#[61]">OsMemNodeInfoGetHandle</a> from los_memory.o(i.OsMemNodeInfoGetHandle) referenced from los_memory.o(i.LOS_MemInfoGet)
 <LI><a href="#[5e]">OsSchedTaskSwitch</a> from los_sched.o(i.OsSchedTaskSwitch) referenced from los_dispatch.o(.text)
 <LI><a href="#[63]">OsSwtmrScan</a> from los_swtmr.o(i.OsSwtmrScan) referenced from los_swtmr.o(i.OsSwtmrInit)
 <LI><a href="#[64]">OsSwtmrTask</a> from los_swtmr.o(i.OsSwtmrTask) referenced from los_swtmr.o(i.OsSwtmrTaskCreate)
 <LI><a href="#[60]">OsTaskEntry</a> from los_task.o(i.OsTaskEntry) referenced from los_context.o(i.HalTskStackInit)
 <LI><a href="#[9]">OsTickHandler</a> from los_tick.o(i.OsTickHandler) referenced from startup_stm32f407xx.o(RESET)
 <LI><a href="#[9]">OsTickHandler</a> from los_tick.o(i.OsTickHandler) referenced from los_context.o(i.HalArchInit)
 <LI><a href="#[b]">PVD_IRQHandler</a> from startup_stm32f407xx.o(.text) referenced from startup_stm32f407xx.o(RESET)
 <LI><a href="#[f]">RCC_IRQHandler</a> from startup_stm32f407xx.o(.text) referenced from startup_stm32f407xx.o(RESET)
 <LI><a href="#[33]">RTC_Alarm_IRQHandler</a> from startup_stm32f407xx.o(.text) referenced from startup_stm32f407xx.o(RESET)
 <LI><a href="#[d]">RTC_WKUP_IRQHandler</a> from startup_stm32f407xx.o(.text) referenced from startup_stm32f407xx.o(RESET)
 <LI><a href="#[0]">Reset_Handler</a> from startup_stm32f407xx.o(.text) referenced from startup_stm32f407xx.o(RESET)
 <LI><a href="#[3b]">SDIO_IRQHandler</a> from startup_stm32f407xx.o(.text) referenced from startup_stm32f407xx.o(RESET)
 <LI><a href="#[2d]">SPI1_IRQHandler</a> from startup_stm32f407xx.o(.text) referenced from startup_stm32f407xx.o(RESET)
 <LI><a href="#[2e]">SPI2_IRQHandler</a> from startup_stm32f407xx.o(.text) referenced from startup_stm32f407xx.o(RESET)
 <LI><a href="#[3d]">SPI3_IRQHandler</a> from startup_stm32f407xx.o(.text) referenced from startup_stm32f407xx.o(RESET)
 <LI><a href="#[6]">SVC_Handler</a> from stm32f4xx_it.o(i.SVC_Handler) referenced from startup_stm32f407xx.o(RESET)
 <LI><a href="#[5c]">SystemInit</a> from system_stm32f4xx.o(i.SystemInit) referenced from startup_stm32f407xx.o(.text)
 <LI><a href="#[c]">TAMP_STAMP_IRQHandler</a> from startup_stm32f407xx.o(.text) referenced from startup_stm32f407xx.o(RESET)
 <LI><a href="#[22]">TIM1_BRK_TIM9_IRQHandler</a> from startup_stm32f407xx.o(.text) referenced from startup_stm32f407xx.o(RESET)
 <LI><a href="#[25]">TIM1_CC_IRQHandler</a> from startup_stm32f407xx.o(.text) referenced from startup_stm32f407xx.o(RESET)
 <LI><a href="#[24]">TIM1_TRG_COM_TIM11_IRQHandler</a> from startup_stm32f407xx.o(.text) referenced from startup_stm32f407xx.o(RESET)
 <LI><a href="#[23]">TIM1_UP_TIM10_IRQHandler</a> from startup_stm32f407xx.o(.text) referenced from startup_stm32f407xx.o(RESET)
 <LI><a href="#[26]">TIM2_IRQHandler</a> from startup_stm32f407xx.o(.text) referenced from startup_stm32f407xx.o(RESET)
 <LI><a href="#[27]">TIM3_IRQHandler</a> from startup_stm32f407xx.o(.text) referenced from startup_stm32f407xx.o(RESET)
 <LI><a href="#[28]">TIM4_IRQHandler</a> from startup_stm32f407xx.o(.text) referenced from startup_stm32f407xx.o(RESET)
 <LI><a href="#[3c]">TIM5_IRQHandler</a> from startup_stm32f407xx.o(.text) referenced from startup_stm32f407xx.o(RESET)
 <LI><a href="#[40]">TIM6_DAC_IRQHandler</a> from startup_stm32f407xx.o(.text) referenced from startup_stm32f407xx.o(RESET)
 <LI><a href="#[41]">TIM7_IRQHandler</a> from stm32f4xx_it.o(i.TIM7_IRQHandler) referenced from startup_stm32f407xx.o(RESET)
 <LI><a href="#[35]">TIM8_BRK_TIM12_IRQHandler</a> from startup_stm32f407xx.o(.text) referenced from startup_stm32f407xx.o(RESET)
 <LI><a href="#[38]">TIM8_CC_IRQHandler</a> from startup_stm32f407xx.o(.text) referenced from startup_stm32f407xx.o(RESET)
 <LI><a href="#[37]">TIM8_TRG_COM_TIM14_IRQHandler</a> from startup_stm32f407xx.o(.text) referenced from startup_stm32f407xx.o(RESET)
 <LI><a href="#[36]">TIM8_UP_TIM13_IRQHandler</a> from startup_stm32f407xx.o(.text) referenced from startup_stm32f407xx.o(RESET)
 <LI><a href="#[66]">TaskEntry1</a> from main.o(i.TaskEntry1) referenced from main.o(i.main)
 <LI><a href="#[67]">TaskEntry2</a> from main.o(i.TaskEntry2) referenced from main.o(i.main)
 <LI><a href="#[3e]">UART4_IRQHandler</a> from startup_stm32f407xx.o(.text) referenced from startup_stm32f407xx.o(RESET)
 <LI><a href="#[3f]">UART5_IRQHandler</a> from startup_stm32f407xx.o(.text) referenced from startup_stm32f407xx.o(RESET)
 <LI><a href="#[2f]">USART1_IRQHandler</a> from startup_stm32f407xx.o(.text) referenced from startup_stm32f407xx.o(RESET)
 <LI><a href="#[30]">USART2_IRQHandler</a> from startup_stm32f407xx.o(.text) referenced from startup_stm32f407xx.o(RESET)
 <LI><a href="#[31]">USART3_IRQHandler</a> from startup_stm32f407xx.o(.text) referenced from startup_stm32f407xx.o(RESET)
 <LI><a href="#[51]">USART6_IRQHandler</a> from startup_stm32f407xx.o(.text) referenced from startup_stm32f407xx.o(RESET)
 <LI><a href="#[5]">UsageFault_Handler</a> from stm32f4xx_it.o(i.UsageFault_Handler) referenced from startup_stm32f407xx.o(RESET)
 <LI><a href="#[a]">WWDG_IRQHandler</a> from startup_stm32f407xx.o(.text) referenced from startup_stm32f407xx.o(RESET)
 <LI><a href="#[5d]">__main</a> from entry.o(.ARM.Collect$$$$00000000) referenced from startup_stm32f407xx.o(.text)
 <LI><a href="#[65]">fputc</a> from main.o(i.fputc) referenced from printfa.o(i.__0printf)
 <LI><a href="#[5b]">main</a> from main.o(i.main) referenced from entry9a.o(.ARM.Collect$$$$0000000B)
</UL>
<P>
<H3>
Global Symbols
</H3>
<P><STRONG><a name="[5d]"></a>__main</STRONG> (Thumb, 0 bytes, Stack size unknown bytes, entry.o(.ARM.Collect$$$$00000000))
<BR>[Address Reference Count : 1]<UL><LI> startup_stm32f407xx.o(.text)
</UL>
<P><STRONG><a name="[153]"></a>_main_stk</STRONG> (Thumb, 0 bytes, Stack size unknown bytes, entry2.o(.ARM.Collect$$$$00000001))

<P><STRONG><a name="[68]"></a>_main_scatterload</STRONG> (Thumb, 0 bytes, Stack size unknown bytes, entry5.o(.ARM.Collect$$$$00000004))
<BR><BR>[Calls]<UL><LI><a href="#[69]">&gt;&gt;</a>&nbsp;&nbsp;&nbsp;__scatterload
</UL>

<P><STRONG><a name="[79]"></a>__main_after_scatterload</STRONG> (Thumb, 0 bytes, Stack size unknown bytes, entry5.o(.ARM.Collect$$$$00000004))
<BR><BR>[Called By]<UL><LI><a href="#[69]">&gt;&gt;</a>&nbsp;&nbsp;&nbsp;__scatterload
</UL>

<P><STRONG><a name="[154]"></a>_main_clock</STRONG> (Thumb, 0 bytes, Stack size unknown bytes, entry7b.o(.ARM.Collect$$$$00000008))

<P><STRONG><a name="[155]"></a>_main_cpp_init</STRONG> (Thumb, 0 bytes, Stack size unknown bytes, entry8b.o(.ARM.Collect$$$$0000000A))

<P><STRONG><a name="[156]"></a>_main_init</STRONG> (Thumb, 0 bytes, Stack size unknown bytes, entry9a.o(.ARM.Collect$$$$0000000B))

<P><STRONG><a name="[157]"></a>__rt_lib_shutdown_fini</STRONG> (Thumb, 0 bytes, Stack size unknown bytes, entry12b.o(.ARM.Collect$$$$0000000E))

<P><STRONG><a name="[158]"></a>__rt_final_cpp</STRONG> (Thumb, 0 bytes, Stack size unknown bytes, entry10a.o(.ARM.Collect$$$$0000000F))

<P><STRONG><a name="[159]"></a>__rt_final_exit</STRONG> (Thumb, 0 bytes, Stack size unknown bytes, entry11a.o(.ARM.Collect$$$$00000011))

<P><STRONG><a name="[0]"></a>Reset_Handler</STRONG> (Thumb, 8 bytes, Stack size 0 bytes, startup_stm32f407xx.o(.text))
<BR>[Address Reference Count : 1]<UL><LI> startup_stm32f407xx.o(RESET)
</UL>
<P><STRONG><a name="[1c]"></a>ADC_IRQHandler</STRONG> (Thumb, 0 bytes, Stack size 0 bytes, startup_stm32f407xx.o(.text))
<BR><BR>[Calls]<UL><LI><a href="#[1c]">&gt;&gt;</a>&nbsp;&nbsp;&nbsp;ADC_IRQHandler
</UL>
<BR>[Called By]<UL><LI><a href="#[1c]">&gt;&gt;</a>&nbsp;&nbsp;&nbsp;ADC_IRQHandler
</UL>
<BR>[Address Reference Count : 1]<UL><LI> startup_stm32f407xx.o(RESET)
</UL>
<P><STRONG><a name="[1e]"></a>CAN1_RX0_IRQHandler</STRONG> (Thumb, 0 bytes, Stack size 0 bytes, startup_stm32f407xx.o(.text))
<BR>[Address Reference Count : 1]<UL><LI> startup_stm32f407xx.o(RESET)
</UL>
<P><STRONG><a name="[1f]"></a>CAN1_RX1_IRQHandler</STRONG> (Thumb, 0 bytes, Stack size 0 bytes, startup_stm32f407xx.o(.text))
<BR>[Address Reference Count : 1]<UL><LI> startup_stm32f407xx.o(RESET)
</UL>
<P><STRONG><a name="[20]"></a>CAN1_SCE_IRQHandler</STRONG> (Thumb, 0 bytes, Stack size 0 bytes, startup_stm32f407xx.o(.text))
<BR>[Address Reference Count : 1]<UL><LI> startup_stm32f407xx.o(RESET)
</UL>
<P><STRONG><a name="[1d]"></a>CAN1_TX_IRQHandler</STRONG> (Thumb, 0 bytes, Stack size 0 bytes, startup_stm32f407xx.o(.text))
<BR>[Address Reference Count : 1]<UL><LI> startup_stm32f407xx.o(RESET)
</UL>
<P><STRONG><a name="[4a]"></a>CAN2_RX0_IRQHandler</STRONG> (Thumb, 0 bytes, Stack size 0 bytes, startup_stm32f407xx.o(.text))
<BR>[Address Reference Count : 1]<UL><LI> startup_stm32f407xx.o(RESET)
</UL>
<P><STRONG><a name="[4b]"></a>CAN2_RX1_IRQHandler</STRONG> (Thumb, 0 bytes, Stack size 0 bytes, startup_stm32f407xx.o(.text))
<BR>[Address Reference Count : 1]<UL><LI> startup_stm32f407xx.o(RESET)
</UL>
<P><STRONG><a name="[4c]"></a>CAN2_SCE_IRQHandler</STRONG> (Thumb, 0 bytes, Stack size 0 bytes, startup_stm32f407xx.o(.text))
<BR>[Address Reference Count : 1]<UL><LI> startup_stm32f407xx.o(RESET)
</UL>
<P><STRONG><a name="[49]"></a>CAN2_TX_IRQHandler</STRONG> (Thumb, 0 bytes, Stack size 0 bytes, startup_stm32f407xx.o(.text))
<BR>[Address Reference Count : 1]<UL><LI> startup_stm32f407xx.o(RESET)
</UL>
<P><STRONG><a name="[58]"></a>DCMI_IRQHandler</STRONG> (Thumb, 0 bytes, Stack size 0 bytes, startup_stm32f407xx.o(.text))
<BR>[Address Reference Count : 1]<UL><LI> startup_stm32f407xx.o(RESET)
</UL>
<P><STRONG><a name="[15]"></a>DMA1_Stream0_IRQHandler</STRONG> (Thumb, 0 bytes, Stack size 0 bytes, startup_stm32f407xx.o(.text))
<BR>[Address Reference Count : 1]<UL><LI> startup_stm32f407xx.o(RESET)
</UL>
<P><STRONG><a name="[16]"></a>DMA1_Stream1_IRQHandler</STRONG> (Thumb, 0 bytes, Stack size 0 bytes, startup_stm32f407xx.o(.text))
<BR>[Address Reference Count : 1]<UL><LI> startup_stm32f407xx.o(RESET)
</UL>
<P><STRONG><a name="[17]"></a>DMA1_Stream2_IRQHandler</STRONG> (Thumb, 0 bytes, Stack size 0 bytes, startup_stm32f407xx.o(.text))
<BR>[Address Reference Count : 1]<UL><LI> startup_stm32f407xx.o(RESET)
</UL>
<P><STRONG><a name="[18]"></a>DMA1_Stream3_IRQHandler</STRONG> (Thumb, 0 bytes, Stack size 0 bytes, startup_stm32f407xx.o(.text))
<BR>[Address Reference Count : 1]<UL><LI> startup_stm32f407xx.o(RESET)
</UL>
<P><STRONG><a name="[19]"></a>DMA1_Stream4_IRQHandler</STRONG> (Thumb, 0 bytes, Stack size 0 bytes, startup_stm32f407xx.o(.text))
<BR>[Address Reference Count : 1]<UL><LI> startup_stm32f407xx.o(RESET)
</UL>
<P><STRONG><a name="[1a]"></a>DMA1_Stream5_IRQHandler</STRONG> (Thumb, 0 bytes, Stack size 0 bytes, startup_stm32f407xx.o(.text))
<BR>[Address Reference Count : 1]<UL><LI> startup_stm32f407xx.o(RESET)
</UL>
<P><STRONG><a name="[1b]"></a>DMA1_Stream6_IRQHandler</STRONG> (Thumb, 0 bytes, Stack size 0 bytes, startup_stm32f407xx.o(.text))
<BR>[Address Reference Count : 1]<UL><LI> startup_stm32f407xx.o(RESET)
</UL>
<P><STRONG><a name="[39]"></a>DMA1_Stream7_IRQHandler</STRONG> (Thumb, 0 bytes, Stack size 0 bytes, startup_stm32f407xx.o(.text))
<BR>[Address Reference Count : 1]<UL><LI> startup_stm32f407xx.o(RESET)
</UL>
<P><STRONG><a name="[42]"></a>DMA2_Stream0_IRQHandler</STRONG> (Thumb, 0 bytes, Stack size 0 bytes, startup_stm32f407xx.o(.text))
<BR>[Address Reference Count : 1]<UL><LI> startup_stm32f407xx.o(RESET)
</UL>
<P><STRONG><a name="[43]"></a>DMA2_Stream1_IRQHandler</STRONG> (Thumb, 0 bytes, Stack size 0 bytes, startup_stm32f407xx.o(.text))
<BR>[Address Reference Count : 1]<UL><LI> startup_stm32f407xx.o(RESET)
</UL>
<P><STRONG><a name="[44]"></a>DMA2_Stream2_IRQHandler</STRONG> (Thumb, 0 bytes, Stack size 0 bytes, startup_stm32f407xx.o(.text))
<BR>[Address Reference Count : 1]<UL><LI> startup_stm32f407xx.o(RESET)
</UL>
<P><STRONG><a name="[45]"></a>DMA2_Stream3_IRQHandler</STRONG> (Thumb, 0 bytes, Stack size 0 bytes, startup_stm32f407xx.o(.text))
<BR>[Address Reference Count : 1]<UL><LI> startup_stm32f407xx.o(RESET)
</UL>
<P><STRONG><a name="[46]"></a>DMA2_Stream4_IRQHandler</STRONG> (Thumb, 0 bytes, Stack size 0 bytes, startup_stm32f407xx.o(.text))
<BR>[Address Reference Count : 1]<UL><LI> startup_stm32f407xx.o(RESET)
</UL>
<P><STRONG><a name="[4e]"></a>DMA2_Stream5_IRQHandler</STRONG> (Thumb, 0 bytes, Stack size 0 bytes, startup_stm32f407xx.o(.text))
<BR>[Address Reference Count : 1]<UL><LI> startup_stm32f407xx.o(RESET)
</UL>
<P><STRONG><a name="[4f]"></a>DMA2_Stream6_IRQHandler</STRONG> (Thumb, 0 bytes, Stack size 0 bytes, startup_stm32f407xx.o(.text))
<BR>[Address Reference Count : 1]<UL><LI> startup_stm32f407xx.o(RESET)
</UL>
<P><STRONG><a name="[50]"></a>DMA2_Stream7_IRQHandler</STRONG> (Thumb, 0 bytes, Stack size 0 bytes, startup_stm32f407xx.o(.text))
<BR>[Address Reference Count : 1]<UL><LI> startup_stm32f407xx.o(RESET)
</UL>
<P><STRONG><a name="[47]"></a>ETH_IRQHandler</STRONG> (Thumb, 0 bytes, Stack size 0 bytes, startup_stm32f407xx.o(.text))
<BR>[Address Reference Count : 1]<UL><LI> startup_stm32f407xx.o(RESET)
</UL>
<P><STRONG><a name="[48]"></a>ETH_WKUP_IRQHandler</STRONG> (Thumb, 0 bytes, Stack size 0 bytes, startup_stm32f407xx.o(.text))
<BR>[Address Reference Count : 1]<UL><LI> startup_stm32f407xx.o(RESET)
</UL>
<P><STRONG><a name="[10]"></a>EXTI0_IRQHandler</STRONG> (Thumb, 0 bytes, Stack size 0 bytes, startup_stm32f407xx.o(.text))
<BR>[Address Reference Count : 1]<UL><LI> startup_stm32f407xx.o(RESET)
</UL>
<P><STRONG><a name="[32]"></a>EXTI15_10_IRQHandler</STRONG> (Thumb, 0 bytes, Stack size 0 bytes, startup_stm32f407xx.o(.text))
<BR>[Address Reference Count : 1]<UL><LI> startup_stm32f407xx.o(RESET)
</UL>
<P><STRONG><a name="[11]"></a>EXTI1_IRQHandler</STRONG> (Thumb, 0 bytes, Stack size 0 bytes, startup_stm32f407xx.o(.text))
<BR>[Address Reference Count : 1]<UL><LI> startup_stm32f407xx.o(RESET)
</UL>
<P><STRONG><a name="[12]"></a>EXTI2_IRQHandler</STRONG> (Thumb, 0 bytes, Stack size 0 bytes, startup_stm32f407xx.o(.text))
<BR>[Address Reference Count : 1]<UL><LI> startup_stm32f407xx.o(RESET)
</UL>
<P><STRONG><a name="[13]"></a>EXTI3_IRQHandler</STRONG> (Thumb, 0 bytes, Stack size 0 bytes, startup_stm32f407xx.o(.text))
<BR>[Address Reference Count : 1]<UL><LI> startup_stm32f407xx.o(RESET)
</UL>
<P><STRONG><a name="[14]"></a>EXTI4_IRQHandler</STRONG> (Thumb, 0 bytes, Stack size 0 bytes, startup_stm32f407xx.o(.text))
<BR>[Address Reference Count : 1]<UL><LI> startup_stm32f407xx.o(RESET)
</UL>
<P><STRONG><a name="[21]"></a>EXTI9_5_IRQHandler</STRONG> (Thumb, 0 bytes, Stack size 0 bytes, startup_stm32f407xx.o(.text))
<BR>[Address Reference Count : 1]<UL><LI> startup_stm32f407xx.o(RESET)
</UL>
<P><STRONG><a name="[e]"></a>FLASH_IRQHandler</STRONG> (Thumb, 0 bytes, Stack size 0 bytes, startup_stm32f407xx.o(.text))
<BR>[Address Reference Count : 1]<UL><LI> startup_stm32f407xx.o(RESET)
</UL>
<P><STRONG><a name="[3a]"></a>FMC_IRQHandler</STRONG> (Thumb, 0 bytes, Stack size 0 bytes, startup_stm32f407xx.o(.text))
<BR>[Address Reference Count : 1]<UL><LI> startup_stm32f407xx.o(RESET)
</UL>
<P><STRONG><a name="[5a]"></a>FPU_IRQHandler</STRONG> (Thumb, 0 bytes, Stack size 0 bytes, startup_stm32f407xx.o(.text))
<BR>[Address Reference Count : 1]<UL><LI> startup_stm32f407xx.o(RESET)
</UL>
<P><STRONG><a name="[59]"></a>HASH_RNG_IRQHandler</STRONG> (Thumb, 0 bytes, Stack size 0 bytes, startup_stm32f407xx.o(.text))
<BR>[Address Reference Count : 1]<UL><LI> startup_stm32f407xx.o(RESET)
</UL>
<P><STRONG><a name="[2a]"></a>I2C1_ER_IRQHandler</STRONG> (Thumb, 0 bytes, Stack size 0 bytes, startup_stm32f407xx.o(.text))
<BR>[Address Reference Count : 1]<UL><LI> startup_stm32f407xx.o(RESET)
</UL>
<P><STRONG><a name="[29]"></a>I2C1_EV_IRQHandler</STRONG> (Thumb, 0 bytes, Stack size 0 bytes, startup_stm32f407xx.o(.text))
<BR>[Address Reference Count : 1]<UL><LI> startup_stm32f407xx.o(RESET)
</UL>
<P><STRONG><a name="[2c]"></a>I2C2_ER_IRQHandler</STRONG> (Thumb, 0 bytes, Stack size 0 bytes, startup_stm32f407xx.o(.text))
<BR>[Address Reference Count : 1]<UL><LI> startup_stm32f407xx.o(RESET)
</UL>
<P><STRONG><a name="[2b]"></a>I2C2_EV_IRQHandler</STRONG> (Thumb, 0 bytes, Stack size 0 bytes, startup_stm32f407xx.o(.text))
<BR>[Address Reference Count : 1]<UL><LI> startup_stm32f407xx.o(RESET)
</UL>
<P><STRONG><a name="[53]"></a>I2C3_ER_IRQHandler</STRONG> (Thumb, 0 bytes, Stack size 0 bytes, startup_stm32f407xx.o(.text))
<BR>[Address Reference Count : 1]<UL><LI> startup_stm32f407xx.o(RESET)
</UL>
<P><STRONG><a name="[52]"></a>I2C3_EV_IRQHandler</STRONG> (Thumb, 0 bytes, Stack size 0 bytes, startup_stm32f407xx.o(.text))
<BR>[Address Reference Count : 1]<UL><LI> startup_stm32f407xx.o(RESET)
</UL>
<P><STRONG><a name="[4d]"></a>OTG_FS_IRQHandler</STRONG> (Thumb, 0 bytes, Stack size 0 bytes, startup_stm32f407xx.o(.text))
<BR>[Address Reference Count : 1]<UL><LI> startup_stm32f407xx.o(RESET)
</UL>
<P><STRONG><a name="[34]"></a>OTG_FS_WKUP_IRQHandler</STRONG> (Thumb, 0 bytes, Stack size 0 bytes, startup_stm32f407xx.o(.text))
<BR>[Address Reference Count : 1]<UL><LI> startup_stm32f407xx.o(RESET)
</UL>
<P><STRONG><a name="[55]"></a>OTG_HS_EP1_IN_IRQHandler</STRONG> (Thumb, 0 bytes, Stack size 0 bytes, startup_stm32f407xx.o(.text))
<BR>[Address Reference Count : 1]<UL><LI> startup_stm32f407xx.o(RESET)
</UL>
<P><STRONG><a name="[54]"></a>OTG_HS_EP1_OUT_IRQHandler</STRONG> (Thumb, 0 bytes, Stack size 0 bytes, startup_stm32f407xx.o(.text))
<BR>[Address Reference Count : 1]<UL><LI> startup_stm32f407xx.o(RESET)
</UL>
<P><STRONG><a name="[57]"></a>OTG_HS_IRQHandler</STRONG> (Thumb, 0 bytes, Stack size 0 bytes, startup_stm32f407xx.o(.text))
<BR>[Address Reference Count : 1]<UL><LI> startup_stm32f407xx.o(RESET)
</UL>
<P><STRONG><a name="[56]"></a>OTG_HS_WKUP_IRQHandler</STRONG> (Thumb, 0 bytes, Stack size 0 bytes, startup_stm32f407xx.o(.text))
<BR>[Address Reference Count : 1]<UL><LI> startup_stm32f407xx.o(RESET)
</UL>
<P><STRONG><a name="[b]"></a>PVD_IRQHandler</STRONG> (Thumb, 0 bytes, Stack size 0 bytes, startup_stm32f407xx.o(.text))
<BR>[Address Reference Count : 1]<UL><LI> startup_stm32f407xx.o(RESET)
</UL>
<P><STRONG><a name="[f]"></a>RCC_IRQHandler</STRONG> (Thumb, 0 bytes, Stack size 0 bytes, startup_stm32f407xx.o(.text))
<BR>[Address Reference Count : 1]<UL><LI> startup_stm32f407xx.o(RESET)
</UL>
<P><STRONG><a name="[33]"></a>RTC_Alarm_IRQHandler</STRONG> (Thumb, 0 bytes, Stack size 0 bytes, startup_stm32f407xx.o(.text))
<BR>[Address Reference Count : 1]<UL><LI> startup_stm32f407xx.o(RESET)
</UL>
<P><STRONG><a name="[d]"></a>RTC_WKUP_IRQHandler</STRONG> (Thumb, 0 bytes, Stack size 0 bytes, startup_stm32f407xx.o(.text))
<BR>[Address Reference Count : 1]<UL><LI> startup_stm32f407xx.o(RESET)
</UL>
<P><STRONG><a name="[3b]"></a>SDIO_IRQHandler</STRONG> (Thumb, 0 bytes, Stack size 0 bytes, startup_stm32f407xx.o(.text))
<BR>[Address Reference Count : 1]<UL><LI> startup_stm32f407xx.o(RESET)
</UL>
<P><STRONG><a name="[2d]"></a>SPI1_IRQHandler</STRONG> (Thumb, 0 bytes, Stack size 0 bytes, startup_stm32f407xx.o(.text))
<BR>[Address Reference Count : 1]<UL><LI> startup_stm32f407xx.o(RESET)
</UL>
<P><STRONG><a name="[2e]"></a>SPI2_IRQHandler</STRONG> (Thumb, 0 bytes, Stack size 0 bytes, startup_stm32f407xx.o(.text))
<BR>[Address Reference Count : 1]<UL><LI> startup_stm32f407xx.o(RESET)
</UL>
<P><STRONG><a name="[3d]"></a>SPI3_IRQHandler</STRONG> (Thumb, 0 bytes, Stack size 0 bytes, startup_stm32f407xx.o(.text))
<BR>[Address Reference Count : 1]<UL><LI> startup_stm32f407xx.o(RESET)
</UL>
<P><STRONG><a name="[c]"></a>TAMP_STAMP_IRQHandler</STRONG> (Thumb, 0 bytes, Stack size 0 bytes, startup_stm32f407xx.o(.text))
<BR>[Address Reference Count : 1]<UL><LI> startup_stm32f407xx.o(RESET)
</UL>
<P><STRONG><a name="[22]"></a>TIM1_BRK_TIM9_IRQHandler</STRONG> (Thumb, 0 bytes, Stack size 0 bytes, startup_stm32f407xx.o(.text))
<BR>[Address Reference Count : 1]<UL><LI> startup_stm32f407xx.o(RESET)
</UL>
<P><STRONG><a name="[25]"></a>TIM1_CC_IRQHandler</STRONG> (Thumb, 0 bytes, Stack size 0 bytes, startup_stm32f407xx.o(.text))
<BR>[Address Reference Count : 1]<UL><LI> startup_stm32f407xx.o(RESET)
</UL>
<P><STRONG><a name="[24]"></a>TIM1_TRG_COM_TIM11_IRQHandler</STRONG> (Thumb, 0 bytes, Stack size 0 bytes, startup_stm32f407xx.o(.text))
<BR>[Address Reference Count : 1]<UL><LI> startup_stm32f407xx.o(RESET)
</UL>
<P><STRONG><a name="[23]"></a>TIM1_UP_TIM10_IRQHandler</STRONG> (Thumb, 0 bytes, Stack size 0 bytes, startup_stm32f407xx.o(.text))
<BR>[Address Reference Count : 1]<UL><LI> startup_stm32f407xx.o(RESET)
</UL>
<P><STRONG><a name="[26]"></a>TIM2_IRQHandler</STRONG> (Thumb, 0 bytes, Stack size 0 bytes, startup_stm32f407xx.o(.text))
<BR>[Address Reference Count : 1]<UL><LI> startup_stm32f407xx.o(RESET)
</UL>
<P><STRONG><a name="[27]"></a>TIM3_IRQHandler</STRONG> (Thumb, 0 bytes, Stack size 0 bytes, startup_stm32f407xx.o(.text))
<BR>[Address Reference Count : 1]<UL><LI> startup_stm32f407xx.o(RESET)
</UL>
<P><STRONG><a name="[28]"></a>TIM4_IRQHandler</STRONG> (Thumb, 0 bytes, Stack size 0 bytes, startup_stm32f407xx.o(.text))
<BR>[Address Reference Count : 1]<UL><LI> startup_stm32f407xx.o(RESET)
</UL>
<P><STRONG><a name="[3c]"></a>TIM5_IRQHandler</STRONG> (Thumb, 0 bytes, Stack size 0 bytes, startup_stm32f407xx.o(.text))
<BR>[Address Reference Count : 1]<UL><LI> startup_stm32f407xx.o(RESET)
</UL>
<P><STRONG><a name="[40]"></a>TIM6_DAC_IRQHandler</STRONG> (Thumb, 0 bytes, Stack size 0 bytes, startup_stm32f407xx.o(.text))
<BR>[Address Reference Count : 1]<UL><LI> startup_stm32f407xx.o(RESET)
</UL>
<P><STRONG><a name="[35]"></a>TIM8_BRK_TIM12_IRQHandler</STRONG> (Thumb, 0 bytes, Stack size 0 bytes, startup_stm32f407xx.o(.text))
<BR>[Address Reference Count : 1]<UL><LI> startup_stm32f407xx.o(RESET)
</UL>
<P><STRONG><a name="[38]"></a>TIM8_CC_IRQHandler</STRONG> (Thumb, 0 bytes, Stack size 0 bytes, startup_stm32f407xx.o(.text))
<BR>[Address Reference Count : 1]<UL><LI> startup_stm32f407xx.o(RESET)
</UL>
<P><STRONG><a name="[37]"></a>TIM8_TRG_COM_TIM14_IRQHandler</STRONG> (Thumb, 0 bytes, Stack size 0 bytes, startup_stm32f407xx.o(.text))
<BR>[Address Reference Count : 1]<UL><LI> startup_stm32f407xx.o(RESET)
</UL>
<P><STRONG><a name="[36]"></a>TIM8_UP_TIM13_IRQHandler</STRONG> (Thumb, 0 bytes, Stack size 0 bytes, startup_stm32f407xx.o(.text))
<BR>[Address Reference Count : 1]<UL><LI> startup_stm32f407xx.o(RESET)
</UL>
<P><STRONG><a name="[3e]"></a>UART4_IRQHandler</STRONG> (Thumb, 0 bytes, Stack size 0 bytes, startup_stm32f407xx.o(.text))
<BR>[Address Reference Count : 1]<UL><LI> startup_stm32f407xx.o(RESET)
</UL>
<P><STRONG><a name="[3f]"></a>UART5_IRQHandler</STRONG> (Thumb, 0 bytes, Stack size 0 bytes, startup_stm32f407xx.o(.text))
<BR>[Address Reference Count : 1]<UL><LI> startup_stm32f407xx.o(RESET)
</UL>
<P><STRONG><a name="[2f]"></a>USART1_IRQHandler</STRONG> (Thumb, 0 bytes, Stack size 0 bytes, startup_stm32f407xx.o(.text))
<BR>[Address Reference Count : 1]<UL><LI> startup_stm32f407xx.o(RESET)
</UL>
<P><STRONG><a name="[30]"></a>USART2_IRQHandler</STRONG> (Thumb, 0 bytes, Stack size 0 bytes, startup_stm32f407xx.o(.text))
<BR>[Address Reference Count : 1]<UL><LI> startup_stm32f407xx.o(RESET)
</UL>
<P><STRONG><a name="[31]"></a>USART3_IRQHandler</STRONG> (Thumb, 0 bytes, Stack size 0 bytes, startup_stm32f407xx.o(.text))
<BR>[Address Reference Count : 1]<UL><LI> startup_stm32f407xx.o(RESET)
</UL>
<P><STRONG><a name="[51]"></a>USART6_IRQHandler</STRONG> (Thumb, 0 bytes, Stack size 0 bytes, startup_stm32f407xx.o(.text))
<BR>[Address Reference Count : 1]<UL><LI> startup_stm32f407xx.o(RESET)
</UL>
<P><STRONG><a name="[a]"></a>WWDG_IRQHandler</STRONG> (Thumb, 0 bytes, Stack size 0 bytes, startup_stm32f407xx.o(.text))
<BR>[Address Reference Count : 1]<UL><LI> startup_stm32f407xx.o(RESET)
</UL>
<P><STRONG><a name="[ae]"></a>HalStartToRun</STRONG> (Thumb, 0 bytes, Stack size unknown bytes, los_dispatch.o(.text))
<BR><BR>[Called By]<UL><LI><a href="#[ac]">&gt;&gt;</a>&nbsp;&nbsp;&nbsp;HalStartSchedule
</UL>

<P><STRONG><a name="[aa]"></a>HalIntLock</STRONG> (Thumb, 0 bytes, Stack size unknown bytes, los_dispatch.o(.text))
<BR><BR>[Called By]<UL><LI><a href="#[e7]">&gt;&gt;</a>&nbsp;&nbsp;&nbsp;LOS_TaskCreate
<LI><a href="#[10d]">&gt;&gt;</a>&nbsp;&nbsp;&nbsp;OsDoExcHook
<LI><a href="#[5f]">&gt;&gt;</a>&nbsp;&nbsp;&nbsp;HalSysExit
<LI><a href="#[ac]">&gt;&gt;</a>&nbsp;&nbsp;&nbsp;HalStartSchedule
<LI><a href="#[b3]">&gt;&gt;</a>&nbsp;&nbsp;&nbsp;LOS_EventDestroy
<LI><a href="#[10f]">&gt;&gt;</a>&nbsp;&nbsp;&nbsp;OsGetNextExpireTime
<LI><a href="#[10a]">&gt;&gt;</a>&nbsp;&nbsp;&nbsp;OsDeleteSortLink
<LI><a href="#[106]">&gt;&gt;</a>&nbsp;&nbsp;&nbsp;OsAdd2SortLink
<LI><a href="#[a9]">&gt;&gt;</a>&nbsp;&nbsp;&nbsp;HalGetTickCycle
<LI><a href="#[e9]">&gt;&gt;</a>&nbsp;&nbsp;&nbsp;OsSchedTaskEnQueue
<LI><a href="#[ad]">&gt;&gt;</a>&nbsp;&nbsp;&nbsp;OsSchedStart
<LI><a href="#[f9]">&gt;&gt;</a>&nbsp;&nbsp;&nbsp;OsGetCurrSysTimeCycle
<LI><a href="#[df]">&gt;&gt;</a>&nbsp;&nbsp;&nbsp;LOS_SchedTickHandler
<LI><a href="#[e3]">&gt;&gt;</a>&nbsp;&nbsp;&nbsp;OsTimeSliceUpdate
<LI><a href="#[c6]">&gt;&gt;</a>&nbsp;&nbsp;&nbsp;LOS_MemFree
<LI><a href="#[dc]">&gt;&gt;</a>&nbsp;&nbsp;&nbsp;OsQueueOperate
<LI><a href="#[d7]">&gt;&gt;</a>&nbsp;&nbsp;&nbsp;LOS_QueueCreate
<LI><a href="#[c3]">&gt;&gt;</a>&nbsp;&nbsp;&nbsp;LOS_MemAlloc
<LI><a href="#[c4]">&gt;&gt;</a>&nbsp;&nbsp;&nbsp;OsMemAlloc
<LI><a href="#[ca]">&gt;&gt;</a>&nbsp;&nbsp;&nbsp;OsAllMemNodeDoHandle
<LI><a href="#[c5]">&gt;&gt;</a>&nbsp;&nbsp;&nbsp;LOS_MemAllocAlign
<LI><a href="#[ef]">&gt;&gt;</a>&nbsp;&nbsp;&nbsp;LOS_TaskYield
<LI><a href="#[f1]">&gt;&gt;</a>&nbsp;&nbsp;&nbsp;LOS_TaskDelete
<LI><a href="#[d4]">&gt;&gt;</a>&nbsp;&nbsp;&nbsp;LOS_TaskDelay
<LI><a href="#[e8]">&gt;&gt;</a>&nbsp;&nbsp;&nbsp;LOS_TaskCreateOnly
<LI><a href="#[eb]">&gt;&gt;</a>&nbsp;&nbsp;&nbsp;OsRecyleFinishedTask
<LI><a href="#[cf]">&gt;&gt;</a>&nbsp;&nbsp;&nbsp;LOS_MemIntegrityCheck
<LI><a href="#[c9]">&gt;&gt;</a>&nbsp;&nbsp;&nbsp;LOS_MemInfoGet
</UL>

<P><STRONG><a name="[15a]"></a>HalIntUnLock</STRONG> (Thumb, 0 bytes, Stack size unknown bytes, los_dispatch.o(.text), UNUSED)

<P><STRONG><a name="[ab]"></a>HalIntRestore</STRONG> (Thumb, 0 bytes, Stack size unknown bytes, los_dispatch.o(.text))
<BR><BR>[Called By]<UL><LI><a href="#[e7]">&gt;&gt;</a>&nbsp;&nbsp;&nbsp;LOS_TaskCreate
<LI><a href="#[10d]">&gt;&gt;</a>&nbsp;&nbsp;&nbsp;OsDoExcHook
<LI><a href="#[b3]">&gt;&gt;</a>&nbsp;&nbsp;&nbsp;LOS_EventDestroy
<LI><a href="#[10f]">&gt;&gt;</a>&nbsp;&nbsp;&nbsp;OsGetNextExpireTime
<LI><a href="#[10a]">&gt;&gt;</a>&nbsp;&nbsp;&nbsp;OsDeleteSortLink
<LI><a href="#[106]">&gt;&gt;</a>&nbsp;&nbsp;&nbsp;OsAdd2SortLink
<LI><a href="#[a9]">&gt;&gt;</a>&nbsp;&nbsp;&nbsp;HalGetTickCycle
<LI><a href="#[f9]">&gt;&gt;</a>&nbsp;&nbsp;&nbsp;OsGetCurrSysTimeCycle
<LI><a href="#[df]">&gt;&gt;</a>&nbsp;&nbsp;&nbsp;LOS_SchedTickHandler
<LI><a href="#[c6]">&gt;&gt;</a>&nbsp;&nbsp;&nbsp;LOS_MemFree
<LI><a href="#[dc]">&gt;&gt;</a>&nbsp;&nbsp;&nbsp;OsQueueOperate
<LI><a href="#[d7]">&gt;&gt;</a>&nbsp;&nbsp;&nbsp;LOS_QueueCreate
<LI><a href="#[c3]">&gt;&gt;</a>&nbsp;&nbsp;&nbsp;LOS_MemAlloc
<LI><a href="#[d1]">&gt;&gt;</a>&nbsp;&nbsp;&nbsp;OsMemIntegrityCheckError
<LI><a href="#[c4]">&gt;&gt;</a>&nbsp;&nbsp;&nbsp;OsMemAlloc
<LI><a href="#[ca]">&gt;&gt;</a>&nbsp;&nbsp;&nbsp;OsAllMemNodeDoHandle
<LI><a href="#[c5]">&gt;&gt;</a>&nbsp;&nbsp;&nbsp;LOS_MemAllocAlign
<LI><a href="#[ef]">&gt;&gt;</a>&nbsp;&nbsp;&nbsp;LOS_TaskYield
<LI><a href="#[f1]">&gt;&gt;</a>&nbsp;&nbsp;&nbsp;LOS_TaskDelete
<LI><a href="#[d4]">&gt;&gt;</a>&nbsp;&nbsp;&nbsp;LOS_TaskDelay
<LI><a href="#[e8]">&gt;&gt;</a>&nbsp;&nbsp;&nbsp;LOS_TaskCreateOnly
<LI><a href="#[eb]">&gt;&gt;</a>&nbsp;&nbsp;&nbsp;OsRecyleFinishedTask
<LI><a href="#[cf]">&gt;&gt;</a>&nbsp;&nbsp;&nbsp;LOS_MemIntegrityCheck
<LI><a href="#[c9]">&gt;&gt;</a>&nbsp;&nbsp;&nbsp;LOS_MemInfoGet
</UL>

<P><STRONG><a name="[e2]"></a>HalTaskSchedule</STRONG> (Thumb, 0 bytes, Stack size unknown bytes, los_dispatch.o(.text))
<BR><BR>[Called By]<UL><LI><a href="#[e5]">&gt;&gt;</a>&nbsp;&nbsp;&nbsp;LOS_Schedule
<LI><a href="#[df]">&gt;&gt;</a>&nbsp;&nbsp;&nbsp;LOS_SchedTickHandler
</UL>

<P><STRONG><a name="[8]"></a>HalPendSV</STRONG> (Thumb, 0 bytes, Stack size unknown bytes, los_dispatch.o(.text))
<BR>[Address Reference Count : 1]<UL><LI> startup_stm32f407xx.o(RESET)
</UL>
<P><STRONG><a name="[6a]"></a>__aeabi_uldivmod</STRONG> (Thumb, 98 bytes, Stack size 40 bytes, uldiv.o(.text))
<BR><BR>[Stack]<UL><LI>Max Depth = 40<LI>Call Chain = __aeabi_uldivmod
</UL>
<BR>[Calls]<UL><LI><a href="#[6b]">&gt;&gt;</a>&nbsp;&nbsp;&nbsp;__aeabi_llsr
<LI><a href="#[6c]">&gt;&gt;</a>&nbsp;&nbsp;&nbsp;__aeabi_llsl
</UL>
<BR>[Called By]<UL><LI><a href="#[92]">&gt;&gt;</a>&nbsp;&nbsp;&nbsp;HAL_RCC_GetSysClockFreq
<LI><a href="#[a3]">&gt;&gt;</a>&nbsp;&nbsp;&nbsp;UART_SetConfig
<LI><a href="#[14c]">&gt;&gt;</a>&nbsp;&nbsp;&nbsp;_printf_core
<LI><a href="#[14d]">&gt;&gt;</a>&nbsp;&nbsp;&nbsp;_fp_digits
<LI><a href="#[c2]">&gt;&gt;</a>&nbsp;&nbsp;&nbsp;LOS_MS2Tick
<LI><a href="#[f8]">&gt;&gt;</a>&nbsp;&nbsp;&nbsp;LOS_TickCountGet
<LI><a href="#[64]">&gt;&gt;</a>&nbsp;&nbsp;&nbsp;OsSwtmrTask
</UL>

<P><STRONG><a name="[152]"></a>__aeabi_memcpy</STRONG> (Thumb, 36 bytes, Stack size 0 bytes, memcpya.o(.text))
<BR><BR>[Called By]<UL><LI><a href="#[129]">&gt;&gt;</a>&nbsp;&nbsp;&nbsp;memcpy_s
</UL>

<P><STRONG><a name="[15b]"></a>__aeabi_memcpy4</STRONG> (Thumb, 0 bytes, Stack size 0 bytes, memcpya.o(.text), UNUSED)

<P><STRONG><a name="[15c]"></a>__aeabi_memcpy8</STRONG> (Thumb, 0 bytes, Stack size 0 bytes, memcpya.o(.text), UNUSED)

<P><STRONG><a name="[6e]"></a>__aeabi_memset</STRONG> (Thumb, 14 bytes, Stack size 0 bytes, memseta.o(.text))
<BR><BR>[Called By]<UL><LI><a href="#[b0]">&gt;&gt;</a>&nbsp;&nbsp;&nbsp;memset_s
<LI><a href="#[6f]">&gt;&gt;</a>&nbsp;&nbsp;&nbsp;_memset$wrapper
<LI><a href="#[6d]">&gt;&gt;</a>&nbsp;&nbsp;&nbsp;__aeabi_memclr
<LI><a href="#[148]">&gt;&gt;</a>&nbsp;&nbsp;&nbsp;SecMemsetError
</UL>

<P><STRONG><a name="[15d]"></a>__aeabi_memset4</STRONG> (Thumb, 0 bytes, Stack size 0 bytes, memseta.o(.text), UNUSED)

<P><STRONG><a name="[15e]"></a>__aeabi_memset8</STRONG> (Thumb, 0 bytes, Stack size 0 bytes, memseta.o(.text), UNUSED)

<P><STRONG><a name="[6d]"></a>__aeabi_memclr</STRONG> (Thumb, 4 bytes, Stack size 0 bytes, memseta.o(.text))
<BR><BR>[Calls]<UL><LI><a href="#[6e]">&gt;&gt;</a>&nbsp;&nbsp;&nbsp;__aeabi_memset
</UL>
<BR>[Called By]<UL><LI><a href="#[147]">&gt;&gt;</a>&nbsp;&nbsp;&nbsp;SecMemcpyError
</UL>

<P><STRONG><a name="[84]"></a>__aeabi_memclr4</STRONG> (Thumb, 0 bytes, Stack size 0 bytes, memseta.o(.text))
<BR><BR>[Called By]<UL><LI><a href="#[a2]">&gt;&gt;</a>&nbsp;&nbsp;&nbsp;HAL_UART_MspInit
<LI><a href="#[7d]">&gt;&gt;</a>&nbsp;&nbsp;&nbsp;HAL_I2C_MspInit
<LI><a href="#[fa]">&gt;&gt;</a>&nbsp;&nbsp;&nbsp;MX_GPIO_Init
<LI><a href="#[5b]">&gt;&gt;</a>&nbsp;&nbsp;&nbsp;main
<LI><a href="#[149]">&gt;&gt;</a>&nbsp;&nbsp;&nbsp;SystemClock_Config
<LI><a href="#[118]">&gt;&gt;</a>&nbsp;&nbsp;&nbsp;OsMemInfoPrint
</UL>

<P><STRONG><a name="[15f]"></a>__aeabi_memclr8</STRONG> (Thumb, 0 bytes, Stack size 0 bytes, memseta.o(.text), UNUSED)

<P><STRONG><a name="[6f]"></a>_memset$wrapper</STRONG> (Thumb, 18 bytes, Stack size 8 bytes, memseta.o(.text), UNUSED)
<BR><BR>[Calls]<UL><LI><a href="#[6e]">&gt;&gt;</a>&nbsp;&nbsp;&nbsp;__aeabi_memset
</UL>

<P><STRONG><a name="[70]"></a>__aeabi_ddiv</STRONG> (Thumb, 222 bytes, Stack size 32 bytes, ddiv.o(.text), UNUSED)
<BR><BR>[Calls]<UL><LI><a href="#[71]">&gt;&gt;</a>&nbsp;&nbsp;&nbsp;_double_round
</UL>
<BR>[Called By]<UL><LI><a href="#[14d]">&gt;&gt;</a>&nbsp;&nbsp;&nbsp;_fp_digits
</UL>

<P><STRONG><a name="[72]"></a>__aeabi_d2ulz</STRONG> (Thumb, 48 bytes, Stack size 0 bytes, dfixul.o(.text), UNUSED)
<BR><BR>[Calls]<UL><LI><a href="#[6b]">&gt;&gt;</a>&nbsp;&nbsp;&nbsp;__aeabi_llsr
<LI><a href="#[6c]">&gt;&gt;</a>&nbsp;&nbsp;&nbsp;__aeabi_llsl
</UL>
<BR>[Called By]<UL><LI><a href="#[14d]">&gt;&gt;</a>&nbsp;&nbsp;&nbsp;_fp_digits
</UL>

<P><STRONG><a name="[160]"></a>__aeabi_uidiv</STRONG> (Thumb, 0 bytes, Stack size 12 bytes, uidiv.o(.text), UNUSED)

<P><STRONG><a name="[151]"></a>__aeabi_uidivmod</STRONG> (Thumb, 44 bytes, Stack size 12 bytes, uidiv.o(.text), UNUSED)
<BR><BR>[Called By]<UL><LI><a href="#[14c]">&gt;&gt;</a>&nbsp;&nbsp;&nbsp;_printf_core
</UL>

<P><STRONG><a name="[6c]"></a>__aeabi_llsl</STRONG> (Thumb, 30 bytes, Stack size 0 bytes, llshl.o(.text))
<BR><BR>[Called By]<UL><LI><a href="#[73]">&gt;&gt;</a>&nbsp;&nbsp;&nbsp;_double_epilogue
<LI><a href="#[74]">&gt;&gt;</a>&nbsp;&nbsp;&nbsp;__aeabi_dadd
<LI><a href="#[72]">&gt;&gt;</a>&nbsp;&nbsp;&nbsp;__aeabi_d2ulz
<LI><a href="#[6a]">&gt;&gt;</a>&nbsp;&nbsp;&nbsp;__aeabi_uldivmod
</UL>

<P><STRONG><a name="[161]"></a>_ll_shift_l</STRONG> (Thumb, 0 bytes, Stack size 0 bytes, llshl.o(.text), UNUSED)

<P><STRONG><a name="[6b]"></a>__aeabi_llsr</STRONG> (Thumb, 32 bytes, Stack size 0 bytes, llushr.o(.text))
<BR><BR>[Called By]<UL><LI><a href="#[73]">&gt;&gt;</a>&nbsp;&nbsp;&nbsp;_double_epilogue
<LI><a href="#[72]">&gt;&gt;</a>&nbsp;&nbsp;&nbsp;__aeabi_d2ulz
<LI><a href="#[6a]">&gt;&gt;</a>&nbsp;&nbsp;&nbsp;__aeabi_uldivmod
</UL>

<P><STRONG><a name="[162]"></a>_ll_ushift_r</STRONG> (Thumb, 0 bytes, Stack size 0 bytes, llushr.o(.text), UNUSED)

<P><STRONG><a name="[163]"></a>__I$use$fp</STRONG> (Thumb, 0 bytes, Stack size 8 bytes, iusefp.o(.text), UNUSED)

<P><STRONG><a name="[71]"></a>_double_round</STRONG> (Thumb, 30 bytes, Stack size 8 bytes, depilogue.o(.text), UNUSED)
<BR><BR>[Called By]<UL><LI><a href="#[73]">&gt;&gt;</a>&nbsp;&nbsp;&nbsp;_double_epilogue
<LI><a href="#[74]">&gt;&gt;</a>&nbsp;&nbsp;&nbsp;__aeabi_dadd
<LI><a href="#[70]">&gt;&gt;</a>&nbsp;&nbsp;&nbsp;__aeabi_ddiv
</UL>

<P><STRONG><a name="[73]"></a>_double_epilogue</STRONG> (Thumb, 156 bytes, Stack size 32 bytes, depilogue.o(.text), UNUSED)
<BR><BR>[Calls]<UL><LI><a href="#[6b]">&gt;&gt;</a>&nbsp;&nbsp;&nbsp;__aeabi_llsr
<LI><a href="#[6c]">&gt;&gt;</a>&nbsp;&nbsp;&nbsp;__aeabi_llsl
<LI><a href="#[71]">&gt;&gt;</a>&nbsp;&nbsp;&nbsp;_double_round
</UL>
<BR>[Called By]<UL><LI><a href="#[78]">&gt;&gt;</a>&nbsp;&nbsp;&nbsp;__aeabi_dmul
<LI><a href="#[74]">&gt;&gt;</a>&nbsp;&nbsp;&nbsp;__aeabi_dadd
</UL>

<P><STRONG><a name="[74]"></a>__aeabi_dadd</STRONG> (Thumb, 322 bytes, Stack size 48 bytes, dadd.o(.text), UNUSED)
<BR><BR>[Calls]<UL><LI><a href="#[75]">&gt;&gt;</a>&nbsp;&nbsp;&nbsp;__aeabi_lasr
<LI><a href="#[6c]">&gt;&gt;</a>&nbsp;&nbsp;&nbsp;__aeabi_llsl
<LI><a href="#[73]">&gt;&gt;</a>&nbsp;&nbsp;&nbsp;_double_epilogue
<LI><a href="#[71]">&gt;&gt;</a>&nbsp;&nbsp;&nbsp;_double_round
</UL>
<BR>[Called By]<UL><LI><a href="#[77]">&gt;&gt;</a>&nbsp;&nbsp;&nbsp;__aeabi_drsub
<LI><a href="#[76]">&gt;&gt;</a>&nbsp;&nbsp;&nbsp;__aeabi_dsub
<LI><a href="#[14d]">&gt;&gt;</a>&nbsp;&nbsp;&nbsp;_fp_digits
</UL>

<P><STRONG><a name="[76]"></a>__aeabi_dsub</STRONG> (Thumb, 6 bytes, Stack size 0 bytes, dadd.o(.text), UNUSED)
<BR><BR>[Calls]<UL><LI><a href="#[74]">&gt;&gt;</a>&nbsp;&nbsp;&nbsp;__aeabi_dadd
</UL>

<P><STRONG><a name="[77]"></a>__aeabi_drsub</STRONG> (Thumb, 6 bytes, Stack size 0 bytes, dadd.o(.text), UNUSED)
<BR><BR>[Calls]<UL><LI><a href="#[74]">&gt;&gt;</a>&nbsp;&nbsp;&nbsp;__aeabi_dadd
</UL>

<P><STRONG><a name="[78]"></a>__aeabi_dmul</STRONG> (Thumb, 228 bytes, Stack size 48 bytes, dmul.o(.text), UNUSED)
<BR><BR>[Calls]<UL><LI><a href="#[73]">&gt;&gt;</a>&nbsp;&nbsp;&nbsp;_double_epilogue
</UL>
<BR>[Called By]<UL><LI><a href="#[14d]">&gt;&gt;</a>&nbsp;&nbsp;&nbsp;_fp_digits
</UL>

<P><STRONG><a name="[14e]"></a>__aeabi_cdrcmple</STRONG> (Thumb, 48 bytes, Stack size 0 bytes, cdrcmple.o(.text), UNUSED)
<BR><BR>[Called By]<UL><LI><a href="#[14d]">&gt;&gt;</a>&nbsp;&nbsp;&nbsp;_fp_digits
</UL>

<P><STRONG><a name="[69]"></a>__scatterload</STRONG> (Thumb, 28 bytes, Stack size 0 bytes, init.o(.text))
<BR><BR>[Calls]<UL><LI><a href="#[79]">&gt;&gt;</a>&nbsp;&nbsp;&nbsp;__main_after_scatterload
</UL>
<BR>[Called By]<UL><LI><a href="#[68]">&gt;&gt;</a>&nbsp;&nbsp;&nbsp;_main_scatterload
</UL>

<P><STRONG><a name="[164]"></a>__scatterload_rt2</STRONG> (Thumb, 0 bytes, Stack size 0 bytes, init.o(.text), UNUSED)

<P><STRONG><a name="[75]"></a>__aeabi_lasr</STRONG> (Thumb, 36 bytes, Stack size 0 bytes, llsshr.o(.text), UNUSED)
<BR><BR>[Called By]<UL><LI><a href="#[74]">&gt;&gt;</a>&nbsp;&nbsp;&nbsp;__aeabi_dadd
</UL>

<P><STRONG><a name="[165]"></a>_ll_sshift_r</STRONG> (Thumb, 0 bytes, Stack size 0 bytes, llsshr.o(.text), UNUSED)

<P><STRONG><a name="[166]"></a>__decompress</STRONG> (Thumb, 0 bytes, Stack size unknown bytes, __dczerorl2.o(.text), UNUSED)

<P><STRONG><a name="[167]"></a>__decompress1</STRONG> (Thumb, 86 bytes, Stack size unknown bytes, __dczerorl2.o(.text), UNUSED)

<P><STRONG><a name="[4]"></a>BusFault_Handler</STRONG> (Thumb, 4 bytes, Stack size 0 bytes, stm32f4xx_it.o(i.BusFault_Handler))
<BR>[Address Reference Count : 1]<UL><LI> startup_stm32f407xx.o(RESET)
</UL>
<P><STRONG><a name="[7]"></a>DebugMon_Handler</STRONG> (Thumb, 2 bytes, Stack size 0 bytes, stm32f4xx_it.o(i.DebugMon_Handler))
<BR>[Address Reference Count : 1]<UL><LI> startup_stm32f407xx.o(RESET)
</UL>
<P><STRONG><a name="[fd]"></a>Error_Handler</STRONG> (Thumb, 6 bytes, Stack size 0 bytes, main.o(i.Error_Handler))
<BR><BR>[Called By]<UL><LI><a href="#[fe]">&gt;&gt;</a>&nbsp;&nbsp;&nbsp;MX_USART1_UART_Init
<LI><a href="#[fc]">&gt;&gt;</a>&nbsp;&nbsp;&nbsp;MX_I2C1_Init
<LI><a href="#[149]">&gt;&gt;</a>&nbsp;&nbsp;&nbsp;SystemClock_Config
</UL>

<P><STRONG><a name="[7a]"></a>HAL_Delay</STRONG> (Thumb, 36 bytes, Stack size 16 bytes, stm32f4xx_hal.o(i.HAL_Delay))
<BR><BR>[Stack]<UL><LI>Max Depth = 16<LI>Call Chain = HAL_Delay
</UL>
<BR>[Calls]<UL><LI><a href="#[7b]">&gt;&gt;</a>&nbsp;&nbsp;&nbsp;HAL_GetTick
</UL>
<BR>[Called By]<UL><LI><a href="#[102]">&gt;&gt;</a>&nbsp;&nbsp;&nbsp;OLED_Init
</UL>

<P><STRONG><a name="[85]"></a>HAL_GPIO_Init</STRONG> (Thumb, 454 bytes, Stack size 24 bytes, stm32f4xx_hal_gpio.o(i.HAL_GPIO_Init))
<BR><BR>[Stack]<UL><LI>Max Depth = 24<LI>Call Chain = HAL_GPIO_Init
</UL>
<BR>[Called By]<UL><LI><a href="#[a2]">&gt;&gt;</a>&nbsp;&nbsp;&nbsp;HAL_UART_MspInit
<LI><a href="#[7d]">&gt;&gt;</a>&nbsp;&nbsp;&nbsp;HAL_I2C_MspInit
<LI><a href="#[fa]">&gt;&gt;</a>&nbsp;&nbsp;&nbsp;MX_GPIO_Init
</UL>

<P><STRONG><a name="[14a]"></a>HAL_GPIO_TogglePin</STRONG> (Thumb, 20 bytes, Stack size 8 bytes, stm32f4xx_hal_gpio.o(i.HAL_GPIO_TogglePin))
<BR><BR>[Stack]<UL><LI>Max Depth = 8<LI>Call Chain = HAL_GPIO_TogglePin
</UL>
<BR>[Called By]<UL><LI><a href="#[67]">&gt;&gt;</a>&nbsp;&nbsp;&nbsp;TaskEntry2
</UL>

<P><STRONG><a name="[fb]"></a>HAL_GPIO_WritePin</STRONG> (Thumb, 12 bytes, Stack size 0 bytes, stm32f4xx_hal_gpio.o(i.HAL_GPIO_WritePin))
<BR><BR>[Called By]<UL><LI><a href="#[fa]">&gt;&gt;</a>&nbsp;&nbsp;&nbsp;MX_GPIO_Init
<LI><a href="#[66]">&gt;&gt;</a>&nbsp;&nbsp;&nbsp;TaskEntry1
</UL>

<P><STRONG><a name="[7b]"></a>HAL_GetTick</STRONG> (Thumb, 6 bytes, Stack size 0 bytes, stm32f4xx_hal.o(i.HAL_GetTick))
<BR><BR>[Called By]<UL><LI><a href="#[95]">&gt;&gt;</a>&nbsp;&nbsp;&nbsp;HAL_RCC_OscConfig
<LI><a href="#[91]">&gt;&gt;</a>&nbsp;&nbsp;&nbsp;HAL_RCC_ClockConfig
<LI><a href="#[7f]">&gt;&gt;</a>&nbsp;&nbsp;&nbsp;HAL_I2C_Mem_Write
<LI><a href="#[7a]">&gt;&gt;</a>&nbsp;&nbsp;&nbsp;HAL_Delay
<LI><a href="#[82]">&gt;&gt;</a>&nbsp;&nbsp;&nbsp;I2C_WaitOnTXEFlagUntilTimeout
<LI><a href="#[b1]">&gt;&gt;</a>&nbsp;&nbsp;&nbsp;I2C_WaitOnMasterAddressFlagUntilTimeout
<LI><a href="#[80]">&gt;&gt;</a>&nbsp;&nbsp;&nbsp;I2C_WaitOnFlagUntilTimeout
<LI><a href="#[83]">&gt;&gt;</a>&nbsp;&nbsp;&nbsp;I2C_WaitOnBTFFlagUntilTimeout
</UL>

<P><STRONG><a name="[7c]"></a>HAL_I2C_Init</STRONG> (Thumb, 446 bytes, Stack size 16 bytes, stm32f4xx_hal_i2c.o(i.HAL_I2C_Init))
<BR><BR>[Stack]<UL><LI>Max Depth = 72<LI>Call Chain = HAL_I2C_Init &rArr; HAL_I2C_MspInit &rArr; HAL_GPIO_Init
</UL>
<BR>[Calls]<UL><LI><a href="#[7e]">&gt;&gt;</a>&nbsp;&nbsp;&nbsp;HAL_RCC_GetPCLK1Freq
<LI><a href="#[7d]">&gt;&gt;</a>&nbsp;&nbsp;&nbsp;HAL_I2C_MspInit
</UL>
<BR>[Called By]<UL><LI><a href="#[fc]">&gt;&gt;</a>&nbsp;&nbsp;&nbsp;MX_I2C1_Init
</UL>

<P><STRONG><a name="[7f]"></a>HAL_I2C_Mem_Write</STRONG> (Thumb, 348 bytes, Stack size 48 bytes, stm32f4xx_hal_i2c.o(i.HAL_I2C_Mem_Write))
<BR><BR>[Stack]<UL><LI>Max Depth = 104<LI>Call Chain = HAL_I2C_Mem_Write &rArr; I2C_RequestMemoryWrite &rArr; I2C_WaitOnMasterAddressFlagUntilTimeout
</UL>
<BR>[Calls]<UL><LI><a href="#[7b]">&gt;&gt;</a>&nbsp;&nbsp;&nbsp;HAL_GetTick
<LI><a href="#[82]">&gt;&gt;</a>&nbsp;&nbsp;&nbsp;I2C_WaitOnTXEFlagUntilTimeout
<LI><a href="#[80]">&gt;&gt;</a>&nbsp;&nbsp;&nbsp;I2C_WaitOnFlagUntilTimeout
<LI><a href="#[83]">&gt;&gt;</a>&nbsp;&nbsp;&nbsp;I2C_WaitOnBTFFlagUntilTimeout
<LI><a href="#[81]">&gt;&gt;</a>&nbsp;&nbsp;&nbsp;I2C_RequestMemoryWrite
</UL>
<BR>[Called By]<UL><LI><a href="#[101]">&gt;&gt;</a>&nbsp;&nbsp;&nbsp;OLED_WR_DATA
<LI><a href="#[100]">&gt;&gt;</a>&nbsp;&nbsp;&nbsp;OLED_WR_CMD
</UL>

<P><STRONG><a name="[7d]"></a>HAL_I2C_MspInit</STRONG> (Thumb, 124 bytes, Stack size 32 bytes, i2c_1.o(i.HAL_I2C_MspInit))
<BR><BR>[Stack]<UL><LI>Max Depth = 56<LI>Call Chain = HAL_I2C_MspInit &rArr; HAL_GPIO_Init
</UL>
<BR>[Calls]<UL><LI><a href="#[85]">&gt;&gt;</a>&nbsp;&nbsp;&nbsp;HAL_GPIO_Init
<LI><a href="#[84]">&gt;&gt;</a>&nbsp;&nbsp;&nbsp;__aeabi_memclr4
</UL>
<BR>[Called By]<UL><LI><a href="#[7c]">&gt;&gt;</a>&nbsp;&nbsp;&nbsp;HAL_I2C_Init
</UL>

<P><STRONG><a name="[a0]"></a>HAL_IncTick</STRONG> (Thumb, 16 bytes, Stack size 0 bytes, stm32f4xx_hal.o(i.HAL_IncTick))
<BR><BR>[Called By]<UL><LI><a href="#[9c]">&gt;&gt;</a>&nbsp;&nbsp;&nbsp;HAL_TIM_PeriodElapsedCallback
</UL>

<P><STRONG><a name="[86]"></a>HAL_Init</STRONG> (Thumb, 54 bytes, Stack size 8 bytes, stm32f4xx_hal.o(i.HAL_Init))
<BR><BR>[Stack]<UL><LI>Max Depth = 112<LI>Call Chain = HAL_Init &rArr; HAL_InitTick &rArr; HAL_NVIC_SetPriority &rArr; __NVIC_SetPriority
</UL>
<BR>[Calls]<UL><LI><a href="#[88]">&gt;&gt;</a>&nbsp;&nbsp;&nbsp;HAL_InitTick
<LI><a href="#[89]">&gt;&gt;</a>&nbsp;&nbsp;&nbsp;HAL_MspInit
<LI><a href="#[87]">&gt;&gt;</a>&nbsp;&nbsp;&nbsp;HAL_NVIC_SetPriorityGrouping
</UL>
<BR>[Called By]<UL><LI><a href="#[5b]">&gt;&gt;</a>&nbsp;&nbsp;&nbsp;main
</UL>

<P><STRONG><a name="[88]"></a>HAL_InitTick</STRONG> (Thumb, 160 bytes, Stack size 56 bytes, stm32f4xx_hal_timebase_tim.o(i.HAL_InitTick))
<BR><BR>[Stack]<UL><LI>Max Depth = 104<LI>Call Chain = HAL_InitTick &rArr; HAL_NVIC_SetPriority &rArr; __NVIC_SetPriority
</UL>
<BR>[Calls]<UL><LI><a href="#[8c]">&gt;&gt;</a>&nbsp;&nbsp;&nbsp;HAL_TIM_Base_Start_IT
<LI><a href="#[8b]">&gt;&gt;</a>&nbsp;&nbsp;&nbsp;HAL_TIM_Base_Init
<LI><a href="#[7e]">&gt;&gt;</a>&nbsp;&nbsp;&nbsp;HAL_RCC_GetPCLK1Freq
<LI><a href="#[8a]">&gt;&gt;</a>&nbsp;&nbsp;&nbsp;HAL_RCC_GetClockConfig
<LI><a href="#[8e]">&gt;&gt;</a>&nbsp;&nbsp;&nbsp;HAL_NVIC_SetPriority
<LI><a href="#[8d]">&gt;&gt;</a>&nbsp;&nbsp;&nbsp;HAL_NVIC_EnableIRQ
</UL>
<BR>[Called By]<UL><LI><a href="#[91]">&gt;&gt;</a>&nbsp;&nbsp;&nbsp;HAL_RCC_ClockConfig
<LI><a href="#[86]">&gt;&gt;</a>&nbsp;&nbsp;&nbsp;HAL_Init
</UL>

<P><STRONG><a name="[89]"></a>HAL_MspInit</STRONG> (Thumb, 68 bytes, Stack size 8 bytes, stm32f4xx_hal_msp.o(i.HAL_MspInit))
<BR><BR>[Stack]<UL><LI>Max Depth = 8<LI>Call Chain = HAL_MspInit
</UL>
<BR>[Called By]<UL><LI><a href="#[86]">&gt;&gt;</a>&nbsp;&nbsp;&nbsp;HAL_Init
</UL>

<P><STRONG><a name="[8d]"></a>HAL_NVIC_EnableIRQ</STRONG> (Thumb, 40 bytes, Stack size 0 bytes, stm32f4xx_hal_cortex.o(i.HAL_NVIC_EnableIRQ))
<BR><BR>[Called By]<UL><LI><a href="#[88]">&gt;&gt;</a>&nbsp;&nbsp;&nbsp;HAL_InitTick
</UL>

<P><STRONG><a name="[8e]"></a>HAL_NVIC_SetPriority</STRONG> (Thumb, 124 bytes, Stack size 40 bytes, stm32f4xx_hal_cortex.o(i.HAL_NVIC_SetPriority))
<BR><BR>[Stack]<UL><LI>Max Depth = 48<LI>Call Chain = HAL_NVIC_SetPriority &rArr; __NVIC_SetPriority
</UL>
<BR>[Calls]<UL><LI><a href="#[90]">&gt;&gt;</a>&nbsp;&nbsp;&nbsp;__NVIC_SetPriority
<LI><a href="#[8f]">&gt;&gt;</a>&nbsp;&nbsp;&nbsp;__NVIC_GetPriorityGrouping
</UL>
<BR>[Called By]<UL><LI><a href="#[88]">&gt;&gt;</a>&nbsp;&nbsp;&nbsp;HAL_InitTick
</UL>

<P><STRONG><a name="[87]"></a>HAL_NVIC_SetPriorityGrouping</STRONG> (Thumb, 32 bytes, Stack size 0 bytes, stm32f4xx_hal_cortex.o(i.HAL_NVIC_SetPriorityGrouping))
<BR><BR>[Called By]<UL><LI><a href="#[86]">&gt;&gt;</a>&nbsp;&nbsp;&nbsp;HAL_Init
</UL>

<P><STRONG><a name="[91]"></a>HAL_RCC_ClockConfig</STRONG> (Thumb, 368 bytes, Stack size 16 bytes, stm32f4xx_hal_rcc.o(i.HAL_RCC_ClockConfig))
<BR><BR>[Stack]<UL><LI>Max Depth = 120<LI>Call Chain = HAL_RCC_ClockConfig &rArr; HAL_InitTick &rArr; HAL_NVIC_SetPriority &rArr; __NVIC_SetPriority
</UL>
<BR>[Calls]<UL><LI><a href="#[88]">&gt;&gt;</a>&nbsp;&nbsp;&nbsp;HAL_InitTick
<LI><a href="#[92]">&gt;&gt;</a>&nbsp;&nbsp;&nbsp;HAL_RCC_GetSysClockFreq
<LI><a href="#[7b]">&gt;&gt;</a>&nbsp;&nbsp;&nbsp;HAL_GetTick
</UL>
<BR>[Called By]<UL><LI><a href="#[149]">&gt;&gt;</a>&nbsp;&nbsp;&nbsp;SystemClock_Config
</UL>

<P><STRONG><a name="[8a]"></a>HAL_RCC_GetClockConfig</STRONG> (Thumb, 58 bytes, Stack size 0 bytes, stm32f4xx_hal_rcc.o(i.HAL_RCC_GetClockConfig))
<BR><BR>[Called By]<UL><LI><a href="#[88]">&gt;&gt;</a>&nbsp;&nbsp;&nbsp;HAL_InitTick
</UL>

<P><STRONG><a name="[93]"></a>HAL_RCC_GetHCLKFreq</STRONG> (Thumb, 6 bytes, Stack size 0 bytes, stm32f4xx_hal_rcc.o(i.HAL_RCC_GetHCLKFreq))
<BR><BR>[Called By]<UL><LI><a href="#[7e]">&gt;&gt;</a>&nbsp;&nbsp;&nbsp;HAL_RCC_GetPCLK1Freq
<LI><a href="#[94]">&gt;&gt;</a>&nbsp;&nbsp;&nbsp;HAL_RCC_GetPCLK2Freq
</UL>

<P><STRONG><a name="[7e]"></a>HAL_RCC_GetPCLK1Freq</STRONG> (Thumb, 22 bytes, Stack size 4 bytes, stm32f4xx_hal_rcc.o(i.HAL_RCC_GetPCLK1Freq))
<BR><BR>[Stack]<UL><LI>Max Depth = 4<LI>Call Chain = HAL_RCC_GetPCLK1Freq
</UL>
<BR>[Calls]<UL><LI><a href="#[93]">&gt;&gt;</a>&nbsp;&nbsp;&nbsp;HAL_RCC_GetHCLKFreq
</UL>
<BR>[Called By]<UL><LI><a href="#[88]">&gt;&gt;</a>&nbsp;&nbsp;&nbsp;HAL_InitTick
<LI><a href="#[7c]">&gt;&gt;</a>&nbsp;&nbsp;&nbsp;HAL_I2C_Init
<LI><a href="#[a3]">&gt;&gt;</a>&nbsp;&nbsp;&nbsp;UART_SetConfig
</UL>

<P><STRONG><a name="[94]"></a>HAL_RCC_GetPCLK2Freq</STRONG> (Thumb, 22 bytes, Stack size 4 bytes, stm32f4xx_hal_rcc.o(i.HAL_RCC_GetPCLK2Freq))
<BR><BR>[Stack]<UL><LI>Max Depth = 4<LI>Call Chain = HAL_RCC_GetPCLK2Freq
</UL>
<BR>[Calls]<UL><LI><a href="#[93]">&gt;&gt;</a>&nbsp;&nbsp;&nbsp;HAL_RCC_GetHCLKFreq
</UL>
<BR>[Called By]<UL><LI><a href="#[a3]">&gt;&gt;</a>&nbsp;&nbsp;&nbsp;UART_SetConfig
</UL>

<P><STRONG><a name="[92]"></a>HAL_RCC_GetSysClockFreq</STRONG> (Thumb, 162 bytes, Stack size 32 bytes, stm32f4xx_hal_rcc.o(i.HAL_RCC_GetSysClockFreq))
<BR><BR>[Stack]<UL><LI>Max Depth = 72<LI>Call Chain = HAL_RCC_GetSysClockFreq &rArr; __aeabi_uldivmod
</UL>
<BR>[Calls]<UL><LI><a href="#[6a]">&gt;&gt;</a>&nbsp;&nbsp;&nbsp;__aeabi_uldivmod
</UL>
<BR>[Called By]<UL><LI><a href="#[91]">&gt;&gt;</a>&nbsp;&nbsp;&nbsp;HAL_RCC_ClockConfig
</UL>

<P><STRONG><a name="[95]"></a>HAL_RCC_OscConfig</STRONG> (Thumb, 1172 bytes, Stack size 24 bytes, stm32f4xx_hal_rcc.o(i.HAL_RCC_OscConfig))
<BR><BR>[Stack]<UL><LI>Max Depth = 24<LI>Call Chain = HAL_RCC_OscConfig
</UL>
<BR>[Calls]<UL><LI><a href="#[7b]">&gt;&gt;</a>&nbsp;&nbsp;&nbsp;HAL_GetTick
</UL>
<BR>[Called By]<UL><LI><a href="#[149]">&gt;&gt;</a>&nbsp;&nbsp;&nbsp;SystemClock_Config
</UL>

<P><STRONG><a name="[9d]"></a>HAL_TIMEx_BreakCallback</STRONG> (Thumb, 2 bytes, Stack size 0 bytes, stm32f4xx_hal_tim_ex.o(i.HAL_TIMEx_BreakCallback))
<BR><BR>[Called By]<UL><LI><a href="#[98]">&gt;&gt;</a>&nbsp;&nbsp;&nbsp;HAL_TIM_IRQHandler
</UL>

<P><STRONG><a name="[9f]"></a>HAL_TIMEx_CommutCallback</STRONG> (Thumb, 2 bytes, Stack size 0 bytes, stm32f4xx_hal_tim_ex.o(i.HAL_TIMEx_CommutCallback))
<BR><BR>[Called By]<UL><LI><a href="#[98]">&gt;&gt;</a>&nbsp;&nbsp;&nbsp;HAL_TIM_IRQHandler
</UL>

<P><STRONG><a name="[8b]"></a>HAL_TIM_Base_Init</STRONG> (Thumb, 102 bytes, Stack size 8 bytes, stm32f4xx_hal_tim.o(i.HAL_TIM_Base_Init))
<BR><BR>[Stack]<UL><LI>Max Depth = 16<LI>Call Chain = HAL_TIM_Base_Init &rArr; TIM_Base_SetConfig
</UL>
<BR>[Calls]<UL><LI><a href="#[96]">&gt;&gt;</a>&nbsp;&nbsp;&nbsp;HAL_TIM_Base_MspInit
<LI><a href="#[97]">&gt;&gt;</a>&nbsp;&nbsp;&nbsp;TIM_Base_SetConfig
</UL>
<BR>[Called By]<UL><LI><a href="#[88]">&gt;&gt;</a>&nbsp;&nbsp;&nbsp;HAL_InitTick
</UL>

<P><STRONG><a name="[96]"></a>HAL_TIM_Base_MspInit</STRONG> (Thumb, 2 bytes, Stack size 0 bytes, stm32f4xx_hal_tim.o(i.HAL_TIM_Base_MspInit))
<BR><BR>[Called By]<UL><LI><a href="#[8b]">&gt;&gt;</a>&nbsp;&nbsp;&nbsp;HAL_TIM_Base_Init
</UL>

<P><STRONG><a name="[8c]"></a>HAL_TIM_Base_Start_IT</STRONG> (Thumb, 138 bytes, Stack size 0 bytes, stm32f4xx_hal_tim.o(i.HAL_TIM_Base_Start_IT))
<BR><BR>[Called By]<UL><LI><a href="#[88]">&gt;&gt;</a>&nbsp;&nbsp;&nbsp;HAL_InitTick
</UL>

<P><STRONG><a name="[99]"></a>HAL_TIM_IC_CaptureCallback</STRONG> (Thumb, 2 bytes, Stack size 0 bytes, stm32f4xx_hal_tim.o(i.HAL_TIM_IC_CaptureCallback))
<BR><BR>[Called By]<UL><LI><a href="#[98]">&gt;&gt;</a>&nbsp;&nbsp;&nbsp;HAL_TIM_IRQHandler
</UL>

<P><STRONG><a name="[98]"></a>HAL_TIM_IRQHandler</STRONG> (Thumb, 364 bytes, Stack size 16 bytes, stm32f4xx_hal_tim.o(i.HAL_TIM_IRQHandler))
<BR><BR>[Stack]<UL><LI>Max Depth = 24<LI>Call Chain = HAL_TIM_IRQHandler &rArr; HAL_TIM_PeriodElapsedCallback
</UL>
<BR>[Calls]<UL><LI><a href="#[9c]">&gt;&gt;</a>&nbsp;&nbsp;&nbsp;HAL_TIM_PeriodElapsedCallback
<LI><a href="#[9e]">&gt;&gt;</a>&nbsp;&nbsp;&nbsp;HAL_TIM_TriggerCallback
<LI><a href="#[9b]">&gt;&gt;</a>&nbsp;&nbsp;&nbsp;HAL_TIM_PWM_PulseFinishedCallback
<LI><a href="#[9a]">&gt;&gt;</a>&nbsp;&nbsp;&nbsp;HAL_TIM_OC_DelayElapsedCallback
<LI><a href="#[99]">&gt;&gt;</a>&nbsp;&nbsp;&nbsp;HAL_TIM_IC_CaptureCallback
<LI><a href="#[9f]">&gt;&gt;</a>&nbsp;&nbsp;&nbsp;HAL_TIMEx_CommutCallback
<LI><a href="#[9d]">&gt;&gt;</a>&nbsp;&nbsp;&nbsp;HAL_TIMEx_BreakCallback
</UL>
<BR>[Called By]<UL><LI><a href="#[41]">&gt;&gt;</a>&nbsp;&nbsp;&nbsp;TIM7_IRQHandler
</UL>

<P><STRONG><a name="[9a]"></a>HAL_TIM_OC_DelayElapsedCallback</STRONG> (Thumb, 2 bytes, Stack size 0 bytes, stm32f4xx_hal_tim.o(i.HAL_TIM_OC_DelayElapsedCallback))
<BR><BR>[Called By]<UL><LI><a href="#[98]">&gt;&gt;</a>&nbsp;&nbsp;&nbsp;HAL_TIM_IRQHandler
</UL>

<P><STRONG><a name="[9b]"></a>HAL_TIM_PWM_PulseFinishedCallback</STRONG> (Thumb, 2 bytes, Stack size 0 bytes, stm32f4xx_hal_tim.o(i.HAL_TIM_PWM_PulseFinishedCallback))
<BR><BR>[Called By]<UL><LI><a href="#[98]">&gt;&gt;</a>&nbsp;&nbsp;&nbsp;HAL_TIM_IRQHandler
</UL>

<P><STRONG><a name="[9c]"></a>HAL_TIM_PeriodElapsedCallback</STRONG> (Thumb, 18 bytes, Stack size 8 bytes, main.o(i.HAL_TIM_PeriodElapsedCallback))
<BR><BR>[Stack]<UL><LI>Max Depth = 8<LI>Call Chain = HAL_TIM_PeriodElapsedCallback
</UL>
<BR>[Calls]<UL><LI><a href="#[a0]">&gt;&gt;</a>&nbsp;&nbsp;&nbsp;HAL_IncTick
</UL>
<BR>[Called By]<UL><LI><a href="#[98]">&gt;&gt;</a>&nbsp;&nbsp;&nbsp;HAL_TIM_IRQHandler
</UL>

<P><STRONG><a name="[9e]"></a>HAL_TIM_TriggerCallback</STRONG> (Thumb, 2 bytes, Stack size 0 bytes, stm32f4xx_hal_tim.o(i.HAL_TIM_TriggerCallback))
<BR><BR>[Called By]<UL><LI><a href="#[98]">&gt;&gt;</a>&nbsp;&nbsp;&nbsp;HAL_TIM_IRQHandler
</UL>

<P><STRONG><a name="[a1]"></a>HAL_UART_Init</STRONG> (Thumb, 118 bytes, Stack size 8 bytes, stm32f4xx_hal_uart.o(i.HAL_UART_Init))
<BR><BR>[Stack]<UL><LI>Max Depth = 88<LI>Call Chain = HAL_UART_Init &rArr; UART_SetConfig &rArr; __aeabi_uldivmod
</UL>
<BR>[Calls]<UL><LI><a href="#[a2]">&gt;&gt;</a>&nbsp;&nbsp;&nbsp;HAL_UART_MspInit
<LI><a href="#[a3]">&gt;&gt;</a>&nbsp;&nbsp;&nbsp;UART_SetConfig
</UL>
<BR>[Called By]<UL><LI><a href="#[fe]">&gt;&gt;</a>&nbsp;&nbsp;&nbsp;MX_USART1_UART_Init
</UL>

<P><STRONG><a name="[a2]"></a>HAL_UART_MspInit</STRONG> (Thumb, 124 bytes, Stack size 32 bytes, usart.o(i.HAL_UART_MspInit))
<BR><BR>[Stack]<UL><LI>Max Depth = 56<LI>Call Chain = HAL_UART_MspInit &rArr; HAL_GPIO_Init
</UL>
<BR>[Calls]<UL><LI><a href="#[85]">&gt;&gt;</a>&nbsp;&nbsp;&nbsp;HAL_GPIO_Init
<LI><a href="#[84]">&gt;&gt;</a>&nbsp;&nbsp;&nbsp;__aeabi_memclr4
</UL>
<BR>[Called By]<UL><LI><a href="#[a1]">&gt;&gt;</a>&nbsp;&nbsp;&nbsp;HAL_UART_Init
</UL>

<P><STRONG><a name="[a4]"></a>HalArchInit</STRONG> (Thumb, 40 bytes, Stack size 8 bytes, los_context.o(i.HalArchInit))
<BR><BR>[Stack]<UL><LI>Max Depth = 40<LI>Call Chain = HalArchInit &rArr; OsLogLevelCheck &rArr;  OsLogLevelCheck (Cycle)
</UL>
<BR>[Calls]<UL><LI><a href="#[a7]">&gt;&gt;</a>&nbsp;&nbsp;&nbsp;OsLogLevelCheck
<LI><a href="#[a8]">&gt;&gt;</a>&nbsp;&nbsp;&nbsp;__2printf
<LI><a href="#[a6]">&gt;&gt;</a>&nbsp;&nbsp;&nbsp;HalTickStart
<LI><a href="#[a5]">&gt;&gt;</a>&nbsp;&nbsp;&nbsp;HalHwiInit
</UL>
<BR>[Called By]<UL><LI><a href="#[b5]">&gt;&gt;</a>&nbsp;&nbsp;&nbsp;LOS_KernelInit
</UL>

<P><STRONG><a name="[112]"></a>HalEnterSleep</STRONG> (Thumb, 14 bytes, Stack size 0 bytes, los_timer.o(i.HalEnterSleep))
<BR><BR>[Called By]<UL><LI><a href="#[62]">&gt;&gt;</a>&nbsp;&nbsp;&nbsp;OsIdleTask
</UL>

<P><STRONG><a name="[a9]"></a>HalGetTickCycle</STRONG> (Thumb, 40 bytes, Stack size 16 bytes, los_timer.o(i.HalGetTickCycle))
<BR><BR>[Stack]<UL><LI>Max Depth = 16 + Unknown Stack Size
<LI>Call Chain = HalGetTickCycle
</UL>
<BR>[Calls]<UL><LI><a href="#[ab]">&gt;&gt;</a>&nbsp;&nbsp;&nbsp;HalIntRestore
<LI><a href="#[aa]">&gt;&gt;</a>&nbsp;&nbsp;&nbsp;HalIntLock
</UL>
<BR>[Called By]<UL><LI><a href="#[13d]">&gt;&gt;</a>&nbsp;&nbsp;&nbsp;OsSchedUpdateSchedTimeBase
<LI><a href="#[f9]">&gt;&gt;</a>&nbsp;&nbsp;&nbsp;OsGetCurrSysTimeCycle
</UL>

<P><STRONG><a name="[a5]"></a>HalHwiInit</STRONG> (Thumb, 62 bytes, Stack size 0 bytes, los_interrupt.o(i.HalHwiInit))
<BR><BR>[Called By]<UL><LI><a href="#[a4]">&gt;&gt;</a>&nbsp;&nbsp;&nbsp;HalArchInit
</UL>

<P><STRONG><a name="[d3]"></a>HalIsIntActive</STRONG> (Thumb, 14 bytes, Stack size 0 bytes, los_interrupt.o(i.HalIsIntActive))
<BR><BR>[Called By]<UL><LI><a href="#[d2]">&gt;&gt;</a>&nbsp;&nbsp;&nbsp;LOS_Msleep
<LI><a href="#[de]">&gt;&gt;</a>&nbsp;&nbsp;&nbsp;OsQueueWriteParameterCheck
<LI><a href="#[db]">&gt;&gt;</a>&nbsp;&nbsp;&nbsp;OsQueueReadParameterCheck
<LI><a href="#[d4]">&gt;&gt;</a>&nbsp;&nbsp;&nbsp;LOS_TaskDelay
</UL>

<P><STRONG><a name="[ac]"></a>HalStartSchedule</STRONG> (Thumb, 18 bytes, Stack size 8 bytes, los_context.o(i.HalStartSchedule))
<BR><BR>[Stack]<UL><LI>Max Depth = 232 + Unknown Stack Size
<LI>Call Chain = HalStartSchedule &rArr; OsSchedStart &rArr; OsSchedSetNextExpireTime &rArr; OsSchedTickReload &rArr; OsGetCurrSchedTimeCycle &rArr; OsGetCurrSysTimeCycle &rArr; OsLogLevelCheck &rArr;  OsLogLevelCheck (Cycle)
</UL>
<BR>[Calls]<UL><LI><a href="#[aa]">&gt;&gt;</a>&nbsp;&nbsp;&nbsp;HalIntLock
<LI><a href="#[ad]">&gt;&gt;</a>&nbsp;&nbsp;&nbsp;OsSchedStart
<LI><a href="#[ae]">&gt;&gt;</a>&nbsp;&nbsp;&nbsp;HalStartToRun
</UL>
<BR>[Called By]<UL><LI><a href="#[e6]">&gt;&gt;</a>&nbsp;&nbsp;&nbsp;LOS_Start
</UL>

<P><STRONG><a name="[5f]"></a>HalSysExit</STRONG> (Thumb, 8 bytes, Stack size 0 bytes, los_context.o(i.HalSysExit))
<BR><BR>[Calls]<UL><LI><a href="#[aa]">&gt;&gt;</a>&nbsp;&nbsp;&nbsp;HalIntLock
</UL>
<BR>[Called By]<UL><LI><a href="#[d5]">&gt;&gt;</a>&nbsp;&nbsp;&nbsp;LOS_Panic
</UL>
<BR>[Address Reference Count : 1]<UL><LI> los_context.o(i.HalTskStackInit)
</UL>
<P><STRONG><a name="[13c]"></a>HalSysTickReload</STRONG> (Thumb, 76 bytes, Stack size 12 bytes, los_timer.o(i.HalSysTickReload))
<BR><BR>[Stack]<UL><LI>Max Depth = 12<LI>Call Chain = HalSysTickReload
</UL>
<BR>[Called By]<UL><LI><a href="#[138]">&gt;&gt;</a>&nbsp;&nbsp;&nbsp;OsSchedTickReload
</UL>

<P><STRONG><a name="[a6]"></a>HalTickStart</STRONG> (Thumb, 102 bytes, Stack size 20 bytes, los_timer.o(i.HalTickStart))
<BR><BR>[Stack]<UL><LI>Max Depth = 20<LI>Call Chain = HalTickStart
</UL>
<BR>[Called By]<UL><LI><a href="#[a4]">&gt;&gt;</a>&nbsp;&nbsp;&nbsp;HalArchInit
</UL>

<P><STRONG><a name="[af]"></a>HalTskStackInit</STRONG> (Thumb, 328 bytes, Stack size 24 bytes, los_context.o(i.HalTskStackInit))
<BR><BR>[Stack]<UL><LI>Max Depth = 72<LI>Call Chain = HalTskStackInit &rArr; memset_s &rArr; SecMemsetError
</UL>
<BR>[Calls]<UL><LI><a href="#[b0]">&gt;&gt;</a>&nbsp;&nbsp;&nbsp;memset_s
<LI><a href="#[a8]">&gt;&gt;</a>&nbsp;&nbsp;&nbsp;__2printf
</UL>
<BR>[Called By]<UL><LI><a href="#[ee]">&gt;&gt;</a>&nbsp;&nbsp;&nbsp;OsNewTaskInit
</UL>

<P><STRONG><a name="[2]"></a>HardFault_Handler</STRONG> (Thumb, 4 bytes, Stack size 0 bytes, stm32f4xx_it.o(i.HardFault_Handler))
<BR>[Address Reference Count : 1]<UL><LI> startup_stm32f407xx.o(RESET)
</UL>
<P><STRONG><a name="[f5]"></a>LOS_CurTaskIDGet</STRONG> (Thumb, 18 bytes, Stack size 0 bytes, los_task.o(i.LOS_CurTaskIDGet))
<BR><BR>[Called By]<UL><LI><a href="#[f1]">&gt;&gt;</a>&nbsp;&nbsp;&nbsp;LOS_TaskDelete
</UL>

<P><STRONG><a name="[b3]"></a>LOS_EventDestroy</STRONG> (Thumb, 54 bytes, Stack size 16 bytes, los_event.o(i.LOS_EventDestroy))
<BR><BR>[Stack]<UL><LI>Max Depth = 16 + Unknown Stack Size
<LI>Call Chain = LOS_EventDestroy
</UL>
<BR>[Calls]<UL><LI><a href="#[ab]">&gt;&gt;</a>&nbsp;&nbsp;&nbsp;HalIntRestore
<LI><a href="#[aa]">&gt;&gt;</a>&nbsp;&nbsp;&nbsp;HalIntLock
<LI><a href="#[b4]">&gt;&gt;</a>&nbsp;&nbsp;&nbsp;LOS_ListEmpty
</UL>
<BR>[Called By]<UL><LI><a href="#[f1]">&gt;&gt;</a>&nbsp;&nbsp;&nbsp;LOS_TaskDelete
</UL>

<P><STRONG><a name="[12d]"></a>LOS_EventInit</STRONG> (Thumb, 24 bytes, Stack size 0 bytes, los_event.o(i.LOS_EventInit))
<BR><BR>[Called By]<UL><LI><a href="#[ee]">&gt;&gt;</a>&nbsp;&nbsp;&nbsp;OsNewTaskInit
</UL>

<P><STRONG><a name="[b5]"></a>LOS_KernelInit</STRONG> (Thumb, 190 bytes, Stack size 8 bytes, los_init.o(i.LOS_KernelInit))
<BR><BR>[Stack]<UL><LI>Max Depth = 456 + Unknown Stack Size
<LI>Call Chain = LOS_KernelInit &rArr; OsSwtmrInit &rArr; OsSwtmrTaskCreate &rArr; LOS_TaskCreate &rArr; LOS_TaskCreateOnly &rArr; LOS_MemAllocAlign &rArr; OsMemAlloc &rArr; OsMemInfoPrint &rArr; LOS_MemInfoGet &rArr; OsAllMemNodeDoHandle &rArr; LOS_MemIntegrityCheck &rArr; OsMemIntegrityCheck &rArr; OsMemPoolHeadCheck &rArr; OsLogLevelCheck &rArr;  OsLogLevelCheck (Cycle)
</UL>
<BR>[Calls]<UL><LI><a href="#[b8]">&gt;&gt;</a>&nbsp;&nbsp;&nbsp;OsTaskInit
<LI><a href="#[bc]">&gt;&gt;</a>&nbsp;&nbsp;&nbsp;OsSwtmrInit
<LI><a href="#[b9]">&gt;&gt;</a>&nbsp;&nbsp;&nbsp;OsSemInit
<LI><a href="#[bb]">&gt;&gt;</a>&nbsp;&nbsp;&nbsp;OsQueueInit
<LI><a href="#[ba]">&gt;&gt;</a>&nbsp;&nbsp;&nbsp;OsMuxInit
<LI><a href="#[b7]">&gt;&gt;</a>&nbsp;&nbsp;&nbsp;OsMemSystemInit
<LI><a href="#[a7]">&gt;&gt;</a>&nbsp;&nbsp;&nbsp;OsLogLevelCheck
<LI><a href="#[bd]">&gt;&gt;</a>&nbsp;&nbsp;&nbsp;OsIdleTaskCreate
<LI><a href="#[a4]">&gt;&gt;</a>&nbsp;&nbsp;&nbsp;HalArchInit
<LI><a href="#[b6]">&gt;&gt;</a>&nbsp;&nbsp;&nbsp;OsRegister
<LI><a href="#[a8]">&gt;&gt;</a>&nbsp;&nbsp;&nbsp;__2printf
</UL>
<BR>[Called By]<UL><LI><a href="#[5b]">&gt;&gt;</a>&nbsp;&nbsp;&nbsp;main
</UL>

<P><STRONG><a name="[c2]"></a>LOS_MS2Tick</STRONG> (Thumb, 36 bytes, Stack size 16 bytes, los_tick.o(i.LOS_MS2Tick))
<BR><BR>[Stack]<UL><LI>Max Depth = 56<LI>Call Chain = LOS_MS2Tick &rArr; __aeabi_uldivmod
</UL>
<BR>[Calls]<UL><LI><a href="#[6a]">&gt;&gt;</a>&nbsp;&nbsp;&nbsp;__aeabi_uldivmod
</UL>
<BR>[Called By]<UL><LI><a href="#[d2]">&gt;&gt;</a>&nbsp;&nbsp;&nbsp;LOS_Msleep
</UL>

<P><STRONG><a name="[c3]"></a>LOS_MemAlloc</STRONG> (Thumb, 104 bytes, Stack size 24 bytes, los_memory.o(i.LOS_MemAlloc))
<BR><BR>[Stack]<UL><LI>Max Depth = 304 + Unknown Stack Size
<LI>Call Chain = LOS_MemAlloc &rArr; OsMemAlloc &rArr; OsMemInfoPrint &rArr; LOS_MemInfoGet &rArr; OsAllMemNodeDoHandle &rArr; LOS_MemIntegrityCheck &rArr; OsMemIntegrityCheck &rArr; OsMemPoolHeadCheck &rArr; OsLogLevelCheck &rArr;  OsLogLevelCheck (Cycle)
</UL>
<BR>[Calls]<UL><LI><a href="#[ab]">&gt;&gt;</a>&nbsp;&nbsp;&nbsp;HalIntRestore
<LI><a href="#[aa]">&gt;&gt;</a>&nbsp;&nbsp;&nbsp;HalIntLock
<LI><a href="#[c4]">&gt;&gt;</a>&nbsp;&nbsp;&nbsp;OsMemAlloc
</UL>
<BR>[Called By]<UL><LI><a href="#[b8]">&gt;&gt;</a>&nbsp;&nbsp;&nbsp;OsTaskInit
<LI><a href="#[bc]">&gt;&gt;</a>&nbsp;&nbsp;&nbsp;OsSwtmrInit
<LI><a href="#[b9]">&gt;&gt;</a>&nbsp;&nbsp;&nbsp;OsSemInit
<LI><a href="#[bb]">&gt;&gt;</a>&nbsp;&nbsp;&nbsp;OsQueueInit
<LI><a href="#[ba]">&gt;&gt;</a>&nbsp;&nbsp;&nbsp;OsMuxInit
<LI><a href="#[d7]">&gt;&gt;</a>&nbsp;&nbsp;&nbsp;LOS_QueueCreate
</UL>

<P><STRONG><a name="[c5]"></a>LOS_MemAllocAlign</STRONG> (Thumb, 204 bytes, Stack size 48 bytes, los_memory.o(i.LOS_MemAllocAlign))
<BR><BR>[Stack]<UL><LI>Max Depth = 328 + Unknown Stack Size
<LI>Call Chain = LOS_MemAllocAlign &rArr; OsMemAlloc &rArr; OsMemInfoPrint &rArr; LOS_MemInfoGet &rArr; OsAllMemNodeDoHandle &rArr; LOS_MemIntegrityCheck &rArr; OsMemIntegrityCheck &rArr; OsMemPoolHeadCheck &rArr; OsLogLevelCheck &rArr;  OsLogLevelCheck (Cycle)
</UL>
<BR>[Calls]<UL><LI><a href="#[ab]">&gt;&gt;</a>&nbsp;&nbsp;&nbsp;HalIntRestore
<LI><a href="#[aa]">&gt;&gt;</a>&nbsp;&nbsp;&nbsp;HalIntLock
<LI><a href="#[c4]">&gt;&gt;</a>&nbsp;&nbsp;&nbsp;OsMemAlloc
</UL>
<BR>[Called By]<UL><LI><a href="#[e8]">&gt;&gt;</a>&nbsp;&nbsp;&nbsp;LOS_TaskCreateOnly
</UL>

<P><STRONG><a name="[c6]"></a>LOS_MemFree</STRONG> (Thumb, 116 bytes, Stack size 32 bytes, los_memory.o(i.LOS_MemFree))
<BR><BR>[Stack]<UL><LI>Max Depth = 144 + Unknown Stack Size
<LI>Call Chain = LOS_MemFree &rArr; OsMemFree &rArr; OsMemFreeNodeAdd &rArr; OsMemFreeListIndexGet &rArr; OsMemSlGet &rArr; OsLogLevelCheck &rArr;  OsLogLevelCheck (Cycle)
</UL>
<BR>[Calls]<UL><LI><a href="#[ab]">&gt;&gt;</a>&nbsp;&nbsp;&nbsp;HalIntRestore
<LI><a href="#[aa]">&gt;&gt;</a>&nbsp;&nbsp;&nbsp;HalIntLock
<LI><a href="#[c8]">&gt;&gt;</a>&nbsp;&nbsp;&nbsp;OsMemFree
<LI><a href="#[c7]">&gt;&gt;</a>&nbsp;&nbsp;&nbsp;OsGetRealPtr
</UL>
<BR>[Called By]<UL><LI><a href="#[bc]">&gt;&gt;</a>&nbsp;&nbsp;&nbsp;OsSwtmrInit
<LI><a href="#[d7]">&gt;&gt;</a>&nbsp;&nbsp;&nbsp;LOS_QueueCreate
<LI><a href="#[f1]">&gt;&gt;</a>&nbsp;&nbsp;&nbsp;LOS_TaskDelete
<LI><a href="#[eb]">&gt;&gt;</a>&nbsp;&nbsp;&nbsp;OsRecyleFinishedTask
</UL>

<P><STRONG><a name="[c9]"></a>LOS_MemInfoGet</STRONG> (Thumb, 140 bytes, Stack size 24 bytes, los_memory.o(i.LOS_MemInfoGet))
<BR><BR>[Stack]<UL><LI>Max Depth = 168 + Unknown Stack Size
<LI>Call Chain = LOS_MemInfoGet &rArr; OsAllMemNodeDoHandle &rArr; LOS_MemIntegrityCheck &rArr; OsMemIntegrityCheck &rArr; OsMemPoolHeadCheck &rArr; OsLogLevelCheck &rArr;  OsLogLevelCheck (Cycle)
</UL>
<BR>[Calls]<UL><LI><a href="#[a7]">&gt;&gt;</a>&nbsp;&nbsp;&nbsp;OsLogLevelCheck
<LI><a href="#[ab]">&gt;&gt;</a>&nbsp;&nbsp;&nbsp;HalIntRestore
<LI><a href="#[aa]">&gt;&gt;</a>&nbsp;&nbsp;&nbsp;HalIntLock
<LI><a href="#[b0]">&gt;&gt;</a>&nbsp;&nbsp;&nbsp;memset_s
<LI><a href="#[a8]">&gt;&gt;</a>&nbsp;&nbsp;&nbsp;__2printf
<LI><a href="#[ca]">&gt;&gt;</a>&nbsp;&nbsp;&nbsp;OsAllMemNodeDoHandle
</UL>
<BR>[Called By]<UL><LI><a href="#[118]">&gt;&gt;</a>&nbsp;&nbsp;&nbsp;OsMemInfoPrint
</UL>

<P><STRONG><a name="[cb]"></a>LOS_MemInit</STRONG> (Thumb, 104 bytes, Stack size 16 bytes, los_memory.o(i.LOS_MemInit))
<BR><BR>[Stack]<UL><LI>Max Depth = 128 + Unknown Stack Size
<LI>Call Chain = LOS_MemInit &rArr; OsMemPoolInit &rArr; OsMemFreeNodeAdd &rArr; OsMemFreeListIndexGet &rArr; OsMemSlGet &rArr; OsLogLevelCheck &rArr;  OsLogLevelCheck (Cycle)
</UL>
<BR>[Calls]<UL><LI><a href="#[a7]">&gt;&gt;</a>&nbsp;&nbsp;&nbsp;OsLogLevelCheck
<LI><a href="#[a8]">&gt;&gt;</a>&nbsp;&nbsp;&nbsp;__2printf
<LI><a href="#[cc]">&gt;&gt;</a>&nbsp;&nbsp;&nbsp;OsMemPoolInit
<LI><a href="#[ce]">&gt;&gt;</a>&nbsp;&nbsp;&nbsp;OsMemPoolDeinit
<LI><a href="#[cd]">&gt;&gt;</a>&nbsp;&nbsp;&nbsp;OsMemPoolAdd
</UL>
<BR>[Called By]<UL><LI><a href="#[b7]">&gt;&gt;</a>&nbsp;&nbsp;&nbsp;OsMemSystemInit
</UL>

<P><STRONG><a name="[cf]"></a>LOS_MemIntegrityCheck</STRONG> (Thumb, 86 bytes, Stack size 24 bytes, los_memory.o(i.LOS_MemIntegrityCheck))
<BR><BR>[Stack]<UL><LI>Max Depth = 112 + Unknown Stack Size
<LI>Call Chain = LOS_MemIntegrityCheck &rArr; OsMemIntegrityCheck &rArr; OsMemPoolHeadCheck &rArr; OsLogLevelCheck &rArr;  OsLogLevelCheck (Cycle)
</UL>
<BR>[Calls]<UL><LI><a href="#[ab]">&gt;&gt;</a>&nbsp;&nbsp;&nbsp;HalIntRestore
<LI><a href="#[aa]">&gt;&gt;</a>&nbsp;&nbsp;&nbsp;HalIntLock
<LI><a href="#[d1]">&gt;&gt;</a>&nbsp;&nbsp;&nbsp;OsMemIntegrityCheckError
<LI><a href="#[d0]">&gt;&gt;</a>&nbsp;&nbsp;&nbsp;OsMemIntegrityCheck
</UL>
<BR>[Called By]<UL><LI><a href="#[ca]">&gt;&gt;</a>&nbsp;&nbsp;&nbsp;OsAllMemNodeDoHandle
</UL>

<P><STRONG><a name="[125]"></a>LOS_MemPoolSizeGet</STRONG> (Thumb, 18 bytes, Stack size 0 bytes, los_memory.o(i.LOS_MemPoolSizeGet))
<BR><BR>[Called By]<UL><LI><a href="#[cd]">&gt;&gt;</a>&nbsp;&nbsp;&nbsp;OsMemPoolAdd
<LI><a href="#[118]">&gt;&gt;</a>&nbsp;&nbsp;&nbsp;OsMemInfoPrint
</UL>

<P><STRONG><a name="[d2]"></a>LOS_Msleep</STRONG> (Thumb, 40 bytes, Stack size 16 bytes, los_task.o(i.LOS_Msleep))
<BR><BR>[Stack]<UL><LI>Max Depth = 72 + Unknown Stack Size
<LI>Call Chain = LOS_Msleep &rArr; LOS_MS2Tick &rArr; __aeabi_uldivmod
</UL>
<BR>[Calls]<UL><LI><a href="#[d3]">&gt;&gt;</a>&nbsp;&nbsp;&nbsp;HalIsIntActive
<LI><a href="#[c2]">&gt;&gt;</a>&nbsp;&nbsp;&nbsp;LOS_MS2Tick
<LI><a href="#[d4]">&gt;&gt;</a>&nbsp;&nbsp;&nbsp;LOS_TaskDelay
</UL>
<BR>[Called By]<UL><LI><a href="#[5b]">&gt;&gt;</a>&nbsp;&nbsp;&nbsp;main
<LI><a href="#[67]">&gt;&gt;</a>&nbsp;&nbsp;&nbsp;TaskEntry2
<LI><a href="#[66]">&gt;&gt;</a>&nbsp;&nbsp;&nbsp;TaskEntry1
</UL>

<P><STRONG><a name="[d5]"></a>LOS_Panic</STRONG> (Thumb, 36 bytes, Stack size 24 bytes, los_init.o(i.LOS_Panic))
<BR><BR>[Stack]<UL><LI>Max Depth = 56 + Unknown Stack Size
<LI>Call Chain = LOS_Panic &rArr; OsLogLevelCheck &rArr;  OsLogLevelCheck (Cycle)
</UL>
<BR>[Calls]<UL><LI><a href="#[a7]">&gt;&gt;</a>&nbsp;&nbsp;&nbsp;OsLogLevelCheck
<LI><a href="#[5f]">&gt;&gt;</a>&nbsp;&nbsp;&nbsp;HalSysExit
<LI><a href="#[d6]">&gt;&gt;</a>&nbsp;&nbsp;&nbsp;printf
</UL>
<BR>[Called By]<UL><LI><a href="#[10a]">&gt;&gt;</a>&nbsp;&nbsp;&nbsp;OsDeleteSortLink
<LI><a href="#[106]">&gt;&gt;</a>&nbsp;&nbsp;&nbsp;OsAdd2SortLink
<LI><a href="#[d1]">&gt;&gt;</a>&nbsp;&nbsp;&nbsp;OsMemIntegrityCheckError
<LI><a href="#[122]">&gt;&gt;</a>&nbsp;&nbsp;&nbsp;OsMemFreeNodeAdd
</UL>

<P><STRONG><a name="[d7]"></a>LOS_QueueCreate</STRONG> (Thumb, 216 bytes, Stack size 40 bytes, los_queue.o(i.LOS_QueueCreate))
<BR><BR>[Stack]<UL><LI>Max Depth = 344 + Unknown Stack Size
<LI>Call Chain = LOS_QueueCreate &rArr; LOS_MemAlloc &rArr; OsMemAlloc &rArr; OsMemInfoPrint &rArr; LOS_MemInfoGet &rArr; OsAllMemNodeDoHandle &rArr; LOS_MemIntegrityCheck &rArr; OsMemIntegrityCheck &rArr; OsMemPoolHeadCheck &rArr; OsLogLevelCheck &rArr;  OsLogLevelCheck (Cycle)
</UL>
<BR>[Calls]<UL><LI><a href="#[ab]">&gt;&gt;</a>&nbsp;&nbsp;&nbsp;HalIntRestore
<LI><a href="#[aa]">&gt;&gt;</a>&nbsp;&nbsp;&nbsp;HalIntLock
<LI><a href="#[c6]">&gt;&gt;</a>&nbsp;&nbsp;&nbsp;LOS_MemFree
<LI><a href="#[d9]">&gt;&gt;</a>&nbsp;&nbsp;&nbsp;LOS_ListInit
<LI><a href="#[d8]">&gt;&gt;</a>&nbsp;&nbsp;&nbsp;LOS_ListEmpty
<LI><a href="#[c3]">&gt;&gt;</a>&nbsp;&nbsp;&nbsp;LOS_MemAlloc
</UL>
<BR>[Called By]<UL><LI><a href="#[bc]">&gt;&gt;</a>&nbsp;&nbsp;&nbsp;OsSwtmrInit
</UL>

<P><STRONG><a name="[da]"></a>LOS_QueueReadCopy</STRONG> (Thumb, 54 bytes, Stack size 32 bytes, los_queue.o(i.LOS_QueueReadCopy))
<BR><BR>[Stack]<UL><LI>Max Depth = 184 + Unknown Stack Size
<LI>Call Chain = LOS_QueueReadCopy &rArr; OsQueueOperate &rArr; OsSchedTaskWake &rArr; OsDeleteSortLink &rArr; LOS_Panic &rArr; OsLogLevelCheck &rArr;  OsLogLevelCheck (Cycle)
</UL>
<BR>[Calls]<UL><LI><a href="#[dc]">&gt;&gt;</a>&nbsp;&nbsp;&nbsp;OsQueueOperate
<LI><a href="#[db]">&gt;&gt;</a>&nbsp;&nbsp;&nbsp;OsQueueReadParameterCheck
</UL>
<BR>[Called By]<UL><LI><a href="#[64]">&gt;&gt;</a>&nbsp;&nbsp;&nbsp;OsSwtmrTask
</UL>

<P><STRONG><a name="[dd]"></a>LOS_QueueWriteCopy</STRONG> (Thumb, 54 bytes, Stack size 48 bytes, los_queue.o(i.LOS_QueueWriteCopy))
<BR><BR>[Stack]<UL><LI>Max Depth = 200 + Unknown Stack Size
<LI>Call Chain = LOS_QueueWriteCopy &rArr; OsQueueOperate &rArr; OsSchedTaskWake &rArr; OsDeleteSortLink &rArr; LOS_Panic &rArr; OsLogLevelCheck &rArr;  OsLogLevelCheck (Cycle)
</UL>
<BR>[Calls]<UL><LI><a href="#[dc]">&gt;&gt;</a>&nbsp;&nbsp;&nbsp;OsQueueOperate
<LI><a href="#[de]">&gt;&gt;</a>&nbsp;&nbsp;&nbsp;OsQueueWriteParameterCheck
</UL>
<BR>[Called By]<UL><LI><a href="#[143]">&gt;&gt;</a>&nbsp;&nbsp;&nbsp;OsSwtmrTimeoutHandle
</UL>

<P><STRONG><a name="[df]"></a>LOS_SchedTickHandler</STRONG> (Thumb, 132 bytes, Stack size 16 bytes, los_sched.o(i.LOS_SchedTickHandler))
<BR><BR>[Stack]<UL><LI>Max Depth = 256 + Unknown Stack Size
<LI>Call Chain = LOS_SchedTickHandler &rArr; OsSchedUpdateExpireTime &rArr; OsSchedSetNextExpireTime &rArr; OsSchedTickReload &rArr; OsGetCurrSchedTimeCycle &rArr; OsGetCurrSysTimeCycle &rArr; OsLogLevelCheck &rArr;  OsLogLevelCheck (Cycle)
</UL>
<BR>[Calls]<UL><LI><a href="#[ab]">&gt;&gt;</a>&nbsp;&nbsp;&nbsp;HalIntRestore
<LI><a href="#[aa]">&gt;&gt;</a>&nbsp;&nbsp;&nbsp;HalIntLock
<LI><a href="#[e2]">&gt;&gt;</a>&nbsp;&nbsp;&nbsp;HalTaskSchedule
<LI><a href="#[e4]">&gt;&gt;</a>&nbsp;&nbsp;&nbsp;OsSchedUpdateExpireTime
<LI><a href="#[e3]">&gt;&gt;</a>&nbsp;&nbsp;&nbsp;OsTimeSliceUpdate
<LI><a href="#[e1]">&gt;&gt;</a>&nbsp;&nbsp;&nbsp;OsSchedScanTimerList
<LI><a href="#[e0]">&gt;&gt;</a>&nbsp;&nbsp;&nbsp;OsGetCurrSchedTimeCycle
</UL>
<BR>[Called By]<UL><LI><a href="#[9]">&gt;&gt;</a>&nbsp;&nbsp;&nbsp;OsTickHandler
</UL>

<P><STRONG><a name="[e5]"></a>LOS_Schedule</STRONG> (Thumb, 20 bytes, Stack size 8 bytes, los_sched.o(i.LOS_Schedule))
<BR><BR>[Stack]<UL><LI>Max Depth = 8 + Unknown Stack Size
<LI>Call Chain = LOS_Schedule
</UL>
<BR>[Calls]<UL><LI><a href="#[e2]">&gt;&gt;</a>&nbsp;&nbsp;&nbsp;HalTaskSchedule
</UL>
<BR>[Called By]<UL><LI><a href="#[e7]">&gt;&gt;</a>&nbsp;&nbsp;&nbsp;LOS_TaskCreate
<LI><a href="#[dc]">&gt;&gt;</a>&nbsp;&nbsp;&nbsp;OsQueueOperate
<LI><a href="#[ef]">&gt;&gt;</a>&nbsp;&nbsp;&nbsp;LOS_TaskYield
<LI><a href="#[f1]">&gt;&gt;</a>&nbsp;&nbsp;&nbsp;LOS_TaskDelete
<LI><a href="#[d4]">&gt;&gt;</a>&nbsp;&nbsp;&nbsp;LOS_TaskDelay
</UL>

<P><STRONG><a name="[e6]"></a>LOS_Start</STRONG> (Thumb, 8 bytes, Stack size 8 bytes, los_init.o(i.LOS_Start))
<BR><BR>[Stack]<UL><LI>Max Depth = 240 + Unknown Stack Size
<LI>Call Chain = LOS_Start &rArr; HalStartSchedule &rArr; OsSchedStart &rArr; OsSchedSetNextExpireTime &rArr; OsSchedTickReload &rArr; OsGetCurrSchedTimeCycle &rArr; OsGetCurrSysTimeCycle &rArr; OsLogLevelCheck &rArr;  OsLogLevelCheck (Cycle)
</UL>
<BR>[Calls]<UL><LI><a href="#[ac]">&gt;&gt;</a>&nbsp;&nbsp;&nbsp;HalStartSchedule
</UL>
<BR>[Called By]<UL><LI><a href="#[5b]">&gt;&gt;</a>&nbsp;&nbsp;&nbsp;main
</UL>

<P><STRONG><a name="[e7]"></a>LOS_TaskCreate</STRONG> (Thumb, 70 bytes, Stack size 24 bytes, los_task.o(i.LOS_TaskCreate))
<BR><BR>[Stack]<UL><LI>Max Depth = 384 + Unknown Stack Size
[...]
<BR><BR>[Stack]<UL><LI>Max Depth = 104 + Unknown Stack Size
<LI>Call Chain = OsTaskJoinPostUnsafe &rArr; OsSchedTaskWake &rArr; OsDeleteSortLink &rArr; LOS_Panic &rArr; OsLogLevelCheck &rArr;  OsLogLevelCheck (Cycle)
</UL>
<BR>[Calls]<UL><LI><a href="#[132]">&gt;&gt;</a>&nbsp;&nbsp;&nbsp;OsSchedTaskWake
<LI><a href="#[ec]">&gt;&gt;</a>&nbsp;&nbsp;&nbsp;LOS_ListEmpty
</UL>
<BR>[Called By]<UL><LI><a href="#[f1]">&gt;&gt;</a>&nbsp;&nbsp;&nbsp;LOS_TaskDelete
</UL>

<P><STRONG><a name="[ca]"></a>OsAllMemNodeDoHandle</STRONG> (Thumb, 150 bytes, Stack size 32 bytes, los_memory.o(i.OsAllMemNodeDoHandle))
<BR><BR>[Stack]<UL><LI>Max Depth = 144 + Unknown Stack Size
<LI>Call Chain = OsAllMemNodeDoHandle &rArr; LOS_MemIntegrityCheck &rArr; OsMemIntegrityCheck &rArr; OsMemPoolHeadCheck &rArr; OsLogLevelCheck &rArr;  OsLogLevelCheck (Cycle)
</UL>
<BR>[Calls]<UL><LI><a href="#[a7]">&gt;&gt;</a>&nbsp;&nbsp;&nbsp;OsLogLevelCheck
<LI><a href="#[ab]">&gt;&gt;</a>&nbsp;&nbsp;&nbsp;HalIntRestore
<LI><a href="#[aa]">&gt;&gt;</a>&nbsp;&nbsp;&nbsp;HalIntLock
<LI><a href="#[a8]">&gt;&gt;</a>&nbsp;&nbsp;&nbsp;__2printf
<LI><a href="#[cf]">&gt;&gt;</a>&nbsp;&nbsp;&nbsp;LOS_MemIntegrityCheck
</UL>
<BR>[Called By]<UL><LI><a href="#[c9]">&gt;&gt;</a>&nbsp;&nbsp;&nbsp;LOS_MemInfoGet
</UL>

<P><STRONG><a name="[c7]"></a>OsGetRealPtr</STRONG> (Thumb, 120 bytes, Stack size 24 bytes, los_memory.o(i.OsGetRealPtr))
<BR><BR>[Stack]<UL><LI>Max Depth = 56<LI>Call Chain = OsGetRealPtr &rArr; OsLogLevelCheck &rArr;  OsLogLevelCheck (Cycle)
</UL>
<BR>[Calls]<UL><LI><a href="#[a7]">&gt;&gt;</a>&nbsp;&nbsp;&nbsp;OsLogLevelCheck
<LI><a href="#[a8]">&gt;&gt;</a>&nbsp;&nbsp;&nbsp;__2printf
</UL>
<BR>[Called By]<UL><LI><a href="#[c6]">&gt;&gt;</a>&nbsp;&nbsp;&nbsp;LOS_MemFree
</UL>

<P><STRONG><a name="[115]"></a>OsMemAddrValidCheck</STRONG> (Thumb, 26 bytes, Stack size 0 bytes, los_memory.o(i.OsMemAddrValidCheck))
<BR><BR>[Called By]<UL><LI><a href="#[11c]">&gt;&gt;</a>&nbsp;&nbsp;&nbsp;OsMemIsNodeValid
<LI><a href="#[127]">&gt;&gt;</a>&nbsp;&nbsp;&nbsp;OsMemIntegrityCheckSub
<LI><a href="#[124]">&gt;&gt;</a>&nbsp;&nbsp;&nbsp;OsMemFreeListNodeCheck
<LI><a href="#[114]">&gt;&gt;</a>&nbsp;&nbsp;&nbsp;OsMemAddrValidCheckPrint
</UL>

<P><STRONG><a name="[114]"></a>OsMemAddrValidCheckPrint</STRONG> (Thumb, 110 bytes, Stack size 16 bytes, los_memory.o(i.OsMemAddrValidCheckPrint))
<BR><BR>[Stack]<UL><LI>Max Depth = 48<LI>Call Chain = OsMemAddrValidCheckPrint &rArr; OsLogLevelCheck &rArr;  OsLogLevelCheck (Cycle)
</UL>
<BR>[Calls]<UL><LI><a href="#[a7]">&gt;&gt;</a>&nbsp;&nbsp;&nbsp;OsLogLevelCheck
<LI><a href="#[a8]">&gt;&gt;</a>&nbsp;&nbsp;&nbsp;__2printf
<LI><a href="#[115]">&gt;&gt;</a>&nbsp;&nbsp;&nbsp;OsMemAddrValidCheck
</UL>
<BR>[Called By]<UL><LI><a href="#[127]">&gt;&gt;</a>&nbsp;&nbsp;&nbsp;OsMemIntegrityCheckSub
</UL>

<P><STRONG><a name="[c4]"></a>OsMemAlloc</STRONG> (Thumb, 224 bytes, Stack size 48 bytes, los_memory.o(i.OsMemAlloc))
<BR><BR>[Stack]<UL><LI>Max Depth = 280 + Unknown Stack Size
<LI>Call Chain = OsMemAlloc &rArr; OsMemInfoPrint &rArr; LOS_MemInfoGet &rArr; OsAllMemNodeDoHandle &rArr; LOS_MemIntegrityCheck &rArr; OsMemIntegrityCheck &rArr; OsMemPoolHeadCheck &rArr; OsLogLevelCheck &rArr;  OsLogLevelCheck (Cycle)
</UL>
<BR>[Calls]<UL><LI><a href="#[a7]">&gt;&gt;</a>&nbsp;&nbsp;&nbsp;OsLogLevelCheck
<LI><a href="#[ab]">&gt;&gt;</a>&nbsp;&nbsp;&nbsp;HalIntRestore
<LI><a href="#[aa]">&gt;&gt;</a>&nbsp;&nbsp;&nbsp;HalIntLock
<LI><a href="#[a8]">&gt;&gt;</a>&nbsp;&nbsp;&nbsp;__2printf
<LI><a href="#[11a]">&gt;&gt;</a>&nbsp;&nbsp;&nbsp;OsMemWaterUsedRecord
<LI><a href="#[119]">&gt;&gt;</a>&nbsp;&nbsp;&nbsp;OsMemSplitNode
<LI><a href="#[117]">&gt;&gt;</a>&nbsp;&nbsp;&nbsp;OsMemListDelete
<LI><a href="#[118]">&gt;&gt;</a>&nbsp;&nbsp;&nbsp;OsMemInfoPrint
<LI><a href="#[116]">&gt;&gt;</a>&nbsp;&nbsp;&nbsp;OsMemFindNextSuitableBlock
</UL>
<BR>[Called By]<UL><LI><a href="#[c3]">&gt;&gt;</a>&nbsp;&nbsp;&nbsp;LOS_MemAlloc
<LI><a href="#[c5]">&gt;&gt;</a>&nbsp;&nbsp;&nbsp;LOS_MemAllocAlign
</UL>

<P><STRONG><a name="[11b]"></a>OsMemCheckUsedNode</STRONG> (Thumb, 156 bytes, Stack size 32 bytes, los_memory.o(i.OsMemCheckUsedNode))
<BR><BR>[Stack]<UL><LI>Max Depth = 56<LI>Call Chain = OsMemCheckUsedNode &rArr; OsMemIsNodeValid
</UL>
<BR>[Calls]<UL><LI><a href="#[11c]">&gt;&gt;</a>&nbsp;&nbsp;&nbsp;OsMemIsNodeValid
</UL>
<BR>[Called By]<UL><LI><a href="#[c8]">&gt;&gt;</a>&nbsp;&nbsp;&nbsp;OsMemFree
</UL>

<P><STRONG><a name="[11f]"></a>OsMemFFS</STRONG> (Thumb, 20 bytes, Stack size 0 bytes, los_memory.o(i.OsMemFFS))
<BR><BR>[Called By]<UL><LI><a href="#[116]">&gt;&gt;</a>&nbsp;&nbsp;&nbsp;OsMemFindNextSuitableBlock
</UL>

<P><STRONG><a name="[116]"></a>OsMemFindNextSuitableBlock</STRONG> (Thumb, 264 bytes, Stack size 64 bytes, los_memory.o(i.OsMemFindNextSuitableBlock))
<BR><BR>[Stack]<UL><LI>Max Depth = 112<LI>Call Chain = OsMemFindNextSuitableBlock &rArr; OsMemSlGet &rArr; OsLogLevelCheck &rArr;  OsLogLevelCheck (Cycle)
</UL>
<BR>[Calls]<UL><LI><a href="#[11e]">&gt;&gt;</a>&nbsp;&nbsp;&nbsp;OsMemSlGet
<LI><a href="#[11d]">&gt;&gt;</a>&nbsp;&nbsp;&nbsp;OsMemFlGet
<LI><a href="#[11f]">&gt;&gt;</a>&nbsp;&nbsp;&nbsp;OsMemFFS
</UL>
<BR>[Called By]<UL><LI><a href="#[c4]">&gt;&gt;</a>&nbsp;&nbsp;&nbsp;OsMemAlloc
</UL>

<P><STRONG><a name="[11d]"></a>OsMemFlGet</STRONG> (Thumb, 40 bytes, Stack size 0 bytes, los_memory.o(i.OsMemFlGet))
<BR><BR>[Called By]<UL><LI><a href="#[123]">&gt;&gt;</a>&nbsp;&nbsp;&nbsp;OsMemFreeListIndexGet
<LI><a href="#[116]">&gt;&gt;</a>&nbsp;&nbsp;&nbsp;OsMemFindNextSuitableBlock
</UL>

<P><STRONG><a name="[c8]"></a>OsMemFree</STRONG> (Thumb, 140 bytes, Stack size 24 bytes, los_memory.o(i.OsMemFree))
<BR><BR>[Stack]<UL><LI>Max Depth = 112 + Unknown Stack Size
<LI>Call Chain = OsMemFree &rArr; OsMemFreeNodeAdd &rArr; OsMemFreeListIndexGet &rArr; OsMemSlGet &rArr; OsLogLevelCheck &rArr;  OsLogLevelCheck (Cycle)
</UL>
<BR>[Calls]<UL><LI><a href="#[a7]">&gt;&gt;</a>&nbsp;&nbsp;&nbsp;OsLogLevelCheck
<LI><a href="#[a8]">&gt;&gt;</a>&nbsp;&nbsp;&nbsp;__2printf
<LI><a href="#[121]">&gt;&gt;</a>&nbsp;&nbsp;&nbsp;OsMemMergeNode
<LI><a href="#[120]">&gt;&gt;</a>&nbsp;&nbsp;&nbsp;OsMemFreeNodeDelete
<LI><a href="#[122]">&gt;&gt;</a>&nbsp;&nbsp;&nbsp;OsMemFreeNodeAdd
<LI><a href="#[11b]">&gt;&gt;</a>&nbsp;&nbsp;&nbsp;OsMemCheckUsedNode
</UL>
<BR>[Called By]<UL><LI><a href="#[c6]">&gt;&gt;</a>&nbsp;&nbsp;&nbsp;LOS_MemFree
</UL>

<P><STRONG><a name="[123]"></a>OsMemFreeListIndexGet</STRONG> (Thumb, 44 bytes, Stack size 16 bytes, los_memory.o(i.OsMemFreeListIndexGet))
<BR><BR>[Stack]<UL><LI>Max Depth = 64<LI>Call Chain = OsMemFreeListIndexGet &rArr; OsMemSlGet &rArr; OsLogLevelCheck &rArr;  OsLogLevelCheck (Cycle)
</UL>
<BR>[Calls]<UL><LI><a href="#[11e]">&gt;&gt;</a>&nbsp;&nbsp;&nbsp;OsMemSlGet
<LI><a href="#[11d]">&gt;&gt;</a>&nbsp;&nbsp;&nbsp;OsMemFlGet
</UL>
<BR>[Called By]<UL><LI><a href="#[120]">&gt;&gt;</a>&nbsp;&nbsp;&nbsp;OsMemFreeNodeDelete
<LI><a href="#[122]">&gt;&gt;</a>&nbsp;&nbsp;&nbsp;OsMemFreeNodeAdd
</UL>

<P><STRONG><a name="[124]"></a>OsMemFreeListNodeCheck</STRONG> (Thumb, 96 bytes, Stack size 16 bytes, los_memory.o(i.OsMemFreeListNodeCheck))
<BR><BR>[Stack]<UL><LI>Max Depth = 16<LI>Call Chain = OsMemFreeListNodeCheck
</UL>
<BR>[Calls]<UL><LI><a href="#[115]">&gt;&gt;</a>&nbsp;&nbsp;&nbsp;OsMemAddrValidCheck
</UL>
<BR>[Called By]<UL><LI><a href="#[126]">&gt;&gt;</a>&nbsp;&nbsp;&nbsp;OsMemPoolHeadCheck
</UL>

<P><STRONG><a name="[122]"></a>OsMemFreeNodeAdd</STRONG> (Thumb, 108 bytes, Stack size 24 bytes, los_memory.o(i.OsMemFreeNodeAdd))
<BR><BR>[Stack]<UL><LI>Max Depth = 88 + Unknown Stack Size
<LI>Call Chain = OsMemFreeNodeAdd &rArr; OsMemFreeListIndexGet &rArr; OsMemSlGet &rArr; OsLogLevelCheck &rArr;  OsLogLevelCheck (Cycle)
</UL>
<BR>[Calls]<UL><LI><a href="#[d5]">&gt;&gt;</a>&nbsp;&nbsp;&nbsp;LOS_Panic
<LI><a href="#[123]">&gt;&gt;</a>&nbsp;&nbsp;&nbsp;OsMemFreeListIndexGet
</UL>
<BR>[Called By]<UL><LI><a href="#[119]">&gt;&gt;</a>&nbsp;&nbsp;&nbsp;OsMemSplitNode
<LI><a href="#[cc]">&gt;&gt;</a>&nbsp;&nbsp;&nbsp;OsMemPoolInit
<LI><a href="#[c8]">&gt;&gt;</a>&nbsp;&nbsp;&nbsp;OsMemFree
</UL>

<P><STRONG><a name="[120]"></a>OsMemFreeNodeDelete</STRONG> (Thumb, 26 bytes, Stack size 16 bytes, los_memory.o(i.OsMemFreeNodeDelete))
<BR><BR>[Stack]<UL><LI>Max Depth = 80<LI>Call Chain = OsMemFreeNodeDelete &rArr; OsMemFreeListIndexGet &rArr; OsMemSlGet &rArr; OsLogLevelCheck &rArr;  OsLogLevelCheck (Cycle)
</UL>
<BR>[Calls]<UL><LI><a href="#[117]">&gt;&gt;</a>&nbsp;&nbsp;&nbsp;OsMemListDelete
<LI><a href="#[123]">&gt;&gt;</a>&nbsp;&nbsp;&nbsp;OsMemFreeListIndexGet
</UL>
<BR>[Called By]<UL><LI><a href="#[119]">&gt;&gt;</a>&nbsp;&nbsp;&nbsp;OsMemSplitNode
<LI><a href="#[c8]">&gt;&gt;</a>&nbsp;&nbsp;&nbsp;OsMemFree
</UL>

<P><STRONG><a name="[12a]"></a>OsMemInfoGet</STRONG> (Thumb, 122 bytes, Stack size 20 bytes, los_memory.o(i.OsMemInfoGet))
<BR><BR>[Stack]<UL><LI>Max Depth = 20<LI>Call Chain = OsMemInfoGet
</UL>
<BR>[Called By]<UL><LI><a href="#[61]">&gt;&gt;</a>&nbsp;&nbsp;&nbsp;OsMemNodeInfoGetHandle
</UL>

<P><STRONG><a name="[118]"></a>OsMemInfoPrint</STRONG> (Thumb, 124 bytes, Stack size 64 bytes, los_memory.o(i.OsMemInfoPrint))
<BR><BR>[Stack]<UL><LI>Max Depth = 232 + Unknown Stack Size
<LI>Call Chain = OsMemInfoPrint &rArr; LOS_MemInfoGet &rArr; OsAllMemNodeDoHandle &rArr; LOS_MemIntegrityCheck &rArr; OsMemIntegrityCheck &rArr; OsMemPoolHeadCheck &rArr; OsLogLevelCheck &rArr;  OsLogLevelCheck (Cycle)
</UL>
<BR>[Calls]<UL><LI><a href="#[a7]">&gt;&gt;</a>&nbsp;&nbsp;&nbsp;OsLogLevelCheck
<LI><a href="#[a8]">&gt;&gt;</a>&nbsp;&nbsp;&nbsp;__2printf
<LI><a href="#[84]">&gt;&gt;</a>&nbsp;&nbsp;&nbsp;__aeabi_memclr4
<LI><a href="#[125]">&gt;&gt;</a>&nbsp;&nbsp;&nbsp;LOS_MemPoolSizeGet
<LI><a href="#[c9]">&gt;&gt;</a>&nbsp;&nbsp;&nbsp;LOS_MemInfoGet
</UL>
<BR>[Called By]<UL><LI><a href="#[c4]">&gt;&gt;</a>&nbsp;&nbsp;&nbsp;OsMemAlloc
</UL>

<P><STRONG><a name="[d0]"></a>OsMemIntegrityCheck</STRONG> (Thumb, 86 bytes, Stack size 24 bytes, los_memory.o(i.OsMemIntegrityCheck))
<BR><BR>[Stack]<UL><LI>Max Depth = 88<LI>Call Chain = OsMemIntegrityCheck &rArr; OsMemPoolHeadCheck &rArr; OsLogLevelCheck &rArr;  OsLogLevelCheck (Cycle)
</UL>
<BR>[Calls]<UL><LI><a href="#[126]">&gt;&gt;</a>&nbsp;&nbsp;&nbsp;OsMemPoolHeadCheck
<LI><a href="#[127]">&gt;&gt;</a>&nbsp;&nbsp;&nbsp;OsMemIntegrityCheckSub
</UL>
<BR>[Called By]<UL><LI><a href="#[cf]">&gt;&gt;</a>&nbsp;&nbsp;&nbsp;LOS_MemIntegrityCheck
</UL>

<P><STRONG><a name="[d1]"></a>OsMemIntegrityCheckError</STRONG> (Thumb, 74 bytes, Stack size 0 bytes, los_memory.o(i.OsMemIntegrityCheckError))
<BR><BR>[Stack]<UL><LI>Max Depth = 56 + Unknown Stack Size
<LI>Call Chain = OsMemIntegrityCheckError &rArr; LOS_Panic &rArr; OsLogLevelCheck &rArr;  OsLogLevelCheck (Cycle)
</UL>
<BR>[Calls]<UL><LI><a href="#[d5]">&gt;&gt;</a>&nbsp;&nbsp;&nbsp;LOS_Panic
<LI><a href="#[ab]">&gt;&gt;</a>&nbsp;&nbsp;&nbsp;HalIntRestore
<LI><a href="#[129]">&gt;&gt;</a>&nbsp;&nbsp;&nbsp;memcpy_s
<LI><a href="#[128]">&gt;&gt;</a>&nbsp;&nbsp;&nbsp;OsMemNodeInfo
</UL>
<BR>[Called By]<UL><LI><a href="#[cf]">&gt;&gt;</a>&nbsp;&nbsp;&nbsp;LOS_MemIntegrityCheck
</UL>

<P><STRONG><a name="[127]"></a>OsMemIntegrityCheckSub</STRONG> (Thumb, 80 bytes, Stack size 16 bytes, los_memory.o(i.OsMemIntegrityCheckSub))
<BR><BR>[Stack]<UL><LI>Max Depth = 64<LI>Call Chain = OsMemIntegrityCheckSub &rArr; OsMemAddrValidCheckPrint &rArr; OsLogLevelCheck &rArr;  OsLogLevelCheck (Cycle)
</UL>
<BR>[Calls]<UL><LI><a href="#[a7]">&gt;&gt;</a>&nbsp;&nbsp;&nbsp;OsLogLevelCheck
<LI><a href="#[a8]">&gt;&gt;</a>&nbsp;&nbsp;&nbsp;__2printf
<LI><a href="#[114]">&gt;&gt;</a>&nbsp;&nbsp;&nbsp;OsMemAddrValidCheckPrint
<LI><a href="#[115]">&gt;&gt;</a>&nbsp;&nbsp;&nbsp;OsMemAddrValidCheck
</UL>
<BR>[Called By]<UL><LI><a href="#[d0]">&gt;&gt;</a>&nbsp;&nbsp;&nbsp;OsMemIntegrityCheck
</UL>

<P><STRONG><a name="[11c]"></a>OsMemIsNodeValid</STRONG> (Thumb, 56 bytes, Stack size 24 bytes, los_memory.o(i.OsMemIsNodeValid))
<BR><BR>[Stack]<UL><LI>Max Depth = 24<LI>Call Chain = OsMemIsNodeValid
</UL>
<BR>[Calls]<UL><LI><a href="#[115]">&gt;&gt;</a>&nbsp;&nbsp;&nbsp;OsMemAddrValidCheck
</UL>
<BR>[Called By]<UL><LI><a href="#[11b]">&gt;&gt;</a>&nbsp;&nbsp;&nbsp;OsMemCheckUsedNode
</UL>

<P><STRONG><a name="[117]"></a>OsMemListDelete</STRONG> (Thumb, 90 bytes, Stack size 12 bytes, los_memory.o(i.OsMemListDelete))
<BR><BR>[Stack]<UL><LI>Max Depth = 12<LI>Call Chain = OsMemListDelete
</UL>
<BR>[Called By]<UL><LI><a href="#[120]">&gt;&gt;</a>&nbsp;&nbsp;&nbsp;OsMemFreeNodeDelete
<LI><a href="#[c4]">&gt;&gt;</a>&nbsp;&nbsp;&nbsp;OsMemAlloc
</UL>

<P><STRONG><a name="[121]"></a>OsMemMergeNode</STRONG> (Thumb, 30 bytes, Stack size 0 bytes, los_memory.o(i.OsMemMergeNode))
<BR><BR>[Called By]<UL><LI><a href="#[119]">&gt;&gt;</a>&nbsp;&nbsp;&nbsp;OsMemSplitNode
<LI><a href="#[c8]">&gt;&gt;</a>&nbsp;&nbsp;&nbsp;OsMemFree
</UL>

<P><STRONG><a name="[128]"></a>OsMemNodeInfo</STRONG> (Thumb, 158 bytes, Stack size 24 bytes, los_memory.o(i.OsMemNodeInfo))
<BR><BR>[Stack]<UL><LI>Max Depth = 56<LI>Call Chain = OsMemNodeInfo &rArr; OsLogLevelCheck &rArr;  OsLogLevelCheck (Cycle)
</UL>
<BR>[Calls]<UL><LI><a href="#[a7]">&gt;&gt;</a>&nbsp;&nbsp;&nbsp;OsLogLevelCheck
<LI><a href="#[a8]">&gt;&gt;</a>&nbsp;&nbsp;&nbsp;__2printf
</UL>
<BR>[Called By]<UL><LI><a href="#[d1]">&gt;&gt;</a>&nbsp;&nbsp;&nbsp;OsMemIntegrityCheckError
</UL>

<P><STRONG><a name="[61]"></a>OsMemNodeInfoGetHandle</STRONG> (Thumb, 18 bytes, Stack size 16 bytes, los_memory.o(i.OsMemNodeInfoGetHandle))
<BR><BR>[Stack]<UL><LI>Max Depth = 36<LI>Call Chain = OsMemNodeInfoGetHandle &rArr; OsMemInfoGet
</UL>
<BR>[Calls]<UL><LI><a href="#[12a]">&gt;&gt;</a>&nbsp;&nbsp;&nbsp;OsMemInfoGet
</UL>
<BR>[Address Reference Count : 1]<UL><LI> los_memory.o(i.LOS_MemInfoGet)
</UL>
<P><STRONG><a name="[cd]"></a>OsMemPoolAdd</STRONG> (Thumb, 126 bytes, Stack size 32 bytes, los_memory.o(i.OsMemPoolAdd))
<BR><BR>[Stack]<UL><LI>Max Depth = 64<LI>Call Chain = OsMemPoolAdd &rArr; OsLogLevelCheck &rArr;  OsLogLevelCheck (Cycle)
</UL>
<BR>[Calls]<UL><LI><a href="#[a7]">&gt;&gt;</a>&nbsp;&nbsp;&nbsp;OsLogLevelCheck
<LI><a href="#[a8]">&gt;&gt;</a>&nbsp;&nbsp;&nbsp;__2printf
<LI><a href="#[125]">&gt;&gt;</a>&nbsp;&nbsp;&nbsp;LOS_MemPoolSizeGet
</UL>
<BR>[Called By]<UL><LI><a href="#[cb]">&gt;&gt;</a>&nbsp;&nbsp;&nbsp;LOS_MemInit
</UL>

<P><STRONG><a name="[ce]"></a>OsMemPoolDeinit</STRONG> (Thumb, 20 bytes, Stack size 8 bytes, los_memory.o(i.OsMemPoolDeinit))
<BR><BR>[Stack]<UL><LI>Max Depth = 56<LI>Call Chain = OsMemPoolDeinit &rArr; memset_s &rArr; SecMemsetError
</UL>
<BR>[Calls]<UL><LI><a href="#[b0]">&gt;&gt;</a>&nbsp;&nbsp;&nbsp;memset_s
</UL>
<BR>[Called By]<UL><LI><a href="#[cb]">&gt;&gt;</a>&nbsp;&nbsp;&nbsp;LOS_MemInit
</UL>

<P><STRONG><a name="[126]"></a>OsMemPoolHeadCheck</STRONG> (Thumb, 174 bytes, Stack size 32 bytes, los_memory.o(i.OsMemPoolHeadCheck))
<BR><BR>[Stack]<UL><LI>Max Depth = 64<LI>Call Chain = OsMemPoolHeadCheck &rArr; OsLogLevelCheck &rArr;  OsLogLevelCheck (Cycle)
</UL>
<BR>[Calls]<UL><LI><a href="#[a7]">&gt;&gt;</a>&nbsp;&nbsp;&nbsp;OsLogLevelCheck
<LI><a href="#[a8]">&gt;&gt;</a>&nbsp;&nbsp;&nbsp;__2printf
<LI><a href="#[124]">&gt;&gt;</a>&nbsp;&nbsp;&nbsp;OsMemFreeListNodeCheck
</UL>
<BR>[Called By]<UL><LI><a href="#[d0]">&gt;&gt;</a>&nbsp;&nbsp;&nbsp;OsMemIntegrityCheck
</UL>

<P><STRONG><a name="[cc]"></a>OsMemPoolInit</STRONG> (Thumb, 108 bytes, Stack size 24 bytes, los_memory.o(i.OsMemPoolInit))
<BR><BR>[Stack]<UL><LI>Max Depth = 112 + Unknown Stack Size
<LI>Call Chain = OsMemPoolInit &rArr; OsMemFreeNodeAdd &rArr; OsMemFreeListIndexGet &rArr; OsMemSlGet &rArr; OsLogLevelCheck &rArr;  OsLogLevelCheck (Cycle)
</UL>
<BR>[Calls]<UL><LI><a href="#[b0]">&gt;&gt;</a>&nbsp;&nbsp;&nbsp;memset_s
<LI><a href="#[122]">&gt;&gt;</a>&nbsp;&nbsp;&nbsp;OsMemFreeNodeAdd
</UL>
<BR>[Called By]<UL><LI><a href="#[cb]">&gt;&gt;</a>&nbsp;&nbsp;&nbsp;LOS_MemInit
</UL>

<P><STRONG><a name="[11e]"></a>OsMemSlGet</STRONG> (Thumb, 56 bytes, Stack size 16 bytes, los_memory.o(i.OsMemSlGet))
<BR><BR>[Stack]<UL><LI>Max Depth = 48<LI>Call Chain = OsMemSlGet &rArr; OsLogLevelCheck &rArr;  OsLogLevelCheck (Cycle)
</UL>
<BR>[Calls]<UL><LI><a href="#[a7]">&gt;&gt;</a>&nbsp;&nbsp;&nbsp;OsLogLevelCheck
<LI><a href="#[a8]">&gt;&gt;</a>&nbsp;&nbsp;&nbsp;__2printf
</UL>
<BR>[Called By]<UL><LI><a href="#[123]">&gt;&gt;</a>&nbsp;&nbsp;&nbsp;OsMemFreeListIndexGet
<LI><a href="#[116]">&gt;&gt;</a>&nbsp;&nbsp;&nbsp;OsMemFindNextSuitableBlock
</UL>

<P><STRONG><a name="[119]"></a>OsMemSplitNode</STRONG> (Thumb, 76 bytes, Stack size 24 bytes, los_memory.o(i.OsMemSplitNode))
<BR><BR>[Stack]<UL><LI>Max Depth = 112 + Unknown Stack Size
<LI>Call Chain = OsMemSplitNode &rArr; OsMemFreeNodeAdd &rArr; OsMemFreeListIndexGet &rArr; OsMemSlGet &rArr; OsLogLevelCheck &rArr;  OsLogLevelCheck (Cycle)
</UL>
<BR>[Calls]<UL><LI><a href="#[121]">&gt;&gt;</a>&nbsp;&nbsp;&nbsp;OsMemMergeNode
<LI><a href="#[120]">&gt;&gt;</a>&nbsp;&nbsp;&nbsp;OsMemFreeNodeDelete
<LI><a href="#[122]">&gt;&gt;</a>&nbsp;&nbsp;&nbsp;OsMemFreeNodeAdd
</UL>
<BR>[Called By]<UL><LI><a href="#[c4]">&gt;&gt;</a>&nbsp;&nbsp;&nbsp;OsMemAlloc
</UL>

<P><STRONG><a name="[11a]"></a>OsMemWaterUsedRecord</STRONG> (Thumb, 20 bytes, Stack size 0 bytes, los_memory.o(i.OsMemWaterUsedRecord))
<BR><BR>[Called By]<UL><LI><a href="#[c4]">&gt;&gt;</a>&nbsp;&nbsp;&nbsp;OsMemAlloc
</UL>

<P><STRONG><a name="[147]"></a>SecMemcpyError</STRONG> (Thumb, 108 bytes, Stack size 24 bytes, memcpy_s.o(i.SecMemcpyError))
<BR><BR>[Stack]<UL><LI>Max Depth = 24<LI>Call Chain = SecMemcpyError
</UL>
<BR>[Calls]<UL><LI><a href="#[6d]">&gt;&gt;</a>&nbsp;&nbsp;&nbsp;__aeabi_memclr
</UL>
<BR>[Called By]<UL><LI><a href="#[129]">&gt;&gt;</a>&nbsp;&nbsp;&nbsp;memcpy_s
</UL>

<P><STRONG><a name="[148]"></a>SecMemsetError</STRONG> (Thumb, 54 bytes, Stack size 24 bytes, memset_s.o(i.SecMemsetError))
<BR><BR>[Stack]<UL><LI>Max Depth = 24<LI>Call Chain = SecMemsetError
</UL>
<BR>[Calls]<UL><LI><a href="#[6e]">&gt;&gt;</a>&nbsp;&nbsp;&nbsp;__aeabi_memset
</UL>
<BR>[Called By]<UL><LI><a href="#[b0]">&gt;&gt;</a>&nbsp;&nbsp;&nbsp;memset_s
</UL>

<P><STRONG><a name="[14d]"></a>_fp_digits</STRONG> (Thumb, 366 bytes, Stack size 64 bytes, printfa.o(i._fp_digits), UNUSED)
<BR><BR>[Calls]<UL><LI><a href="#[78]">&gt;&gt;</a>&nbsp;&nbsp;&nbsp;__aeabi_dmul
<LI><a href="#[74]">&gt;&gt;</a>&nbsp;&nbsp;&nbsp;__aeabi_dadd
<LI><a href="#[14e]">&gt;&gt;</a>&nbsp;&nbsp;&nbsp;__aeabi_cdrcmple
<LI><a href="#[70]">&gt;&gt;</a>&nbsp;&nbsp;&nbsp;__aeabi_ddiv
<LI><a href="#[72]">&gt;&gt;</a>&nbsp;&nbsp;&nbsp;__aeabi_d2ulz
<LI><a href="#[6a]">&gt;&gt;</a>&nbsp;&nbsp;&nbsp;__aeabi_uldivmod
</UL>
<BR>[Called By]<UL><LI><a href="#[14c]">&gt;&gt;</a>&nbsp;&nbsp;&nbsp;_printf_core
</UL>

<P><STRONG><a name="[14c]"></a>_printf_core</STRONG> (Thumb, 1704 bytes, Stack size 136 bytes, printfa.o(i._printf_core), UNUSED)
<BR><BR>[Calls]<UL><LI><a href="#[151]">&gt;&gt;</a>&nbsp;&nbsp;&nbsp;__aeabi_uidivmod
<LI><a href="#[14f]">&gt;&gt;</a>&nbsp;&nbsp;&nbsp;_printf_pre_padding
<LI><a href="#[150]">&gt;&gt;</a>&nbsp;&nbsp;&nbsp;_printf_post_padding
<LI><a href="#[14d]">&gt;&gt;</a>&nbsp;&nbsp;&nbsp;_fp_digits
<LI><a href="#[6a]">&gt;&gt;</a>&nbsp;&nbsp;&nbsp;__aeabi_uldivmod
</UL>
<BR>[Called By]<UL><LI><a href="#[14b]">&gt;&gt;</a>&nbsp;&nbsp;&nbsp;__0printf
</UL>

<P><STRONG><a name="[150]"></a>_printf_post_padding</STRONG> (Thumb, 36 bytes, Stack size 24 bytes, printfa.o(i._printf_post_padding), UNUSED)
<BR><BR>[Called By]<UL><LI><a href="#[14c]">&gt;&gt;</a>&nbsp;&nbsp;&nbsp;_printf_core
</UL>

<P><STRONG><a name="[14f]"></a>_printf_pre_padding</STRONG> (Thumb, 46 bytes, Stack size 24 bytes, printfa.o(i._printf_pre_padding), UNUSED)
<BR><BR>[Called By]<UL><LI><a href="#[14c]">&gt;&gt;</a>&nbsp;&nbsp;&nbsp;_printf_core
</UL>
<P>
<H3>
Undefined Global Symbols
</H3><HR></body></html>
