Component: ARM Compiler 5.06 update 7 (build 960) Tool: armlink [4d3601]

==============================================================================

Section Cross References

    startup_stm32f407xx.o(RESET) refers to startup_stm32f407xx.o(STACK) for __initial_sp
    startup_stm32f407xx.o(RESET) refers to startup_stm32f407xx.o(.text) for Reset_Handler
    startup_stm32f407xx.o(RESET) refers to stm32f4xx_it.o(i.NMI_Handler) for NMI_Handler
    startup_stm32f407xx.o(RESET) refers to stm32f4xx_it.o(i.HardFault_Handler) for HardFault_Handler
    startup_stm32f407xx.o(RESET) refers to stm32f4xx_it.o(i.MemManage_Handler) for MemManage_Handler
    startup_stm32f407xx.o(RESET) refers to stm32f4xx_it.o(i.BusFault_Handler) for BusFault_Handler
    startup_stm32f407xx.o(RESET) refers to stm32f4xx_it.o(i.UsageFault_Handler) for UsageFault_Handler
    startup_stm32f407xx.o(RESET) refers to stm32f4xx_it.o(i.SVC_Handler) for SVC_Handler
    startup_stm32f407xx.o(RESET) refers to stm32f4xx_it.o(i.DebugMon_Handler) for DebugMon_Handler
    startup_stm32f407xx.o(RESET) refers to los_dispatch.o(.text) for HalPendSV
    startup_stm32f407xx.o(RESET) refers to los_tick.o(i.OsTickHandler) for OsTickHandler
    startup_stm32f407xx.o(RESET) refers to stm32f4xx_it.o(i.DMA1_Stream3_IRQHandler) for DMA1_Stream3_IRQHandler
    startup_stm32f407xx.o(RESET) refers to stm32f4xx_it.o(i.USART2_IRQHandler) for USART2_IRQHandler
    startup_stm32f407xx.o(RESET) refers to stm32f4xx_it.o(i.USART3_IRQHandler) for USART3_IRQHandler
    startup_stm32f407xx.o(RESET) refers to stm32f4xx_it.o(i.TIM7_IRQHandler) for TIM7_IRQHandler
    startup_stm32f407xx.o(RESET) refers to stm32f4xx_it.o(i.DMA2_Stream7_IRQHandler) for DMA2_Stream7_IRQHandler
    startup_stm32f407xx.o(.text) refers to system_stm32f4xx.o(i.SystemInit) for SystemInit
    startup_stm32f407xx.o(.text) refers to entry.o(.ARM.Collect$$$$00000000) for __main
    oled.o(i.OLED_Clear) refers to oled.o(i.OLED_WR_CMD) for OLED_WR_CMD
    oled.o(i.OLED_Clear) refers to oled.o(i.OLED_WR_DATA) for OLED_WR_DATA
    oled.o(i.OLED_DisplayMode) refers to oled.o(i.OLED_WR_CMD) for OLED_WR_CMD
    oled.o(i.OLED_Display_Off) refers to oled.o(i.OLED_WR_CMD) for OLED_WR_CMD
    oled.o(i.OLED_Display_On) refers to oled.o(i.OLED_WR_CMD) for OLED_WR_CMD
    oled.o(i.OLED_DrawBMP) refers to oled.o(i.OLED_Set_Pos) for OLED_Set_Pos
    oled.o(i.OLED_DrawBMP) refers to oled.o(i.OLED_WR_DATA) for OLED_WR_DATA
    oled.o(i.OLED_HorizontalShift) refers to oled.o(i.OLED_WR_CMD) for OLED_WR_CMD
    oled.o(i.OLED_Init) refers to stm32f4xx_hal.o(i.HAL_Delay) for HAL_Delay
    oled.o(i.OLED_Init) refers to oled.o(i.OLED_WR_CMD) for OLED_WR_CMD
    oled.o(i.OLED_Init) refers to oled.o(.data) for CMD_Data
    oled.o(i.OLED_IntensityControl) refers to oled.o(i.OLED_WR_CMD) for OLED_WR_CMD
    oled.o(i.OLED_On) refers to oled.o(i.OLED_WR_CMD) for OLED_WR_CMD
    oled.o(i.OLED_On) refers to oled.o(i.OLED_WR_DATA) for OLED_WR_DATA
    oled.o(i.OLED_Set_Pos) refers to oled.o(i.OLED_WR_CMD) for OLED_WR_CMD
    oled.o(i.OLED_ShowCHinese) refers to oled.o(i.OLED_Set_Pos) for OLED_Set_Pos
    oled.o(i.OLED_ShowCHinese) refers to oled.o(i.OLED_WR_DATA) for OLED_WR_DATA
    oled.o(i.OLED_ShowCHinese) refers to oledfont.o(.constdata) for Hzk
    oled.o(i.OLED_ShowChar) refers to oled.o(i.OLED_Set_Pos) for OLED_Set_Pos
    oled.o(i.OLED_ShowChar) refers to oled.o(i.OLED_WR_DATA) for OLED_WR_DATA
    oled.o(i.OLED_ShowChar) refers to oledfont.o(.constdata) for F8X16
    oled.o(i.OLED_ShowNum) refers to oled.o(i.oled_pow) for oled_pow
    oled.o(i.OLED_ShowNum) refers to oled.o(i.OLED_ShowChar) for OLED_ShowChar
    oled.o(i.OLED_ShowString) refers to oled.o(i.OLED_ShowChar) for OLED_ShowChar
    oled.o(i.OLED_Showdecimal) refers to oled.o(i.oled_pow) for oled_pow
    oled.o(i.OLED_Showdecimal) refers to oled.o(i.OLED_ShowChar) for OLED_ShowChar
    oled.o(i.OLED_Some_HorizontalShift) refers to oled.o(i.OLED_WR_CMD) for OLED_WR_CMD
    oled.o(i.OLED_VerticalAndHorizontalShift) refers to oled.o(i.OLED_WR_CMD) for OLED_WR_CMD
    oled.o(i.OLED_WR_CMD) refers to stm32f4xx_hal_i2c.o(i.HAL_I2C_Mem_Write) for HAL_I2C_Mem_Write
    oled.o(i.OLED_WR_CMD) refers to i2c.o(.bss) for hi2c1
    oled.o(i.OLED_WR_DATA) refers to stm32f4xx_hal_i2c.o(i.HAL_I2C_Mem_Write) for HAL_I2C_Mem_Write
    oled.o(i.OLED_WR_DATA) refers to i2c.o(.bss) for hi2c1
    ax_openmv.o(i.OpenMV_Receive_Data) refers to ax_openmv.o(.data) for RxState
    ax_openmv.o(i.OpenMV_Receive_Data) refers to ax_openmv.o(.bss) for RxBuffer1
    main.o(i.HAL_TIM_PeriodElapsedCallback) refers to stm32f4xx_hal.o(i.HAL_IncTick) for HAL_IncTick
    main.o(i.SystemClock_Config) refers to memseta.o(.text) for __aeabi_memclr4
    main.o(i.SystemClock_Config) refers to stm32f4xx_hal_rcc.o(i.HAL_RCC_OscConfig) for HAL_RCC_OscConfig
    main.o(i.SystemClock_Config) refers to main.o(i.Error_Handler) for Error_Handler
[...]
    .data                                    0x20000118   Section       36  los_interrupt.o(.data)
    .data                                    0x2000013c   Section       32  los_debug.o(.data)
    g_logString                              0x2000013c   Data          24  los_debug.o(.data)
    g_excHook                                0x20000154   Data           4  los_debug.o(.data)
    g_backTraceHook                          0x20000158   Data           4  los_debug.o(.data)
    .data                                    0x2000015c   Section       38  esp01s.o(.data)
    .data                                    0x20000184   Section        4  stdout.o(.data)
    .bss                                     0x20000188   Section       20  ax_openmv.o(.bss)
    RxBuffer1                                0x20000188   Data          20  ax_openmv.o(.bss)
    .bss                                     0x2000019c   Section       84  i2c.o(.bss)
    .bss                                     0x200001f0   Section      408  usart.o(.bss)
    .bss                                     0x20000388   Section       72  stm32f4xx_hal_timebase_tim.o(.bss)
    .bss                                     0x200003d0   Section      256  los_sched.o(.bss)
    g_priQueueList                           0x200003d0   Data         256  los_sched.o(.bss)
    .bss                                     0x200004d0   Section    65552  los_memory.o(.bss)
    g_memStart                               0x200004d0   Data       65536  los_memory.o(.bss)
    .bss                                     0x200104e0   Section      640  esp01s.o(.bss)
    STACK                                    0x20010760   Section     1024  startup_stm32f407xx.o(STACK)

    Global Symbols

    Symbol Name                              Value     Ov Type        Size  Object(Section)

    BuildAttributes$$THM_ISAv4$E$P$D$K$B$S$7EM$VFPi3$EXTD16$VFPS$VFMA$PE$A:L22UL41UL21$X:L11$S22US41US21$IEEE1$IW$USESV6$~STKCKD$USESV7$~SHL$OSPACE$ROPI$EBA8$MICROLIB$REQ8$PRES8$EABIv2 0x00000000   Number         0  anon$$obj.o ABSOLUTE
    __ARM_use_no_argv                        0x00000000   Number         0  main.o ABSOLUTE
    _printf_a                                0x00000000   Number         0  stubs.o ABSOLUTE
    _printf_c                                0x00000000   Number         0  stubs.o ABSOLUTE
    _printf_charcount                        0x00000000   Number         0  stubs.o ABSOLUTE
    _printf_d                                0x00000000   Number         0  stubs.o ABSOLUTE
    _printf_e                                0x00000000   Number         0  stubs.o ABSOLUTE
    _printf_f                                0x00000000   Number         0  stubs.o ABSOLUTE
    _printf_flags                            0x00000000   Number         0  stubs.o ABSOLUTE
    _printf_fp_dec                           0x00000000   Number         0  stubs.o ABSOLUTE
    _printf_fp_hex                           0x00000000   Number         0  stubs.o ABSOLUTE
    _printf_g                                0x00000000   Number         0  stubs.o ABSOLUTE
    _printf_i                                0x00000000   Number         0  stubs.o ABSOLUTE
    _printf_int_dec                          0x00000000   Number         0  stubs.o ABSOLUTE
    _printf_l                                0x00000000   Number         0  stubs.o ABSOLUTE
    _printf_lc                               0x00000000   Number         0  stubs.o ABSOLUTE
    _printf_ll                               0x00000000   Number         0  stubs.o ABSOLUTE
    _printf_lld                              0x00000000   Number         0  stubs.o ABSOLUTE
    _printf_lli                              0x00000000   Number         0  stubs.o ABSOLUTE
    _printf_llo                              0x00000000   Number         0  stubs.o ABSOLUTE
    _printf_llu                              0x00000000   Number         0  stubs.o ABSOLUTE
    _printf_llx                              0x00000000   Number         0  stubs.o ABSOLUTE
    _printf_longlong_dec                     0x00000000   Number         0  stubs.o ABSOLUTE
    _printf_longlong_hex                     0x00000000   Number         0  stubs.o ABSOLUTE
    _printf_longlong_oct                     0x00000000   Number         0  stubs.o ABSOLUTE
    _printf_ls                               0x00000000   Number         0  stubs.o ABSOLUTE
    _printf_mbtowc                           0x00000000   Number         0  stubs.o ABSOLUTE
    _printf_n                                0x00000000   Number         0  stubs.o ABSOLUTE
    _printf_o                                0x00000000   Number         0  stubs.o ABSOLUTE
    _printf_p                                0x00000000   Number         0  stubs.o ABSOLUTE
    _printf_percent                          0x00000000   Number         0  stubs.o ABSOLUTE
    _printf_pre_padding                      0x00000000   Number         0  stubs.o ABSOLUTE
    _printf_return_value                     0x00000000   Number         0  stubs.o ABSOLUTE
    _printf_s                                0x00000000   Number         0  stubs.o ABSOLUTE
    _printf_sizespec                         0x00000000   Number         0  stubs.o ABSOLUTE
    _printf_str                              0x00000000   Number         0  stubs.o ABSOLUTE
    _printf_truncate_signed                  0x00000000   Number         0  stubs.o ABSOLUTE
    _printf_truncate_unsigned                0x00000000   Number         0  stubs.o ABSOLUTE
    _printf_u                                0x00000000   Number         0  stubs.o ABSOLUTE
    _printf_wc                               0x00000000   Number         0  stubs.o ABSOLUTE
    _printf_wctomb                           0x00000000   Number         0  stubs.o ABSOLUTE
    _printf_widthprec                        0x00000000   Number         0  stubs.o ABSOLUTE
    _printf_x                                0x00000000   Number         0  stubs.o ABSOLUTE
    __arm_fini_                               - Undefined Weak Reference
    __cpp_initialize__aeabi_                  - Undefined Weak Reference
    __cxa_finalize                            - Undefined Weak Reference
    _clock_init                               - Undefined Weak Reference
    _microlib_exit                            - Undefined Weak Reference
    _scanf_longlong                           - Undefined Weak Reference
    _scanf_real                               - Undefined Weak Reference
    __Vectors_Size                           0x00000188   Number         0  startup_stm32f407xx.o ABSOLUTE
    __Vectors                                0x08000000   Data           4  startup_stm32f407xx.o(RESET)
    __Vectors_End                            0x08000188   Data           0  startup_stm32f407xx.o(RESET)
    __main                                   0x08000189   Thumb Code     0  entry.o(.ARM.Collect$$$$00000000)
    _main_stk                                0x08000189   Thumb Code     0  entry2.o(.ARM.Collect$$$$00000001)
    _main_scatterload                        0x0800018d   Thumb Code     0  entry5.o(.ARM.Collect$$$$00000004)
    __main_after_scatterload                 0x08000191   Thumb Code     0  entry5.o(.ARM.Collect$$$$00000004)
    _main_clock                              0x08000191   Thumb Code     0  entry7b.o(.ARM.Collect$$$$00000008)
    _main_cpp_init                           0x08000191   Thumb Code     0  entry8b.o(.ARM.Collect$$$$0000000A)
    _main_init                               0x08000191   Thumb Code     0  entry9a.o(.ARM.Collect$$$$0000000B)
    __rt_lib_shutdown_fini                   0x08000199   Thumb Code     0  entry12b.o(.ARM.Collect$$$$0000000E)
    __rt_final_cpp                           0x0800019d   Thumb Code     0  entry10a.o(.ARM.Collect$$$$0000000F)
    __rt_final_exit                          0x0800019d   Thumb Code     0  entry11a.o(.ARM.Collect$$$$00000011)
    Reset_Handler                            0x080001a1   Thumb Code     8  startup_stm32f407xx.o(.text)
    ADC_IRQHandler                           0x080001bb   Thumb Code     0  startup_stm32f407xx.o(.text)
    CAN1_RX0_IRQHandler                      0x080001bb   Thumb Code     0  startup_stm32f407xx.o(.text)
    CAN1_RX1_IRQHandler                      0x080001bb   Thumb Code     0  startup_stm32f407xx.o(.text)
    CAN1_SCE_IRQHandler                      0x080001bb   Thumb Code     0  startup_stm32f407xx.o(.text)
    CAN1_TX_IRQHandler                       0x080001bb   Thumb Code     0  startup_stm32f407xx.o(.text)
    CAN2_RX0_IRQHandler                      0x080001bb   Thumb Code     0  startup_stm32f407xx.o(.text)
    CAN2_RX1_IRQHandler                      0x080001bb   Thumb Code     0  startup_stm32f407xx.o(.text)
    CAN2_SCE_IRQHandler                      0x080001bb   Thumb Code     0  startup_stm32f407xx.o(.text)
    CAN2_TX_IRQHandler                       0x080001bb   Thumb Code     0  startup_stm32f407xx.o(.text)
    DCMI_IRQHandler                          0x080001bb   Thumb Code     0  startup_stm32f407xx.o(.text)
    DMA1_Stream0_IRQHandler                  0x080001bb   Thumb Code     0  startup_stm32f407xx.o(.text)
    DMA1_Stream1_IRQHandler                  0x080001bb   Thumb Code     0  startup_stm32f407xx.o(.text)
    DMA1_Stream2_IRQHandler                  0x080001bb   Thumb Code     0  startup_stm32f407xx.o(.text)
    DMA1_Stream4_IRQHandler                  0x080001bb   Thumb Code     0  startup_stm32f407xx.o(.text)
    DMA1_Stream5_IRQHandler                  0x080001bb   Thumb Code     0  startup_stm32f407xx.o(.text)
    DMA1_Stream6_IRQHandler                  0x080001bb   Thumb Code     0  startup_stm32f407xx.o(.text)
    DMA1_Stream7_IRQHandler                  0x080001bb   Thumb Code     0  startup_stm32f407xx.o(.text)
    DMA2_Stream0_IRQHandler                  0x080001bb   Thumb Code     0  startup_stm32f407xx.o(.text)
    DMA2_Stream1_IRQHandler                  0x080001bb   Thumb Code     0  startup_stm32f407xx.o(.text)
    DMA2_Stream2_IRQHandler                  0x080001bb   Thumb Code     0  startup_stm32f407xx.o(.text)
    DMA2_Stream3_IRQHandler                  0x080001bb   Thumb Code     0  startup_stm32f407xx.o(.text)
    DMA2_Stream4_IRQHandler                  0x080001bb   Thumb Code     0  startup_stm32f407xx.o(.text)
    DMA2_Stream5_IRQHandler                  0x080001bb   Thumb Code     0  startup_stm32f407xx.o(.text)
    DMA2_Stream6_IRQHandler                  0x080001bb   Thumb Code     0  startup_stm32f407xx.o(.text)
    ETH_IRQHandler                           0x080001bb   Thumb Code     0  startup_stm32f407xx.o(.text)
    ETH_WKUP_IRQHandler                      0x080001bb   Thumb Code     0  startup_stm32f407xx.o(.text)
    EXTI0_IRQHandler                         0x080001bb   Thumb Code     0  startup_stm32f407xx.o(.text)
    EXTI15_10_IRQHandler                     0x080001bb   Thumb Code     0  startup_stm32f407xx.o(.text)
    EXTI1_IRQHandler                         0x080001bb   Thumb Code     0  startup_stm32f407xx.o(.text)
    EXTI2_IRQHandler                         0x080001bb   Thumb Code     0  startup_stm32f407xx.o(.text)
    EXTI3_IRQHandler                         0x080001bb   Thumb Code     0  startup_stm32f407xx.o(.text)
    EXTI4_IRQHandler                         0x080001bb   Thumb Code     0  startup_stm32f407xx.o(.text)
    EXTI9_5_IRQHandler                       0x080001bb   Thumb Code     0  startup_stm32f407xx.o(.text)
    FLASH_IRQHandler                         0x080001bb   Thumb Code     0  startup_stm32f407xx.o(.text)
    FMC_IRQHandler                           0x080001bb   Thumb Code     0  startup_stm32f407xx.o(.text)
    FPU_IRQHandler                           0x080001bb   Thumb Code     0  startup_stm32f407xx.o(.text)
    HASH_RNG_IRQHandler                      0x080001bb   Thumb Code     0  startup_stm32f407xx.o(.text)
    I2C1_ER_IRQHandler                       0x080001bb   Thumb Code     0  startup_stm32f407xx.o(.text)
    I2C1_EV_IRQHandler                       0x080001bb   Thumb Code     0  startup_stm32f407xx.o(.text)
    I2C2_ER_IRQHandler                       0x080001bb   Thumb Code     0  startup_stm32f407xx.o(.text)
    I2C2_EV_IRQHandler                       0x080001bb   Thumb Code     0  startup_stm32f407xx.o(.text)
    I2C3_ER_IRQHandler                       0x080001bb   Thumb Code     0  startup_stm32f407xx.o(.text)
    I2C3_EV_IRQHandler                       0x080001bb   Thumb Code     0  startup_stm32f407xx.o(.text)
    OTG_FS_IRQHandler                        0x080001bb   Thumb Code     0  startup_stm32f407xx.o(.text)
    OTG_FS_WKUP_IRQHandler                   0x080001bb   Thumb Code     0  startup_stm32f407xx.o(.text)
    OTG_HS_EP1_IN_IRQHandler                 0x080001bb   Thumb Code     0  startup_stm32f407xx.o(.text)
    OTG_HS_EP1_OUT_IRQHandler                0x080001bb   Thumb Code     0  startup_stm32f407xx.o(.text)
    OTG_HS_IRQHandler                        0x080001bb   Thumb Code     0  startup_stm32f407xx.o(.text)
    OTG_HS_WKUP_IRQHandler                   0x080001bb   Thumb Code     0  startup_stm32f407xx.o(.text)
    PVD_IRQHandler                           0x080001bb   Thumb Code     0  startup_stm32f407xx.o(.text)
    RCC_IRQHandler                           0x080001bb   Thumb Code     0  startup_stm32f407xx.o(.text)
    RTC_Alarm_IRQHandler                     0x080001bb   Thumb Code     0  startup_stm32f407xx.o(.text)
    RTC_WKUP_IRQHandler                      0x080001bb   Thumb Code     0  startup_stm32f407xx.o(.text)
    SDIO_IRQHandler                          0x080001bb   Thumb Code     0  startup_stm32f407xx.o(.text)
    SPI1_IRQHandler                          0x080001bb   Thumb Code     0  startup_stm32f407xx.o(.text)
    SPI2_IRQHandler                          0x080001bb   Thumb Code     0  startup_stm32f407xx.o(.text)
    SPI3_IRQHandler                          0x080001bb   Thumb Code     0  startup_stm32f407xx.o(.text)
    TAMP_STAMP_IRQHandler                    0x080001bb   Thumb Code     0  startup_stm32f407xx.o(.text)
    TIM1_BRK_TIM9_IRQHandler                 0x080001bb   Thumb Code     0  startup_stm32f407xx.o(.text)
    TIM1_CC_IRQHandler                       0x080001bb   Thumb Code     0  startup_stm32f407xx.o(.text)
    TIM1_TRG_COM_TIM11_IRQHandler            0x080001bb   Thumb Code     0  startup_stm32f407xx.o(.text)
    TIM1_UP_TIM10_IRQHandler                 0x080001bb   Thumb Code     0  startup_stm32f407xx.o(.text)
    TIM2_IRQHandler                          0x080001bb   Thumb Code     0  startup_stm32f407xx.o(.text)
    TIM3_IRQHandler                          0x080001bb   Thumb Code     0  startup_stm32f407xx.o(.text)
    TIM4_IRQHandler                          0x080001bb   Thumb Code     0  startup_stm32f407xx.o(.text)
    TIM5_IRQHandler                          0x080001bb   Thumb Code     0  startup_stm32f407xx.o(.text)
    TIM6_DAC_IRQHandler                      0x080001bb   Thumb Code     0  startup_stm32f407xx.o(.text)
    TIM8_BRK_TIM12_IRQHandler                0x080001bb   Thumb Code     0  startup_stm32f407xx.o(.text)
    TIM8_CC_IRQHandler                       0x080001bb   Thumb Code     0  startup_stm32f407xx.o(.text)
    TIM8_TRG_COM_TIM14_IRQHandler            0x080001bb   Thumb Code     0  startup_stm32f407xx.o(.text)
    TIM8_UP_TIM13_IRQHandler                 0x080001bb   Thumb Code     0  startup_stm32f407xx.o(.text)
    UART4_IRQHandler                         0x080001bb   Thumb Code     0  startup_stm32f407xx.o(.text)
    UART5_IRQHandler                         0x080001bb   Thumb Code     0  startup_stm32f407xx.o(.text)
    USART1_IRQHandler                        0x080001bb   Thumb Code     0  startup_stm32f407xx.o(.text)
    USART6_IRQHandler                        0x080001bb   Thumb Code     0  startup_stm32f407xx.o(.text)
    WWDG_IRQHandler                          0x080001bb   Thumb Code     0  startup_stm32f407xx.o(.text)
    HalStartToRun                            0x080001c5   Thumb Code     0  los_dispatch.o(.text)
    HalIntLock                               0x0800021b   Thumb Code     0  los_dispatch.o(.text)
    HalIntUnLock                             0x08000223   Thumb Code     0  los_dispatch.o(.text)
    HalIntRestore                            0x0800022b   Thumb Code     0  los_dispatch.o(.text)
    HalTaskSchedule                          0x08000231   Thumb Code     0  los_dispatch.o(.text)
    HalPendSV                                0x08000243   Thumb Code     0  los_dispatch.o(.text)
    __aeabi_uldivmod                         0x080002c5   Thumb Code    98  uldiv.o(.text)
    __aeabi_memcpy                           0x08000327   Thumb Code    36  memcpya.o(.text)
    __aeabi_memcpy4                          0x08000327   Thumb Code     0  memcpya.o(.text)
    __aeabi_memcpy8                          0x08000327   Thumb Code     0  memcpya.o(.text)
    __aeabi_memset                           0x0800034b   Thumb Code    14  memseta.o(.text)
    __aeabi_memset4                          0x0800034b   Thumb Code     0  memseta.o(.text)
    __aeabi_memset8                          0x0800034b   Thumb Code     0  memseta.o(.text)
    __aeabi_memclr                           0x08000359   Thumb Code     4  memseta.o(.text)
    __aeabi_memclr4                          0x08000359   Thumb Code     0  memseta.o(.text)
    __aeabi_memclr8                          0x08000359   Thumb Code     0  memseta.o(.text)
    _memset$wrapper                          0x0800035d   Thumb Code    18  memseta.o(.text)
    strstr                                   0x0800036f   Thumb Code    36  strstr.o(.text)
    strncpy                                  0x08000393   Thumb Code    24  strncpy.o(.text)
    strlen                                   0x080003ab   Thumb Code    14  strlen.o(.text)
    strcmp                                   0x080003b9   Thumb Code    28  strcmp.o(.text)
    __0sscanf                                0x080003d5   Thumb Code    48  __0sscanf.o(.text)
    _scanf_int                               0x0800040d   Thumb Code   332  _scanf_int.o(.text)
    _scanf_string                            0x08000559   Thumb Code   224  _scanf_str.o(.text)
    __aeabi_ddiv                             0x08000639   Thumb Code   222  ddiv.o(.text)
    __aeabi_d2ulz                            0x08000717   Thumb Code    48  dfixul.o(.text)
    __aeabi_uidiv                            0x08000747   Thumb Code     0  uidiv.o(.text)
    __aeabi_uidivmod                         0x08000747   Thumb Code    44  uidiv.o(.text)
    __aeabi_llsl                             0x08000773   Thumb Code    30  llshl.o(.text)
    _ll_shift_l                              0x08000773   Thumb Code     0  llshl.o(.text)
    __aeabi_llsr                             0x08000791   Thumb Code    32  llushr.o(.text)
    _ll_ushift_r                             0x08000791   Thumb Code     0  llushr.o(.text)
    _chval                                   0x080007b1   Thumb Code    28  _chval.o(.text)
    __vfscanf_char                           0x080007d9   Thumb Code    20  scanf_char.o(.text)
    _sgetc                                   0x080007f5   Thumb Code    30  _sgetc.o(.text)
    _sbackspace                              0x08000813   Thumb Code    34  _sgetc.o(.text)
    __I$use$fp                               0x08000835   Thumb Code     0  iusefp.o(.text)
    _double_round                            0x08000835   Thumb Code    30  depilogue.o(.text)
    _double_epilogue                         0x08000853   Thumb Code   156  depilogue.o(.text)
    __aeabi_dadd                             0x080008ef   Thumb Code   322  dadd.o(.text)
    __aeabi_dsub                             0x08000a31   Thumb Code     6  dadd.o(.text)
    __aeabi_drsub                            0x08000a37   Thumb Code     6  dadd.o(.text)
    __aeabi_dmul                             0x08000a3d   Thumb Code   228  dmul.o(.text)
    __aeabi_cdrcmple                         0x08000b21   Thumb Code    48  cdrcmple.o(.text)
    __scatterload                            0x08000b51   Thumb Code    28  init.o(.text)
    __scatterload_rt2                        0x08000b51   Thumb Code     0  init.o(.text)
    __aeabi_lasr                             0x08000b75   Thumb Code    36  llsshr.o(.text)
    _ll_sshift_r                             0x08000b75   Thumb Code     0  llsshr.o(.text)
    isspace                                  0x08000b99   Thumb Code    10  isspace_c.o(.text)
    __vfscanf                                0x08000ba5   Thumb Code   810  _scanf.o(.text)
    __ctype_lookup                           0x08000ed5   Thumb Code    34  ctype_c.o(.text)
    __decompress                             0x08000efd   Thumb Code     0  __dczerorl2.o(.text)
    __decompress1                            0x08000efd   Thumb Code    86  __dczerorl2.o(.text)
    BusFault_Handler                         0x08000f53   Thumb Code     4  stm32f4xx_it.o(i.BusFault_Handler)
    DMA1_Stream3_IRQHandler                  0x08000f59   Thumb Code    10  stm32f4xx_it.o(i.DMA1_Stream3_IRQHandler)
    DMA2_Stream7_IRQHandler                  0x08000f69   Thumb Code    10  stm32f4xx_it.o(i.DMA2_Stream7_IRQHandler)
    DebugMon_Handler                         0x08001057   Thumb Code     2  stm32f4xx_it.o(i.DebugMon_Handler)
    ESP01S_Init                              0x08001059   Thumb Code   402  esp01s.o(i.ESP01S_Init)
    ESP01S_UART_RxCpltCallback               0x08001441   Thumb Code    74  esp01s.o(i.ESP01S_UART_RxCpltCallback)
    Error_Handler                            0x08001499   Thumb Code     6  main.o(i.Error_Handler)
    HAL_DMA_Abort                            0x0800149f   Thumb Code   172  stm32f4xx_hal_dma.o(i.HAL_DMA_Abort)
    HAL_DMA_Abort_IT                         0x0800154b   Thumb Code    40  stm32f4xx_hal_dma.o(i.HAL_DMA_Abort_IT)
    HAL_DMA_IRQHandler                       0x08001575   Thumb Code   570  stm32f4xx_hal_dma.o(i.HAL_DMA_IRQHandler)
    HAL_DMA_Init                             0x080017b5   Thumb Code   232  stm32f4xx_hal_dma.o(i.HAL_DMA_Init)
    HAL_Delay                                0x080018a1   Thumb Code    36  stm32f4xx_hal.o(i.HAL_Delay)
    HAL_GPIO_Init                            0x080018c9   Thumb Code   454  stm32f4xx_hal_gpio.o(i.HAL_GPIO_Init)
    HAL_GPIO_TogglePin                       0x08001abd   Thumb Code    20  stm32f4xx_hal_gpio.o(i.HAL_GPIO_TogglePin)
    HAL_GPIO_WritePin                        0x08001ad1   Thumb Code    12  stm32f4xx_hal_gpio.o(i.HAL_GPIO_WritePin)
    HAL_GetTick                              0x08001add   Thumb Code     6  stm32f4xx_hal.o(i.HAL_GetTick)
    HAL_I2C_Init                             0x08001ae9   Thumb Code   446  stm32f4xx_hal_i2c.o(i.HAL_I2C_Init)
    HAL_I2C_Mem_Write                        0x08001cb9   Thumb Code   348  stm32f4xx_hal_i2c.o(i.HAL_I2C_Mem_Write)
    HAL_I2C_MspInit                          0x08001e1d   Thumb Code   124  i2c.o(i.HAL_I2C_MspInit)
    HAL_IncTick                              0x08001ea5   Thumb Code    16  stm32f4xx_hal.o(i.HAL_IncTick)
    HAL_Init                                 0x08001ebd   Thumb Code    54  stm32f4xx_hal.o(i.HAL_Init)
    HAL_InitTick                             0x08001ef9   Thumb Code   160  stm32f4xx_hal_timebase_tim.o(i.HAL_InitTick)
    HAL_MspInit                              0x08001fad   Thumb Code    68  stm32f4xx_hal_msp.o(i.HAL_MspInit)
    HAL_NVIC_EnableIRQ                       0x08001ff5   Thumb Code    40  stm32f4xx_hal_cortex.o(i.HAL_NVIC_EnableIRQ)
    HAL_NVIC_SetPriority                     0x0800201d   Thumb Code   124  stm32f4xx_hal_cortex.o(i.HAL_NVIC_SetPriority)
    HAL_NVIC_SetPriorityGrouping             0x08002099   Thumb Code    32  stm32f4xx_hal_cortex.o(i.HAL_NVIC_SetPriorityGrouping)
    HAL_RCC_ClockConfig                      0x080020c1   Thumb Code   368  stm32f4xx_hal_rcc.o(i.HAL_RCC_ClockConfig)
    HAL_RCC_GetClockConfig                   0x08002245   Thumb Code    58  stm32f4xx_hal_rcc.o(i.HAL_RCC_GetClockConfig)
    HAL_RCC_GetHCLKFreq                      0x08002289   Thumb Code     6  stm32f4xx_hal_rcc.o(i.HAL_RCC_GetHCLKFreq)
    HAL_RCC_GetPCLK1Freq                     0x08002295   Thumb Code    22  stm32f4xx_hal_rcc.o(i.HAL_RCC_GetPCLK1Freq)
    HAL_RCC_GetPCLK2Freq                     0x080022b5   Thumb Code    22  stm32f4xx_hal_rcc.o(i.HAL_RCC_GetPCLK2Freq)
    HAL_RCC_GetSysClockFreq                  0x080022d5   Thumb Code   162  stm32f4xx_hal_rcc.o(i.HAL_RCC_GetSysClockFreq)
    HAL_RCC_OscConfig                        0x08002385   Thumb Code  1172  stm32f4xx_hal_rcc.o(i.HAL_RCC_OscConfig)
    HAL_TIMEx_BreakCallback                  0x08002821   Thumb Code     2  stm32f4xx_hal_tim_ex.o(i.HAL_TIMEx_BreakCallback)
    HAL_TIMEx_CommutCallback                 0x08002823   Thumb Code     2  stm32f4xx_hal_tim_ex.o(i.HAL_TIMEx_CommutCallback)
    HAL_TIM_Base_Init                        0x08002825   Thumb Code   102  stm32f4xx_hal_tim.o(i.HAL_TIM_Base_Init)
    HAL_TIM_Base_MspInit                     0x0800288b   Thumb Code     2  stm32f4xx_hal_tim.o(i.HAL_TIM_Base_MspInit)
    HAL_TIM_Base_Start_IT                    0x0800288d   Thumb Code   138  stm32f4xx_hal_tim.o(i.HAL_TIM_Base_Start_IT)
    HAL_TIM_IC_CaptureCallback               0x08002935   Thumb Code     2  stm32f4xx_hal_tim.o(i.HAL_TIM_IC_CaptureCallback)
    HAL_TIM_IRQHandler                       0x08002937   Thumb Code   364  stm32f4xx_hal_tim.o(i.HAL_TIM_IRQHandler)
    HAL_TIM_OC_DelayElapsedCallback          0x08002aa3   Thumb Code     2  stm32f4xx_hal_tim.o(i.HAL_TIM_OC_DelayElapsedCallback)
    HAL_TIM_PWM_PulseFinishedCallback        0x08002aa5   Thumb Code     2  stm32f4xx_hal_tim.o(i.HAL_TIM_PWM_PulseFinishedCallback)
    HAL_TIM_PeriodElapsedCallback            0x08002aa9   Thumb Code    18  main.o(i.HAL_TIM_PeriodElapsedCallback)
    HAL_TIM_TriggerCallback                  0x08002ac1   Thumb Code     2  stm32f4xx_hal_tim.o(i.HAL_TIM_TriggerCallback)
    HAL_UARTEx_RxEventCallback               0x08002ac3   Thumb Code     2  stm32f4xx_hal_uart.o(i.HAL_UARTEx_RxEventCallback)
    HAL_UART_ErrorCallback                   0x08002ac5   Thumb Code     2  stm32f4xx_hal_uart.o(i.HAL_UART_ErrorCallback)
    HAL_UART_IRQHandler                      0x08002ac9   Thumb Code   772  stm32f4xx_hal_uart.o(i.HAL_UART_IRQHandler)
    HAL_UART_Init                            0x08002dd1   Thumb Code   118  stm32f4xx_hal_uart.o(i.HAL_UART_Init)
    HAL_UART_MspInit                         0x08002e49   Thumb Code   496  usart.o(i.HAL_UART_MspInit)
    HAL_UART_Receive_IT                      0x08003061   Thumb Code    44  stm32f4xx_hal_uart.o(i.HAL_UART_Receive_IT)
    HAL_UART_RxCpltCallback                  0x0800308d   Thumb Code    62  esp01s.o(i.HAL_UART_RxCpltCallback)
    HAL_UART_Transmit                        0x080030e1   Thumb Code   190  stm32f4xx_hal_uart.o(i.HAL_UART_Transmit)
    HAL_UART_TxCpltCallback                  0x0800319f   Thumb Code     2  stm32f4xx_hal_uart.o(i.HAL_UART_TxCpltCallback)
    HalArchInit                              0x080031a1   Thumb Code    40  los_context.o(i.HalArchInit)
    HalEnterSleep                            0x080031e1   Thumb Code    14  los_timer.o(i.HalEnterSleep)
    HalGetTickCycle                          0x080031ef   Thumb Code    40  los_timer.o(i.HalGetTickCycle)
    HalHwiInit                               0x08003219   Thumb Code    62  los_interrupt.o(i.HalHwiInit)
    HalIsIntActive                           0x08003261   Thumb Code    14  los_interrupt.o(i.HalIsIntActive)
    HalStartSchedule                         0x08003275   Thumb Code    18  los_context.o(i.HalStartSchedule)
    HalSysExit                               0x08003287   Thumb Code     8  los_context.o(i.HalSysExit)
    HalSysTickReload                         0x08003291   Thumb Code    76  los_timer.o(i.HalSysTickReload)
    HalTickStart                             0x080032e1   Thumb Code   102  los_timer.o(i.HalTickStart)
    HalTskStackInit                          0x08003365   Thumb Code   328  los_context.o(i.HalTskStackInit)
    HardFault_Handler                        0x080034d9   Thumb Code     4  stm32f4xx_it.o(i.HardFault_Handler)
    LOS_CurTaskIDGet                         0x08003899   Thumb Code    18  los_task.o(i.LOS_CurTaskIDGet)
    LOS_EventDestroy                         0x080038b5   Thumb Code    54  los_event.o(i.LOS_EventDestroy)
    LOS_EventInit                            0x080038f1   Thumb Code    24  los_event.o(i.LOS_EventInit)
    LOS_KernelInit                           0x0800390d   Thumb Code   190  los_init.o(i.LOS_KernelInit)
    LOS_MS2Tick                              0x08003b55   Thumb Code    36  los_tick.o(i.LOS_MS2Tick)
    LOS_MemAlloc                             0x08003b79   Thumb Code   104  los_memory.o(i.LOS_MemAlloc)
    LOS_MemAllocAlign                        0x08003be1   Thumb Code   204  los_memory.o(i.LOS_MemAllocAlign)
    LOS_MemFree                              0x08003cad   Thumb Code   116  los_memory.o(i.LOS_MemFree)
    LOS_MemInfoGet                           0x08003d21   Thumb Code   140  los_memory.o(i.LOS_MemInfoGet)
    LOS_MemInit                              0x08003df9   Thumb Code   104  los_memory.o(i.LOS_MemInit)
    LOS_MemIntegrityCheck                    0x08003e65   Thumb Code    86  los_memory.o(i.LOS_MemIntegrityCheck)
    LOS_MemPoolSizeGet                       0x08003ebb   Thumb Code    18  los_memory.o(i.LOS_MemPoolSizeGet)
    LOS_Msleep                               0x08003ecd   Thumb Code    40  los_task.o(i.LOS_Msleep)
    LOS_Panic                                0x08003ef5   Thumb Code    36  los_init.o(i.LOS_Panic)
    LOS_QueueCreate                          0x08003f19   Thumb Code   216  los_queue.o(i.LOS_QueueCreate)
    LOS_QueueReadCopy                        0x08003ffd   Thumb Code    54  los_queue.o(i.LOS_QueueReadCopy)
    LOS_QueueWriteCopy                       0x08004033   Thumb Code    54  los_queue.o(i.LOS_QueueWriteCopy)
    LOS_SchedTickHandler                     0x08004069   Thumb Code   132  los_sched.o(i.LOS_SchedTickHandler)
    LOS_Schedule                             0x0800410d   Thumb Code    20  los_sched.o(i.LOS_Schedule)
    LOS_Start                                0x08004129   Thumb Code     8  los_init.o(i.LOS_Start)
    LOS_TaskCreate                           0x08004131   Thumb Code    70  los_task.o(i.LOS_TaskCreate)
    LOS_TaskCreateOnly                       0x08004181   Thumb Code   166  los_task.o(i.LOS_TaskCreateOnly)
    LOS_TaskDelay                            0x08004239   Thumb Code    62  los_task.o(i.LOS_TaskDelay)
    LOS_TaskDelete                           0x08004289   Thumb Code   276  los_task.o(i.LOS_TaskDelete)
    LOS_TaskYield                            0x080043f1   Thumb Code    26  los_task.o(i.LOS_TaskYield)
    LOS_TickCountGet                         0x0800440d   Thumb Code    54  los_tick.o(i.LOS_TickCountGet)
    MQTT_ProcessReceivedData                 0x0800444d   Thumb Code    84  esp01s.o(i.MQTT_ProcessReceivedData)
    MQTT_Subscribe                           0x080044dd   Thumb Code    40  esp01s.o(i.MQTT_Subscribe)
    MX_DMA_Init                              0x08004521   Thumb Code    98  dma.o(i.MX_DMA_Init)
    MX_GPIO_Init                             0x08004589   Thumb Code   202  gpio.o(i.MX_GPIO_Init)
    MX_I2C1_Init                             0x08004661   Thumb Code    48  i2c.o(i.MX_I2C1_Init)
    MX_USART1_UART_Init                      0x0800469d   Thumb Code    46  usart.o(i.MX_USART1_UART_Init)
    MX_USART2_UART_Init                      0x080046d5   Thumb Code    46  usart.o(i.MX_USART2_UART_Init)
    MX_USART3_UART_Init                      0x0800470d   Thumb Code    46  usart.o(i.MX_USART3_UART_Init)
    MemManage_Handler                        0x08004745   Thumb Code     4  stm32f4xx_it.o(i.MemManage_Handler)
    NMI_Handler                              0x08004749   Thumb Code     4  stm32f4xx_it.o(i.NMI_Handler)
    OLED_Clear                               0x0800474d   Thumb Code    56  oled.o(i.OLED_Clear)
    OLED_Init                                0x08004785   Thumb Code    32  oled.o(i.OLED_Init)
    OLED_Set_Pos                             0x080047a9   Thumb Code    36  oled.o(i.OLED_Set_Pos)
    OLED_ShowChar                            0x080047cd   Thumb Code   218  oled.o(i.OLED_ShowChar)
    OLED_ShowString                          0x080048b1   Thumb Code   104  oled.o(i.OLED_ShowString)
    OLED_WR_CMD                              0x08004919   Thumb Code    34  oled.o(i.OLED_WR_CMD)
    OLED_WR_DATA                             0x08004941   Thumb Code    34  oled.o(i.OLED_WR_DATA)
    OpenMV_Receive_Data                      0x08004969   Thumb Code   336  ax_openmv.o(i.OpenMV_Receive_Data)
    OsAdd2SortLink                           0x08004add   Thumb Code    84  los_sortlink.o(i.OsAdd2SortLink)
    OsDeleteNodeSortLink                     0x08004ce1   Thumb Code    30  los_sortlink.o(i.OsDeleteNodeSortLink)
    OsDeleteSortLink                         0x08004d01   Thumb Code    84  los_sortlink.o(i.OsDeleteSortLink)
    OsDoExcHook                              0x08004d79   Thumb Code    32  los_debug.o(i.OsDoExcHook)
    OsGetCurrSysTimeCycle                    0x08004dfd   Thumb Code   158  los_sched.o(i.OsGetCurrSysTimeCycle)
    OsGetNextExpireTime                      0x08004ee1   Thumb Code    80  los_sortlink.o(i.OsGetNextExpireTime)
    OsGetSortLinkAttribute                   0x08004fd1   Thumb Code    42  los_sortlink.o(i.OsGetSortLinkAttribute)
    OsGetTopTask                             0x0800506d   Thumb Code    44  los_sched.o(i.OsGetTopTask)
    OsIdleTask                               0x080050a9   Thumb Code    26  los_task.o(i.OsIdleTask)
    OsIdleTaskCreate                         0x080050c9   Thumb Code    74  los_task.o(i.OsIdleTaskCreate)
    OsLogLevelCheck                          0x0800512d   Thumb Code    52  los_debug.o(i.OsLogLevelCheck)
    OsMemSystemInit                          0x08005ebd   Thumb Code    52  los_memory.o(i.OsMemSystemInit)
    OsMuxInit                                0x08005f39   Thumb Code    82  los_mux.o(i.OsMuxInit)
    OsNewTaskInit                            0x08005f9d   Thumb Code   116  los_task.o(i.OsNewTaskInit)
    OsQueueInit                              0x08006185   Thumb Code   102  los_queue.o(i.OsQueueInit)
    OsQueueOperate                           0x080061fd   Thumb Code   362  los_queue.o(i.OsQueueOperate)
    OsSchedDelay                             0x0800648d   Thumb Code    12  los_sched.o(i.OsSchedDelay)
    OsSchedInit                              0x08006499   Thumb Code    80  los_sched.o(i.OsSchedInit)
    OsSchedResetSchedResponseTime            0x080064f9   Thumb Code    28  los_sched.o(i.OsSchedResetSchedResponseTime)
    OsSchedSetIdleTaskSchedParam             0x080065b9   Thumb Code    12  los_sched.o(i.OsSchedSetIdleTaskSchedParam)
    OsSchedStart                             0x080066a9   Thumb Code   128  los_sched.o(i.OsSchedStart)
    OsSchedSwtmrScanRegister                 0x0800674d   Thumb Code    16  los_sched.o(i.OsSchedSwtmrScanRegister)
    OsSchedTaskDeQueue                       0x08006761   Thumb Code    76  los_sched.o(i.OsSchedTaskDeQueue)
    OsSchedTaskEnQueue                       0x080067b9   Thumb Code   200  los_sched.o(i.OsSchedTaskEnQueue)
    OsSchedTaskExit                          0x080068cd   Thumb Code    72  los_sched.o(i.OsSchedTaskExit)
    OsSchedTaskSwitch                        0x08006915   Thumb Code   214  los_sched.o(i.OsSchedTaskSwitch)
    OsSchedTaskWait                          0x08006a01   Thumb Code    44  los_sched.o(i.OsSchedTaskWait)
    OsSchedTaskWake                          0x08006a31   Thumb Code    70  los_sched.o(i.OsSchedTaskWake)
    OsSchedUpdateExpireTime                  0x08006b39   Thumb Code    98  los_sched.o(i.OsSchedUpdateExpireTime)
    OsSchedUpdateSchedTimeBase               0x08006bb5   Thumb Code    34  los_sched.o(i.OsSchedUpdateSchedTimeBase)
    OsSchedYield                             0x08006bdd   Thumb Code    10  los_sched.o(i.OsSchedYield)
    OsSemInit                                0x08006bed   Thumb Code    80  los_sem.o(i.OsSemInit)
    OsSortLinkInit                           0x08006c4d   Thumb Code    14  los_sortlink.o(i.OsSortLinkInit)
    OsSwtmrInit                              0x08006c71   Thumb Code   220  los_swtmr.o(i.OsSwtmrInit)
    OsSwtmrStart                             0x08006ddd   Thumb Code    50  los_swtmr.o(i.OsSwtmrStart)
    OsSwtmrTask                              0x08006e11   Thumb Code   128  los_swtmr.o(i.OsSwtmrTask)
    OsSwtmrTaskCreate                        0x08006ebd   Thumb Code    52  los_swtmr.o(i.OsSwtmrTaskCreate)
    OsTaskEntry                              0x08006f71   Thumb Code    52  los_task.o(i.OsTaskEntry)
    OsTaskInit                               0x08006fc9   Thumb Code   172  los_task.o(i.OsTaskInit)
    OsTickHandler                            0x08007143   Thumb Code    12  los_tick.o(i.OsTickHandler)
    SVC_Handler                              0x080071f5   Thumb Code     2  stm32f4xx_it.o(i.SVC_Handler)
    SystemClock_Config                       0x08007299   Thumb Code   170  main.o(i.SystemClock_Config)
    SystemInit                               0x0800734d   Thumb Code    14  system_stm32f4xx.o(i.SystemInit)
    TIM7_IRQHandler                          0x08007361   Thumb Code    10  stm32f4xx_it.o(i.TIM7_IRQHandler)
    TIM_Base_SetConfig                       0x08007371   Thumb Code   178  stm32f4xx_hal_tim.o(i.TIM_Base_SetConfig)
    UART_Start_Receive_IT                    0x08007a7d   Thumb Code    64  stm32f4xx_hal_uart.o(i.UART_Start_Receive_IT)
    USART2_IRQHandler                        0x08007ba9   Thumb Code    10  stm32f4xx_it.o(i.USART2_IRQHandler)
    USART3_IRQHandler                        0x08007bb9   Thumb Code    10  stm32f4xx_it.o(i.USART3_IRQHandler)
    UsageFault_Handler                       0x08007bc9   Thumb Code     4  stm32f4xx_it.o(i.UsageFault_Handler)
    __0printf                                0x08007bcd   Thumb Code    22  printfa.o(i.__0printf)
    __1printf                                0x08007bcd   Thumb Code     0  printfa.o(i.__0printf)
    __2printf                                0x08007bcd   Thumb Code     0  printfa.o(i.__0printf)
    __c89printf                              0x08007bcd   Thumb Code     0  printfa.o(i.__0printf)
    printf                                   0x08007bcd   Thumb Code     0  printfa.o(i.__0printf)
    __0snprintf                              0x08007bed   Thumb Code    48  printfa.o(i.__0snprintf)
    __1snprintf                              0x08007bed   Thumb Code     0  printfa.o(i.__0snprintf)
    __2snprintf                              0x08007bed   Thumb Code     0  printfa.o(i.__0snprintf)
    __c89snprintf                            0x08007bed   Thumb Code     0  printfa.o(i.__0snprintf)
    snprintf                                 0x08007bed   Thumb Code     0  printfa.o(i.__0snprintf)
    __0sprintf                               0x08007c21   Thumb Code    34  printfa.o(i.__0sprintf)
    __1sprintf                               0x08007c21   Thumb Code     0  printfa.o(i.__0sprintf)
    __2sprintf                               0x08007c21   Thumb Code     0  printfa.o(i.__0sprintf)
    __c89sprintf                             0x08007c21   Thumb Code     0  printfa.o(i.__0sprintf)
    sprintf                                  0x08007c21   Thumb Code     0  printfa.o(i.__0sprintf)
    __scatterload_copy                       0x08007c81   Thumb Code    14  handlers.o(i.__scatterload_copy)
    __scatterload_null                       0x08007c8f   Thumb Code     2  handlers.o(i.__scatterload_null)
    __scatterload_zeroinit                   0x08007c91   Thumb Code    14  handlers.o(i.__scatterload_zeroinit)
    fputc                                    0x0800854d   Thumb Code    22  main.o(i.fputc)
    main                                     0x08008569   Thumb Code   294  main.o(i.main)
    memcpy_s                                 0x08008749   Thumb Code    78  memcpy_s.o(i.memcpy_s)
    memset_s                                 0x08008797   Thumb Code    54  memset_s.o(i.memset_s)
    mqtt_message_handler                     0x080087cd   Thumb Code    42  esp01s.o(i.mqtt_message_handler)
    uart_send                                0x080088b1   Thumb Code    22  esp01s.o(i.uart_send)
    F6x8                                     0x080088cc   Data         552  oledfont.o(.constdata)
    F8X16                                    0x08008af4   Data        1504  oledfont.o(.constdata)
    Hzk                                      0x080090d4   Data         192  oledfont.o(.constdata)
    AHBPrescTable                            0x0800919c   Data          16  system_stm32f4xx.o(.constdata)
    APBPrescTable                            0x080091ac   Data           8  system_stm32f4xx.o(.constdata)
    __ctype_categories                       0x08009285   Data          64  ctype_c.o(.constdata)
    Region$$Table$$Base                      0x08009624   Number         0  anon$$obj.o(Region$$Table)
    Region$$Table$$Limit                     0x08009644   Number         0  anon$$obj.o(Region$$Table)
    CMD_Data                                 0x20000000   Data          23  oled.o(.data)
    Distance                                 0x20000018   Data           1  ax_openmv.o(.data)
    X_Coordinate                             0x20000019   Data           1  ax_openmv.o(.data)
    Y_Coordinate                             0x2000001a   Data           1  ax_openmv.o(.data)
    distance                                 0x2000001c   Data           4  ax_openmv.o(.data)
    x_coordinate                             0x20000020   Data           4  ax_openmv.o(.data)
    y_coordinate                             0x20000024   Data           4  ax_openmv.o(.data)
    Find_Trash                               0x20000028   Data           4  ax_openmv.o(.data)
    uwTick                                   0x20000030   Data           4  stm32f4xx_hal.o(.data)
    uwTickPrio                               0x20000034   Data           4  stm32f4xx_hal.o(.data)
    uwTickFreq                               0x20000038   Data           1  stm32f4xx_hal.o(.data)
    SystemCoreClock                          0x2000003c   Data           4  system_stm32f4xx.o(.data)
    g_allMux                                 0x20000040   Data           4  los_mux.o(.data)
    g_unusedMuxList                          0x20000044   Data           8  los_mux.o(.data)
    g_allQueue                               0x2000004c   Data           4  los_queue.o(.data)
    g_freeQueueList                          0x20000050   Data           8  los_queue.o(.data)
    g_sysSchedStartTime                      0x20000088   Data           8  los_sched.o(.data)
    g_unusedSemList                          0x200000a0   Data           8  los_sem.o(.data)
    g_allSem                                 0x200000a8   Data           4  los_sem.o(.data)
    g_swtmrHandlerQueue                      0x200000bc   Data           4  los_swtmr.o(.data)
    g_swtmrCBArray                           0x200000c0   Data           4  los_swtmr.o(.data)
    g_swtmrFreeList                          0x200000c4   Data           4  los_swtmr.o(.data)
    g_swtmrSortLinkList                      0x200000c8   Data           4  los_swtmr.o(.data)
    g_taskCBArray                            0x200000cc   Data           4  los_task.o(.data)
    g_losTask                                0x200000d0   Data           8  los_task.o(.data)
    g_losTaskLock                            0x200000d8   Data           2  los_task.o(.data)
    g_taskMaxNum                             0x200000dc   Data           4  los_task.o(.data)
    g_idleTaskID                             0x200000e0   Data           4  los_task.o(.data)
    g_swtmrTaskID                            0x200000e4   Data           4  los_task.o(.data)
    g_losFreeTask                            0x200000e8   Data           8  los_task.o(.data)
    g_taskRecyleList                         0x200000f0   Data           8  los_task.o(.data)
    g_taskScheduled                          0x200000f8   Data           4  los_task.o(.data)
    g_ticksPerSec                            0x20000100   Data           4  los_tick.o(.data)
    g_uwCyclePerSec                          0x20000104   Data           4  los_tick.o(.data)
    g_cyclesPerTick                          0x20000108   Data           4  los_tick.o(.data)
    g_sysClock                               0x2000010c   Data           4  los_tick.o(.data)
    m_aucSysMem0                             0x20000110   Data           4  los_memory.o(.data)
    g_poolHead                               0x20000114   Data           4  los_memory.o(.data)
    g_intCount                               0x20000118   Data           4  los_interrupt.o(.data)
    g_uwExcTbl                               0x2000011c   Data          32  los_interrupt.o(.data)
    config                                   0x2000015c   Data          32  esp01s.o(.data)
    rx_index                                 0x2000017c   Data           2  esp01s.o(.data)
    cmd_ready                                0x2000017e   Data           1  esp01s.o(.data)
    rxTemp                                   0x2000017f   Data           1  esp01s.o(.data)
    mqtt_new_msg_flag                        0x20000180   Data           1  esp01s.o(.data)
    c                                        0x20000181   Data           1  esp01s.o(.data)
    __stdout                                 0x20000184   Data           4  stdout.o(.data)
    hi2c1                                    0x2000019c   Data          84  i2c.o(.bss)
    huart1                                   0x200001f0   Data          72  usart.o(.bss)
    huart2                                   0x20000238   Data          72  usart.o(.bss)
    huart3                                   0x20000280   Data          72  usart.o(.bss)
    hdma_usart1_tx                           0x200002c8   Data          96  usart.o(.bss)
    hdma_usart3_tx                           0x20000328   Data          96  usart.o(.bss)
    htim7                                    0x20000388   Data          72  stm32f4xx_hal_timebase_tim.o(.bss)
    g_integrityCheckRecord                   0x200104d0   Data          16  los_memory.o(.bss)
    rx_buffer                                0x200104e0   Data         512  esp01s.o(.bss)
    mqtt_payload_buffer                      0x200106e0   Data         128  esp01s.o(.bss)
    __initial_sp                             0x20010b60   Data           0  startup_stm32f407xx.o(STACK)



==============================================================================

Memory Map of the image

  Image Entry point : 0x08000189

  Load Region LR_IROM1 (Base: 0x08000000, Size: 0x000097cc, Max: 0x00080000, ABSOLUTE, COMPRESSED[0x000096ac])

    Execution Region ER_IROM1 (Exec base: 0x08000000, Load base: 0x08000000, Size: 0x00009644, Max: 0x00080000, ABSOLUTE)

    Exec Addr    Load Addr    Size         Type   Attr      Idx    E Section Name        Object

    0x08000000   0x08000000   0x00000188   Data   RO            3    RESET               startup_stm32f407xx.o
    0x08000188   0x08000188   0x00000000   Code   RO         6417  * .ARM.Collect$$$$00000000  mc_w.l(entry.o)
    0x08000188   0x08000188   0x00000004   Code   RO         6711    .ARM.Collect$$$$00000001  mc_w.l(entry2.o)
    0x0800018c   0x0800018c   0x00000004   Code   RO         6714    .ARM.Collect$$$$00000004  mc_w.l(entry5.o)
    0x08000190   0x08000190   0x00000000   Code   RO         6716    .ARM.Collect$$$$00000008  mc_w.l(entry7b.o)
    0x08000190   0x08000190   0x00000000   Code   RO         6718    .ARM.Collect$$$$0000000A  mc_w.l(entry8b.o)
    0x08000190   0x08000190   0x00000008   Code   RO         6719    .ARM.Collect$$$$0000000B  mc_w.l(entry9a.o)
    0x08000198   0x08000198   0x00000004   Code   RO         6726    .ARM.Collect$$$$0000000E  mc_w.l(entry12b.o)
    0x0800019c   0x0800019c   0x00000000   Code   RO         6721    .ARM.Collect$$$$0000000F  mc_w.l(entry10a.o)
    0x0800019c   0x0800019c   0x00000000   Code   RO         6723    .ARM.Collect$$$$00000011  mc_w.l(entry11a.o)
    0x0800019c   0x0800019c   0x00000004   Code   RO         6712    .ARM.Collect$$$$00002712  mc_w.l(entry2.o)
    0x080001a0   0x080001a0   0x00000024   Code   RO            4    .text               startup_stm32f407xx.o
    0x080001c4   0x080001c4   0x00000100   Code   RO         6108    .text               los_dispatch.o
    0x080002c4   0x080002c4   0x00000062   Code   RO         6420    .text               mc_w.l(uldiv.o)
    0x08000326   0x08000326   0x00000024   Code   RO         6422    .text               mc_w.l(memcpya.o)
    0x0800034a   0x0800034a   0x00000024   Code   RO         6424    .text               mc_w.l(memseta.o)
    0x0800036e   0x0800036e   0x00000024   Code   RO         6426    .text               mc_w.l(strstr.o)
    0x08000392   0x08000392   0x00000018   Code   RO         6428    .text               mc_w.l(strncpy.o)
    0x080003aa   0x080003aa   0x0000000e   Code   RO         6430    .text               mc_w.l(strlen.o)
    0x080003b8   0x080003b8   0x0000001c   Code   RO         6432    .text               mc_w.l(strcmp.o)
    0x080003d4   0x080003d4   0x00000038   Code   RO         6697    .text               mc_w.l(__0sscanf.o)
    0x0800040c   0x0800040c   0x0000014c   Code   RO         6699    .text               mc_w.l(_scanf_int.o)
    0x08000558   0x08000558   0x000000e0   Code   RO         6701    .text               mc_w.l(_scanf_str.o)
    0x08000638   0x08000638   0x000000de   Code   RO         6703    .text               mf_w.l(ddiv.o)
    0x08000716   0x08000716   0x00000030   Code   RO         6709    .text               mf_w.l(dfixul.o)
    0x08000746   0x08000746   0x0000002c   Code   RO         6728    .text               mc_w.l(uidiv.o)
    0x08000772   0x08000772   0x0000001e   Code   RO         6730    .text               mc_w.l(llshl.o)
    0x08000790   0x08000790   0x00000020   Code   RO         6732    .text               mc_w.l(llushr.o)
    0x080007b0   0x080007b0   0x0000001c   Code   RO         6734    .text               mc_w.l(_chval.o)
    0x080007cc   0x080007cc   0x00000028   Code   RO         6736    .text               mc_w.l(scanf_char.o)
    0x080007f4   0x080007f4   0x00000040   Code   RO         6738    .text               mc_w.l(_sgetc.o)
    0x08000834   0x08000834   0x00000000   Code   RO         6740    .text               mc_w.l(iusefp.o)
    0x08000834   0x08000834   0x000000ba   Code   RO         6741    .text               mf_w.l(depilogue.o)
    0x080008ee   0x080008ee   0x0000014e   Code   RO         6743    .text               mf_w.l(dadd.o)
    0x08000a3c   0x08000a3c   0x000000e4   Code   RO         6745    .text               mf_w.l(dmul.o)
    0x08000b20   0x08000b20   0x00000030   Code   RO         6747    .text               mf_w.l(cdrcmple.o)
    0x08000b50   0x08000b50   0x00000024   Code   RO         6749    .text               mc_w.l(init.o)
    0x08000b74   0x08000b74   0x00000024   Code   RO         6751    .text               mc_w.l(llsshr.o)
    0x08000b98   0x08000b98   0x0000000a   Code   RO         6753    .text               mc_w.l(isspace_c.o)
    0x08000ba2   0x08000ba2   0x00000002   PAD
    0x08000ba4   0x08000ba4   0x00000330   Code   RO         6755    .text               mc_w.l(_scanf.o)
    0x08000ed4   0x08000ed4   0x00000028   Code   RO         6757    .text               mc_w.l(ctype_c.o)
    0x08000efc   0x08000efc   0x00000056   Code   RO         6768    .text               mc_w.l(__dczerorl2.o)
    0x08000f52   0x08000f52   0x00000004   Code   RO          602    i.BusFault_Handler  stm32f4xx_it.o
    0x08000f56   0x08000f56   0x00000002   PAD
    0x08000f58   0x08000f58   0x00000010   Code   RO          603    i.DMA1_Stream3_IRQHandler  stm32f4xx_it.o
    0x08000f68   0x08000f68   0x00000010   Code   RO          604    i.DMA2_Stream7_IRQHandler  stm32f4xx_it.o
    0x08000f78   0x08000f78   0x00000034   Code   RO         2754    i.DMA_CalcBaseAndBitshift  stm32f4xx_hal_dma.o
    0x08000fac   0x08000fac   0x000000aa   Code   RO         2755    i.DMA_CheckFifoParam  stm32f4xx_hal_dma.o
    0x08001056   0x08001056   0x00000002   Code   RO          605    i.DebugMon_Handler  stm32f4xx_it.o
    0x08001058   0x08001058   0x000003e8   Code   RO         6314    i.ESP01S_Init       esp01s.o
    0x08001440   0x08001440   0x00000058   Code   RO         6315    i.ESP01S_UART_RxCpltCallback  esp01s.o
    0x08001498   0x08001498   0x00000006   Code   RO          310    i.Error_Handler     main.o
    0x0800149e   0x0800149e   0x000000ac   Code   RO         2757    i.HAL_DMA_Abort     stm32f4xx_hal_dma.o
    0x0800154a   0x0800154a   0x00000028   Code   RO         2758    i.HAL_DMA_Abort_IT  stm32f4xx_hal_dma.o
    0x08001572   0x08001572   0x00000002   PAD
    0x08001574   0x08001574   0x00000240   Code   RO         2762    i.HAL_DMA_IRQHandler  stm32f4xx_hal_dma.o
    0x080017b4   0x080017b4   0x000000ec   Code   RO         2763    i.HAL_DMA_Init      stm32f4xx_hal_dma.o
    0x080018a0   0x080018a0   0x00000028   Code   RO         3199    i.HAL_Delay         stm32f4xx_hal.o
    0x080018c8   0x080018c8   0x000001f4   Code   RO         2650    i.HAL_GPIO_Init     stm32f4xx_hal_gpio.o
    0x08001abc   0x08001abc   0x00000014   Code   RO         2653    i.HAL_GPIO_TogglePin  stm32f4xx_hal_gpio.o
    0x08001ad0   0x08001ad0   0x0000000c   Code   RO         2654    i.HAL_GPIO_WritePin  stm32f4xx_hal_gpio.o
    0x08001adc   0x08001adc   0x0000000c   Code   RO         3205    i.HAL_GetTick       stm32f4xx_hal.o
    0x08001ae8   0x08001ae8   0x000001d0   Code   RO         1766    i.HAL_I2C_Init      stm32f4xx_hal_i2c.o
    0x08001cb8   0x08001cb8   0x00000164   Code   RO         1787    i.HAL_I2C_Mem_Write  stm32f4xx_hal_i2c.o
    0x08001e1c   0x08001e1c   0x00000088   Code   RO          502    i.HAL_I2C_MspInit   i2c.o
    0x08001ea4   0x08001ea4   0x00000018   Code   RO         3211    i.HAL_IncTick       stm32f4xx_hal.o
    0x08001ebc   0x08001ebc   0x0000003c   Code   RO         3212    i.HAL_Init          stm32f4xx_hal.o
    0x08001ef8   0x08001ef8   0x000000b4   Code   RO          732    i.HAL_InitTick      stm32f4xx_hal_timebase_tim.o
    0x08001fac   0x08001fac   0x00000048   Code   RO          708    i.HAL_MspInit       stm32f4xx_hal_msp.o
    0x08001ff4   0x08001ff4   0x00000028   Code   RO         3042    i.HAL_NVIC_EnableIRQ  stm32f4xx_hal_cortex.o
    0x0800201c   0x0800201c   0x0000007c   Code   RO         3048    i.HAL_NVIC_SetPriority  stm32f4xx_hal_cortex.o
    0x08002098   0x08002098   0x00000028   Code   RO         3049    i.HAL_NVIC_SetPriorityGrouping  stm32f4xx_hal_cortex.o
    0x080020c0   0x080020c0   0x00000184   Code   RO         2251    i.HAL_RCC_ClockConfig  stm32f4xx_hal_rcc.o
    0x08002244   0x08002244   0x00000044   Code   RO         2255    i.HAL_RCC_GetClockConfig  stm32f4xx_hal_rcc.o
    0x08002288   0x08002288   0x0000000c   Code   RO         2256    i.HAL_RCC_GetHCLKFreq  stm32f4xx_hal_rcc.o
    0x08002294   0x08002294   0x00000020   Code   RO         2258    i.HAL_RCC_GetPCLK1Freq  stm32f4xx_hal_rcc.o
    0x080022b4   0x080022b4   0x00000020   Code   RO         2259    i.HAL_RCC_GetPCLK2Freq  stm32f4xx_hal_rcc.o
    0x080022d4   0x080022d4   0x000000b0   Code   RO         2260    i.HAL_RCC_GetSysClockFreq  stm32f4xx_hal_rcc.o
    0x08002384   0x08002384   0x0000049c   Code   RO         2263    i.HAL_RCC_OscConfig  stm32f4xx_hal_rcc.o
    0x08002820   0x08002820   0x00000002   Code   RO         1488    i.HAL_TIMEx_BreakCallback  stm32f4xx_hal_tim_ex.o
    0x08002822   0x08002822   0x00000002   Code   RO         1489    i.HAL_TIMEx_CommutCallback  stm32f4xx_hal_tim_ex.o
    0x08002824   0x08002824   0x00000066   Code   RO          773    i.HAL_TIM_Base_Init  stm32f4xx_hal_tim.o
    0x0800288a   0x0800288a   0x00000002   Code   RO          775    i.HAL_TIM_Base_MspInit  stm32f4xx_hal_tim.o
    0x0800288c   0x0800288c   0x000000a8   Code   RO          778    i.HAL_TIM_Base_Start_IT  stm32f4xx_hal_tim.o
    0x08002934   0x08002934   0x00000002   Code   RO          807    i.HAL_TIM_IC_CaptureCallback  stm32f4xx_hal_tim.o
    0x08002936   0x08002936   0x0000016c   Code   RO          821    i.HAL_TIM_IRQHandler  stm32f4xx_hal_tim.o
    0x08002aa2   0x08002aa2   0x00000002   Code   RO          824    i.HAL_TIM_OC_DelayElapsedCallback  stm32f4xx_hal_tim.o
    0x08002aa4   0x08002aa4   0x00000002   Code   RO          851    i.HAL_TIM_PWM_PulseFinishedCallback  stm32f4xx_hal_tim.o
    0x08002aa6   0x08002aa6   0x00000002   PAD
    0x08002aa8   0x08002aa8   0x00000018   Code   RO          311    i.HAL_TIM_PeriodElapsedCallback  main.o
    0x08002ac0   0x08002ac0   0x00000002   Code   RO          864    i.HAL_TIM_TriggerCallback  stm32f4xx_hal_tim.o
    0x08002ac2   0x08002ac2   0x00000002   Code   RO         3462    i.HAL_UARTEx_RxEventCallback  stm32f4xx_hal_uart.o
    0x08002ac4   0x08002ac4   0x00000002   Code   RO         3476    i.HAL_UART_ErrorCallback  stm32f4xx_hal_uart.o
    0x08002ac6   0x08002ac6   0x00000002   PAD
    0x08002ac8   0x08002ac8   0x00000308   Code   RO         3479    i.HAL_UART_IRQHandler  stm32f4xx_hal_uart.o
    0x08002dd0   0x08002dd0   0x00000076   Code   RO         3480    i.HAL_UART_Init     stm32f4xx_hal_uart.o
    0x08002e46   0x08002e46   0x00000002   PAD
    0x08002e48   0x08002e48   0x00000218   Code   RO          544    i.HAL_UART_MspInit  usart.o
    0x08003060   0x08003060   0x0000002c   Code   RO         3485    i.HAL_UART_Receive_IT  stm32f4xx_hal_uart.o
    0x0800308c   0x0800308c   0x00000054   Code   RO         6316    i.HAL_UART_RxCpltCallback  esp01s.o
    0x080030e0   0x080030e0   0x000000be   Code   RO         3488    i.HAL_UART_Transmit  stm32f4xx_hal_uart.o
    0x0800319e   0x0800319e   0x00000002   Code   RO         3491    i.HAL_UART_TxCpltCallback  stm32f4xx_hal_uart.o
    0x080031a0   0x080031a0   0x00000040   Code   RO         5818    i.HalArchInit       los_context.o
    0x080031e0   0x080031e0   0x0000000e   Code   RO         6053    i.HalEnterSleep     los_timer.o
    0x080031ee   0x080031ee   0x00000028   Code   RO         6054    i.HalGetTickCycle   los_timer.o
    0x08003216   0x08003216   0x00000002   PAD
    0x08003218   0x08003218   0x00000048   Code   RO         5883    i.HalHwiInit        los_interrupt.o
    0x08003260   0x08003260   0x00000014   Code   RO         5998    i.HalIsIntActive    los_interrupt.o
    0x08003274   0x08003274   0x00000012   Code   RO         5819    i.HalStartSchedule  los_context.o
    0x08003286   0x08003286   0x00000008   Code   RO         5820    i.HalSysExit        los_context.o
    0x0800328e   0x0800328e   0x00000002   PAD
    0x08003290   0x08003290   0x00000050   Code   RO         6055    i.HalSysTickReload  los_timer.o
    0x080032e0   0x080032e0   0x00000084   Code   RO         6057    i.HalTickStart      los_timer.o
    0x08003364   0x08003364   0x00000174   Code   RO         5821    i.HalTskStackInit   los_context.o
    0x080034d8   0x080034d8   0x00000004   Code   RO          606    i.HardFault_Handler  stm32f4xx_it.o
    0x080034dc   0x080034dc   0x0000003e   Code   RO         1810    i.I2C_IsAcknowledgeFailed  stm32f4xx_hal_i2c.o
    0x0800351a   0x0800351a   0x00000002   PAD
    0x0800351c   0x0800351c   0x000000e0   Code   RO         1822    i.I2C_RequestMemoryWrite  stm32f4xx_hal_i2c.o
    0x080035fc   0x080035fc   0x00000066   Code   RO         1830    i.I2C_WaitOnBTFFlagUntilTimeout  stm32f4xx_hal_i2c.o
    0x08003662   0x08003662   0x000000be   Code   RO         1831    i.I2C_WaitOnFlagUntilTimeout  stm32f4xx_hal_i2c.o
    0x08003720   0x08003720   0x000000fa   Code   RO         1832    i.I2C_WaitOnMasterAddressFlagUntilTimeout  stm32f4xx_hal_i2c.o
    0x0800381a   0x0800381a   0x00000066   Code   RO         1836    i.I2C_WaitOnTXEFlagUntilTimeout  stm32f4xx_hal_i2c.o
    0x08003880   0x08003880   0x00000018   Code   RO         4974    i.LOS_Align         los_task.o
    0x08003898   0x08003898   0x0000001c   Code   RO         4975    i.LOS_CurTaskIDGet  los_task.o
    0x080038b4   0x080038b4   0x0000003c   Code   RO         3861    i.LOS_EventDestroy  los_event.o
    0x080038f0   0x080038f0   0x0000001c   Code   RO         3862    i.LOS_EventInit     los_event.o
    0x0800390c   0x0800390c   0x00000134   Code   RO         3997    i.LOS_KernelInit    los_init.o
    0x08003a40   0x08003a40   0x0000000e   Code   RO         4086    i.LOS_ListAdd       los_mux.o
    0x08003a4e   0x08003a4e   0x0000000e   Code   RO         4184    i.LOS_ListAdd       los_queue.o
    0x08003a5c   0x08003a5c   0x0000000e   Code   RO         4373    i.LOS_ListAdd       los_sched.o
    0x08003a6a   0x08003a6a   0x0000000e   Code   RO         4624    i.LOS_ListAdd       los_sem.o
    0x08003a78   0x08003a78   0x0000000e   Code   RO         4719    i.LOS_ListAdd       los_sortlink.o
    0x08003a86   0x08003a86   0x0000000e   Code   RO         4978    i.LOS_ListAdd       los_task.o
    0x08003a94   0x08003a94   0x00000014   Code   RO         4374    i.LOS_ListDelete    los_sched.o
    0x08003aa8   0x08003aa8   0x00000014   Code   RO         4979    i.LOS_ListDelete    los_task.o
    0x08003abc   0x08003abc   0x00000010   Code   RO         3866    i.LOS_ListEmpty     los_event.o
    0x08003acc   0x08003acc   0x00000010   Code   RO         4185    i.LOS_ListEmpty     los_queue.o
    0x08003adc   0x08003adc   0x00000010   Code   RO         4375    i.LOS_ListEmpty     los_sched.o
    0x08003aec   0x08003aec   0x00000010   Code   RO         4720    i.LOS_ListEmpty     los_sortlink.o
    0x08003afc   0x08003afc   0x00000010   Code   RO         4824    i.LOS_ListEmpty     los_swtmr.o
    0x08003b0c   0x08003b0c   0x00000010   Code   RO         4980    i.LOS_ListEmpty     los_task.o
    0x08003b1c   0x08003b1c   0x00000006   Code   RO         4088    i.LOS_ListInit      los_mux.o
    0x08003b22   0x08003b22   0x00000006   Code   RO         4186    i.LOS_ListInit      los_queue.o
    0x08003b28   0x08003b28   0x00000006   Code   RO         4626    i.LOS_ListInit      los_sem.o
    0x08003b2e   0x08003b2e   0x00000006   Code   RO         4981    i.LOS_ListInit      los_task.o
    0x08003b34   0x08003b34   0x00000010   Code   RO         4376    i.LOS_ListTailInsert  los_sched.o
    0x08003b44   0x08003b44   0x00000010   Code   RO         4982    i.LOS_ListTailInsert  los_task.o
    0x08003b54   0x08003b54   0x00000024   Code   RO         5331    i.LOS_MS2Tick       los_tick.o
    0x08003b78   0x08003b78   0x00000068   Code   RO         5488    i.LOS_MemAlloc      los_memory.o
    0x08003be0   0x08003be0   0x000000cc   Code   RO         5489    i.LOS_MemAllocAlign  los_memory.o
    0x08003cac   0x08003cac   0x00000074   Code   RO         5491    i.LOS_MemFree       los_memory.o
    0x08003d20   0x08003d20   0x000000d8   Code   RO         5493    i.LOS_MemInfoGet    los_memory.o
    0x08003df8   0x08003df8   0x0000006c   Code   RO         5494    i.LOS_MemInit       los_memory.o
    0x08003e64   0x08003e64   0x00000056   Code   RO         5495    i.LOS_MemIntegrityCheck  los_memory.o
    0x08003eba   0x08003eba   0x00000012   Code   RO         5497    i.LOS_MemPoolSizeGet  los_memory.o
    0x08003ecc   0x08003ecc   0x00000028   Code   RO         4983    i.LOS_Msleep        los_task.o
    0x08003ef4   0x08003ef4   0x00000024   Code   RO         3998    i.LOS_Panic         los_init.o
    0x08003f18   0x08003f18   0x000000e4   Code   RO         4187    i.LOS_QueueCreate   los_queue.o
    0x08003ffc   0x08003ffc   0x00000036   Code   RO         4191    i.LOS_QueueReadCopy  los_queue.o
    0x08004032   0x08004032   0x00000036   Code   RO         4193    i.LOS_QueueWriteCopy  los_queue.o
    0x08004068   0x08004068   0x000000a4   Code   RO         4377    i.LOS_SchedTickHandler  los_sched.o
    0x0800410c   0x0800410c   0x0000001c   Code   RO         4379    i.LOS_Schedule      los_sched.o
    0x08004128   0x08004128   0x00000008   Code   RO         4000    i.LOS_Start         los_init.o
    0x08004130   0x08004130   0x00000050   Code   RO         4986    i.LOS_TaskCreate    los_task.o
    0x08004180   0x08004180   0x000000b8   Code   RO         4987    i.LOS_TaskCreateOnly  los_task.o
    0x08004238   0x08004238   0x00000050   Code   RO         4988    i.LOS_TaskDelay     los_task.o
    0x08004288   0x08004288   0x00000168   Code   RO         4989    i.LOS_TaskDelete    los_task.o
    0x080043f0   0x080043f0   0x0000001a   Code   RO         5003    i.LOS_TaskYield     los_task.o
    0x0800440a   0x0800440a   0x00000002   PAD
    0x0800440c   0x0800440c   0x00000040   Code   RO         5334    i.LOS_TickCountGet  los_tick.o
    0x0800444c   0x0800444c   0x00000090   Code   RO         6317    i.MQTT_ProcessReceivedData  esp01s.o
    0x080044dc   0x080044dc   0x00000044   Code   RO         6319    i.MQTT_Subscribe    esp01s.o
    0x08004520   0x08004520   0x00000068   Code   RO          477    i.MX_DMA_Init       dma.o
    0x08004588   0x08004588   0x000000d8   Code   RO          453    i.MX_GPIO_Init      gpio.o
    0x08004660   0x08004660   0x0000003c   Code   RO          503    i.MX_I2C1_Init      i2c.o
    0x0800469c   0x0800469c   0x00000038   Code   RO          545    i.MX_USART1_UART_Init  usart.o
    0x080046d4   0x080046d4   0x00000038   Code   RO          546    i.MX_USART2_UART_Init  usart.o
    0x0800470c   0x0800470c   0x00000038   Code   RO          547    i.MX_USART3_UART_Init  usart.o
    0x08004744   0x08004744   0x00000004   Code   RO          607    i.MemManage_Handler  stm32f4xx_it.o
    0x08004748   0x08004748   0x00000004   Code   RO          608    i.NMI_Handler       stm32f4xx_it.o
    0x0800474c   0x0800474c   0x00000038   Code   RO           13    i.OLED_Clear        oled.o
    0x08004784   0x08004784   0x00000024   Code   RO           19    i.OLED_Init         oled.o
    0x080047a8   0x080047a8   0x00000024   Code   RO           22    i.OLED_Set_Pos      oled.o
    0x080047cc   0x080047cc   0x000000e4   Code   RO           24    i.OLED_ShowChar     oled.o
    0x080048b0   0x080048b0   0x00000068   Code   RO           26    i.OLED_ShowString   oled.o
    0x08004918   0x08004918   0x00000028   Code   RO           30    i.OLED_WR_CMD       oled.o
    0x08004940   0x08004940   0x00000028   Code   RO           31    i.OLED_WR_DATA      oled.o
    0x08004968   0x08004968   0x00000174   Code   RO          275    i.OpenMV_Receive_Data  ax_openmv.o
    0x08004adc   0x08004adc   0x0000007c   Code   RO         4721    i.OsAdd2SortLink    los_sortlink.o
    0x08004b58   0x08004b58   0x0000007c   Code   RO         4722    i.OsAddNode2SortLink  los_sortlink.o
    0x08004bd4   0x08004bd4   0x000000d0   Code   RO         5502    i.OsAllMemNodeDoHandle  los_memory.o
    0x08004ca4   0x08004ca4   0x0000003c   Code   RO         5005    i.OsCheckTaskIDValid  los_task.o
    0x08004ce0   0x08004ce0   0x0000001e   Code   RO         4723    i.OsDeleteNodeSortLink  los_sortlink.o
    0x08004cfe   0x08004cfe   0x00000002   PAD
    0x08004d00   0x08004d00   0x00000078   Code   RO         4724    i.OsDeleteSortLink  los_sortlink.o
    0x08004d78   0x08004d78   0x00000024   Code   RO         6119    i.OsDoExcHook       los_debug.o
    0x08004d9c   0x08004d9c   0x00000030   Code   RO         4380    i.OsGetCurrSchedTimeCycle  los_sched.o
    0x08004dcc   0x08004dcc   0x00000030   Code   RO         4830    i.OsGetCurrSchedTimeCycle  los_swtmr.o
    0x08004dfc   0x08004dfc   0x000000e4   Code   RO         4381    i.OsGetCurrSysTimeCycle  los_sched.o
    0x08004ee0   0x08004ee0   0x00000058   Code   RO         4725    i.OsGetNextExpireTime  los_sortlink.o
    0x08004f38   0x08004f38   0x00000098   Code   RO         5503    i.OsGetRealPtr      los_memory.o
    0x08004fd0   0x08004fd0   0x00000050   Code   RO         4726    i.OsGetSortLinkAttribute  los_sortlink.o
    0x08005020   0x08005020   0x0000004c   Code   RO         4727    i.OsGetSortLinkNextExpireTime  los_sortlink.o
    0x0800506c   0x0800506c   0x0000003c   Code   RO         4382    i.OsGetTopTask      los_sched.o
    0x080050a8   0x080050a8   0x00000020   Code   RO         5009    i.OsIdleTask        los_task.o
    0x080050c8   0x080050c8   0x00000064   Code   RO         5010    i.OsIdleTaskCreate  los_task.o
    0x0800512c   0x0800512c   0x00000040   Code   RO         6121    i.OsLogLevelCheck   los_debug.o
    0x0800516c   0x0800516c   0x0000001a   Code   RO         5504    i.OsMemAddrValidCheck  los_memory.o
    0x08005186   0x08005186   0x00000002   PAD
    0x08005188   0x08005188   0x0000007c   Code   RO         5505    i.OsMemAddrValidCheckPrint  los_memory.o
    0x08005204   0x08005204   0x00000124   Code   RO         5506    i.OsMemAlloc        los_memory.o
    0x08005328   0x08005328   0x0000009c   Code   RO         5507    i.OsMemCheckUsedNode  los_memory.o
    0x080053c4   0x080053c4   0x00000014   Code   RO         5508    i.OsMemFFS          los_memory.o
    0x080053d8   0x080053d8   0x00000108   Code   RO         5509    i.OsMemFindNextSuitableBlock  los_memory.o
    0x080054e0   0x080054e0   0x00000028   Code   RO         5510    i.OsMemFlGet        los_memory.o
    0x08005508   0x08005508   0x000000a4   Code   RO         5511    i.OsMemFree         los_memory.o
    0x080055ac   0x080055ac   0x0000002c   Code   RO         5512    i.OsMemFreeListIndexGet  los_memory.o
    0x080055d8   0x080055d8   0x00000060   Code   RO         5513    i.OsMemFreeListNodeCheck  los_memory.o
    0x08005638   0x08005638   0x0000009c   Code   RO         5514    i.OsMemFreeNodeAdd  los_memory.o
    0x080056d4   0x080056d4   0x0000001a   Code   RO         5515    i.OsMemFreeNodeDelete  los_memory.o
    0x080056ee   0x080056ee   0x0000007a   Code   RO         5516    i.OsMemInfoGet      los_memory.o
    0x08005768   0x08005768   0x00000088   Code   RO         5517    i.OsMemInfoPrint    los_memory.o
    0x080057f0   0x080057f0   0x00000056   Code   RO         5518    i.OsMemIntegrityCheck  los_memory.o
    0x08005846   0x08005846   0x00000002   PAD
    0x08005848   0x08005848   0x00000090   Code   RO         5519    i.OsMemIntegrityCheckError  los_memory.o
    0x080058d8   0x080058d8   0x00000058   Code   RO         5520    i.OsMemIntegrityCheckSub  los_memory.o
    0x08005930   0x08005930   0x00000038   Code   RO         5521    i.OsMemIsNodeValid  los_memory.o
    0x08005968   0x08005968   0x0000005a   Code   RO         5522    i.OsMemListDelete   los_memory.o
    0x080059c2   0x080059c2   0x0000001e   Code   RO         5523    i.OsMemMergeNode    los_memory.o
    0x080059e0   0x080059e0   0x00000150   Code   RO         5524    i.OsMemNodeInfo     los_memory.o
    0x08005b30   0x08005b30   0x00000012   Code   RO         5525    i.OsMemNodeInfoGetHandle  los_memory.o
    0x08005b42   0x08005b42   0x00000002   PAD
    0x08005b44   0x08005b44   0x000000b8   Code   RO         5526    i.OsMemPoolAdd      los_memory.o
    0x08005bfc   0x08005bfc   0x00000014   Code   RO         5527    i.OsMemPoolDeinit   los_memory.o
    0x08005c10   0x08005c10   0x0000018c   Code   RO         5529    i.OsMemPoolHeadCheck  los_memory.o
    0x08005d9c   0x08005d9c   0x0000006c   Code   RO         5530    i.OsMemPoolInit     los_memory.o
    0x08005e08   0x08005e08   0x00000068   Code   RO         5532    i.OsMemSlGet        los_memory.o
    0x08005e70   0x08005e70   0x0000004c   Code   RO         5533    i.OsMemSplitNode    los_memory.o
    0x08005ebc   0x08005ebc   0x00000068   Code   RO         5534    i.OsMemSystemInit   los_memory.o
    0x08005f24   0x08005f24   0x00000014   Code   RO         5535    i.OsMemWaterUsedRecord  los_memory.o
    0x08005f38   0x08005f38   0x00000064   Code   RO         4093    i.OsMuxInit         los_mux.o
    0x08005f9c   0x08005f9c   0x00000074   Code   RO         5011    i.OsNewTaskInit     los_task.o
    0x08006010   0x08006010   0x00000174   Code   RO         4196    i.OsQueueBufferOperate  los_queue.o
    0x08006184   0x08006184   0x00000078   Code   RO         4197    i.OsQueueInit       los_queue.o
    0x080061fc   0x080061fc   0x0000017c   Code   RO         4200    i.OsQueueOperate    los_queue.o
    0x08006378   0x08006378   0x00000040   Code   RO         4201    i.OsQueueReadParameterCheck  los_queue.o
    0x080063b8   0x080063b8   0x00000040   Code   RO         4202    i.OsQueueWriteParameterCheck  los_queue.o
    0x080063f8   0x080063f8   0x00000030   Code   RO         5014    i.OsRecycleTaskResources  los_task.o
    0x08006428   0x08006428   0x00000058   Code   RO         5015    i.OsRecyleFinishedTask  los_task.o
    0x08006480   0x08006480   0x0000000c   Code   RO         4001    i.OsRegister        los_init.o
    0x0800648c   0x0800648c   0x0000000c   Code   RO         4383    i.OsSchedDelay      los_sched.o
    0x08006498   0x08006498   0x00000060   Code   RO         4384    i.OsSchedInit       los_sched.o
    0x080064f8   0x080064f8   0x00000020   Code   RO         4387    i.OsSchedResetSchedResponseTime  los_sched.o
    0x08006518   0x08006518   0x000000a0   Code   RO         4388    i.OsSchedScanTimerList  los_sched.o
    0x080065b8   0x080065b8   0x0000000c   Code   RO         4389    i.OsSchedSetIdleTaskSchedParam  los_sched.o
    0x080065c4   0x080065c4   0x000000d8   Code   RO         4390    i.OsSchedSetNextExpireTime  los_sched.o
    0x0800669c   0x0800669c   0x0000000c   Code   RO         4391    i.OsSchedSetStartTime  los_sched.o
    0x080066a8   0x080066a8   0x000000a4   Code   RO         4392    i.OsSchedStart      los_sched.o
    0x0800674c   0x0800674c   0x00000014   Code   RO         4393    i.OsSchedSwtmrScanRegister  los_sched.o
    0x08006760   0x08006760   0x00000058   Code   RO         4394    i.OsSchedTaskDeQueue  los_sched.o
    0x080067b8   0x080067b8   0x00000114   Code   RO         4395    i.OsSchedTaskEnQueue  los_sched.o
    0x080068cc   0x080068cc   0x00000048   Code   RO         4396    i.OsSchedTaskExit   los_sched.o
    0x08006914   0x08006914   0x000000ec   Code   RO         4397    i.OsSchedTaskSwitch  los_sched.o
    0x08006a00   0x08006a00   0x00000030   Code   RO         4398    i.OsSchedTaskWait   los_sched.o
    0x08006a30   0x08006a30   0x00000046   Code   RO         4399    i.OsSchedTaskWake   los_sched.o
    0x08006a76   0x08006a76   0x00000002   PAD
    0x08006a78   0x08006a78   0x000000c0   Code   RO         4400    i.OsSchedTickReload  los_sched.o
    0x08006b38   0x08006b38   0x0000007c   Code   RO         4402    i.OsSchedUpdateExpireTime  los_sched.o
    0x08006bb4   0x08006bb4   0x00000028   Code   RO         4403    i.OsSchedUpdateSchedTimeBase  los_sched.o
    0x08006bdc   0x08006bdc   0x00000010   Code   RO         4404    i.OsSchedYield      los_sched.o
    0x08006bec   0x08006bec   0x00000060   Code   RO         4633    i.OsSemInit         los_sem.o
    0x08006c4c   0x08006c4c   0x0000000e   Code   RO         4730    i.OsSortLinkInit    los_sortlink.o
    0x08006c5a   0x08006c5a   0x00000002   PAD
    0x08006c5c   0x08006c5c   0x00000014   Code   RO         4831    i.OsSwtmrDelete     los_swtmr.o
    0x08006c70   0x08006c70   0x000000f8   Code   RO         4833    i.OsSwtmrInit       los_swtmr.o
    0x08006d68   0x08006d68   0x00000074   Code   RO         4834    i.OsSwtmrScan       los_swtmr.o
    0x08006ddc   0x08006ddc   0x00000032   Code   RO         4835    i.OsSwtmrStart      los_swtmr.o
    0x08006e0e   0x08006e0e   0x00000002   PAD
    0x08006e10   0x08006e10   0x000000ac   Code   RO         4837    i.OsSwtmrTask       los_swtmr.o
    0x08006ebc   0x08006ebc   0x00000048   Code   RO         4838    i.OsSwtmrTaskCreate  los_swtmr.o
    0x08006f04   0x08006f04   0x0000006c   Code   RO         4840    i.OsSwtmrTimeoutHandle  los_swtmr.o
    0x08006f70   0x08006f70   0x00000058   Code   RO         5016    i.OsTaskEntry       los_task.o
    0x08006fc8   0x08006fc8   0x000000cc   Code   RO         5017    i.OsTaskInit        los_task.o
    0x08007094   0x08007094   0x00000080   Code   RO         5018    i.OsTaskInitParamCheck  los_task.o
    0x08007114   0x08007114   0x0000002e   Code   RO         5020    i.OsTaskJoinPostUnsafe  los_task.o
    0x08007142   0x08007142   0x0000000c   Code   RO         5337    i.OsTickHandler     los_tick.o
    0x0800714e   0x0800714e   0x00000002   PAD
    0x08007150   0x08007150   0x000000a4   Code   RO         4406    i.OsTimeSliceUpdate  los_sched.o
    0x080071f4   0x080071f4   0x00000002   Code   RO          610    i.SVC_Handler       stm32f4xx_it.o
    0x080071f6   0x080071f6   0x0000006c   Code   RO         6193    i.SecMemcpyError    memcpy_s.o
    0x08007262   0x08007262   0x00000036   Code   RO         6243    i.SecMemsetError    memset_s.o
    0x08007298   0x08007298   0x000000b4   Code   RO          312    i.SystemClock_Config  main.o
    0x0800734c   0x0800734c   0x00000014   Code   RO         3824    i.SystemInit        system_stm32f4xx.o
    0x08007360   0x08007360   0x00000010   Code   RO          612    i.TIM7_IRQHandler   stm32f4xx_it.o
    0x08007370   0x08007370   0x000000e0   Code   RO          866    i.TIM_Base_SetConfig  stm32f4xx_hal_tim.o
    0x08007450   0x08007450   0x0000016c   Code   RO          313    i.TaskEntry1        main.o
    0x080075bc   0x080075bc   0x00000018   Code   RO          314    i.TaskEntry2        main.o
    0x080075d4   0x080075d4   0x00000004   Code   RO          315    i.TaskEntry3        main.o
    0x080075d8   0x080075d8   0x000000dc   Code   RO          316    i.TaskEntry4        main.o
    0x080076b4   0x080076b4   0x00000012   Code   RO         3493    i.UART_DMAAbortOnError  stm32f4xx_hal_uart.o
    0x080076c6   0x080076c6   0x0000006c   Code   RO         3503    i.UART_EndRxTransfer  stm32f4xx_hal_uart.o
    0x08007732   0x08007732   0x00000020   Code   RO         3504    i.UART_EndTransmit_IT  stm32f4xx_hal_uart.o
    0x08007752   0x08007752   0x000000fc   Code   RO         3506    i.UART_Receive_IT   stm32f4xx_hal_uart.o
    0x0800784e   0x0800784e   0x00000002   PAD
    0x08007850   0x08007850   0x0000022c   Code   RO         3507    i.UART_SetConfig    stm32f4xx_hal_uart.o
    0x08007a7c   0x08007a7c   0x00000040   Code   RO         3509    i.UART_Start_Receive_IT  stm32f4xx_hal_uart.o
    0x08007abc   0x08007abc   0x00000060   Code   RO         3510    i.UART_Transmit_IT  stm32f4xx_hal_uart.o
    0x08007b1c   0x08007b1c   0x0000008c   Code   RO         3511    i.UART_WaitOnFlagUntilTimeout  stm32f4xx_hal_uart.o
    0x08007ba8   0x08007ba8   0x00000010   Code   RO          613    i.USART2_IRQHandler  stm32f4xx_it.o
    0x08007bb8   0x08007bb8   0x00000010   Code   RO          614    i.USART3_IRQHandler  stm32f4xx_it.o
    0x08007bc8   0x08007bc8   0x00000004   Code   RO          615    i.UsageFault_Handler  stm32f4xx_it.o
    0x08007bcc   0x08007bcc   0x00000020   Code   RO         6669    i.__0printf         mc_w.l(printfa.o)
    0x08007bec   0x08007bec   0x00000034   Code   RO         6670    i.__0snprintf       mc_w.l(printfa.o)
    0x08007c20   0x08007c20   0x00000028   Code   RO         6671    i.__0sprintf        mc_w.l(printfa.o)
    0x08007c48   0x08007c48   0x00000010   Code   RO         3055    i.__NVIC_GetPriorityGrouping  stm32f4xx_hal_cortex.o
    0x08007c58   0x08007c58   0x00000028   Code   RO         3056    i.__NVIC_SetPriority  stm32f4xx_hal_cortex.o
    0x08007c80   0x08007c80   0x0000000e   Code   RO         6762    i.__scatterload_copy  mc_w.l(handlers.o)
    0x08007c8e   0x08007c8e   0x00000002   Code   RO         6763    i.__scatterload_null  mc_w.l(handlers.o)
    0x08007c90   0x08007c90   0x0000000e   Code   RO         6764    i.__scatterload_zeroinit  mc_w.l(handlers.o)
    0x08007c9e   0x08007c9e   0x00000002   PAD
    0x08007ca0   0x08007ca0   0x00000184   Code   RO         6676    i._fp_digits        mc_w.l(printfa.o)
    0x08007e24   0x08007e24   0x000006b4   Code   RO         6677    i._printf_core      mc_w.l(printfa.o)
    0x080084d8   0x080084d8   0x00000024   Code   RO         6678    i._printf_post_padding  mc_w.l(printfa.o)
    0x080084fc   0x080084fc   0x0000002e   Code   RO         6679    i._printf_pre_padding  mc_w.l(printfa.o)
    0x0800852a   0x0800852a   0x00000016   Code   RO         6680    i._snputc           mc_w.l(printfa.o)
    0x08008540   0x08008540   0x0000000a   Code   RO         6681    i._sputc            mc_w.l(printfa.o)
    0x0800854a   0x0800854a   0x00000002   PAD
    0x0800854c   0x0800854c   0x0000001c   Code   RO          317    i.fputc             main.o
    0x08008568   0x08008568   0x000001e0   Code   RO          318    i.main              main.o
    0x08008748   0x08008748   0x0000004e   Code   RO         6194    i.memcpy_s          memcpy_s.o
    0x08008796   0x08008796   0x00000036   Code   RO         6245    i.memset_s          memset_s.o
    0x080087cc   0x080087cc   0x00000060   Code   RO         6321    i.mqtt_message_handler  esp01s.o
    0x0800882c   0x0800882c   0x00000084   Code   RO         6322    i.send_at_command   esp01s.o
    0x080088b0   0x080088b0   0x0000001c   Code   RO         6323    i.uart_send         esp01s.o
    0x080088cc   0x080088cc   0x000008c8   Data   RO          259    .constdata          oledfont.o
    0x08009194   0x08009194   0x00000008   Data   RO         2769    .constdata          stm32f4xx_hal_dma.o
    0x0800919c   0x0800919c   0x00000018   Data   RO         3825    .constdata          system_stm32f4xx.o
    0x080091b4   0x080091b4   0x00000015   Data   RO         4203    .constdata          los_queue.o
    0x080091c9   0x080091c9   0x00000051   Data   RO         4408    .constdata          los_sched.o
    0x0800921a   0x0800921a   0x0000005b   Data   RO         5537    .constdata          los_memory.o
    0x08009275   0x08009275   0x00000010   Data   RO         5822    .constdata          los_context.o
    0x08009285   0x08009285   0x00000040   Data   RO         6758    .constdata          mc_w.l(ctype_c.o)
    0x080092c5   0x080092c5   0x00000003   PAD
    0x080092c8   0x080092c8   0x00000309   Data   RO         5538    .conststring        los_memory.o
    0x080095d1   0x080095d1   0x00000003   PAD
    0x080095d4   0x080095d4   0x00000028   Data   RO         6122    .conststring        los_debug.o
    0x080095fc   0x080095fc   0x00000028   Data   RO         6325    .conststring        esp01s.o
    0x08009624   0x08009624   0x00000020   Data   RO         6760    Region$$Table       anon$$obj.o


    Execution Region RW_IRAM1 (Exec base: 0x20000000, Load base: 0x08009644, Size: 0x00010b60, Max: 0x0001c000, ABSOLUTE, COMPRESSED[0x00000068])

    Exec Addr    Load Addr    Size         Type   Attr      Idx    E Section Name        Object

    0x20000000   COMPRESSED   0x00000017   Data   RW           33    .data               oled.o
    0x20000017   COMPRESSED   0x00000001   PAD
    0x20000018   COMPRESSED   0x00000016   Data   RW          277    .data               ax_openmv.o
    0x2000002e   COMPRESSED   0x00000002   PAD
    0x20000030   COMPRESSED   0x00000009   Data   RW         3219    .data               stm32f4xx_hal.o
    0x20000039   COMPRESSED   0x00000003   PAD
    0x2000003c   COMPRESSED   0x00000004   Data   RW         3826    .data               system_stm32f4xx.o
    0x20000040   COMPRESSED   0x0000000c   Data   RW         4094    .data               los_mux.o
    0x2000004c   COMPRESSED   0x0000000c   Data   RW         4204    .data               los_queue.o
    0x20000058   COMPRESSED   0x00000048   Data   RW         4409    .data               los_sched.o
    0x200000a0   COMPRESSED   0x0000000c   Data   RW         4635    .data               los_sem.o
    0x200000ac   COMPRESSED   0x00000010   Data   RW         4731    .data               los_sortlink.o
    0x200000bc   COMPRESSED   0x00000010   Data   RW         4841    .data               los_swtmr.o
    0x200000cc   COMPRESSED   0x00000034   Data   RW         5023    .data               los_task.o
    0x20000100   COMPRESSED   0x00000010   Data   RW         5338    .data               los_tick.o
    0x20000110   COMPRESSED   0x00000008   Data   RW         5539    .data               los_memory.o
    0x20000118   COMPRESSED   0x00000024   Data   RW         5899    .data               los_interrupt.o
    0x2000013c   COMPRESSED   0x00000020   Data   RW         6123    .data               los_debug.o
    0x2000015c   COMPRESSED   0x00000026   Data   RW         6326    .data               esp01s.o
    0x20000182   COMPRESSED   0x00000002   PAD
    0x20000184   COMPRESSED   0x00000004   Data   RW         6727    .data               mc_w.l(stdout.o)
    0x20000188        -       0x00000014   Zero   RW          276    .bss                ax_openmv.o
    0x2000019c        -       0x00000054   Zero   RW          504    .bss                i2c.o
    0x200001f0        -       0x00000198   Zero   RW          548    .bss                usart.o
    0x20000388        -       0x00000048   Zero   RW          735    .bss                stm32f4xx_hal_timebase_tim.o
    0x200003d0        -       0x00000100   Zero   RW         4407    .bss                los_sched.o
    0x200004d0        -       0x00010010   Zero   RW         5536    .bss                los_memory.o
    0x200104e0        -       0x00000280   Zero   RW         6324    .bss                esp01s.o
    0x20010760        -       0x00000400   Zero   RW            1    STACK               startup_stm32f407xx.o


    Execution Region RW_IRAM2 (Exec base: 0x2001c000, Load base: 0x080096ac, Size: 0x00000000, Max: 0x00004000, ABSOLUTE)

    **** No section assigned to this execution region ****


==============================================================================

Image component sizes


      Code (inc. data)   RO Data    RW Data    ZI Data      Debug   Object Name

       372         36          0         22         20       2737   ax_openmv.o
       104          6          0          0          0        970   dma.o
      1640        796         40         38        640       7809   esp01s.o
       216         14          0          0          0       1155   gpio.o
       196         24          0          0         84       1977   i2c.o
       462         68         16          0          0       4956   los_context.o
       100         16         40         32          0       3924   los_debug.o
       256         26          0          0          0        452   los_dispatch.o
       104         10          0          0          0       7303   los_event.o
       364        122          0          0          0       4189   los_init.o
        92         16          0         36          0      37941   los_interrupt.o
      4738        972        868          8      65552      41600   los_memory.o
       120         18          0         12          0      14534   los_mux.o
      1372        136         21         12          0      28054   los_queue.o
      2644        460         81         72        256      34232   los_sched.o
       116         16          0         12          0       4279   los_sem.o
       686        130          0         16          0      11123   los_sortlink.o
       850        114          0         16          0      20075   los_swtmr.o
      1804        278          0         52          0      30253   los_task.o
       112         10          0         16          0       3234   los_tick.o
       266         34          0          0          0      33879   los_timer.o
      1330        464          0          0          0      18728   main.o
       186          0          0          0          0       3019   memcpy_s.o
       108          0          0          0          0       1695   memset_s.o
       540         26          0         23          0     705078   oled.o
         0          0       2248          0          0        730   oledfont.o
        36          8        392          0       1024        916   startup_stm32f407xx.o
       136         24          0          9          0       9278   stm32f4xx_hal.o
       260         22          0          0          0      34042   stm32f4xx_hal_cortex.o
      1246         16          8          0          0       5927   stm32f4xx_hal_dma.o
       532         46          0          0          0       3077   stm32f4xx_hal_gpio.o
      1750         30          0          0          0       9155   stm32f4xx_hal_i2c.o
        72          4          0          0          0       1018   stm32f4xx_hal_msp.o
      1888         94          0          0          0       6921   stm32f4xx_hal_rcc.o
       868         76          0          0          0       7386   stm32f4xx_hal_tim.o
         4          0          0          0          0       1837   stm32f4xx_hal_tim_ex.o
       180         20          0          0         72       1707   stm32f4xx_hal_timebase_tim.o
      2400         14          0          0          0      13820   stm32f4xx_hal_uart.o
       104         30          0          0          0       6717   stm32f4xx_it.o
        20          6         24          4          0       1367   system_stm32f4xx.o
       704         70          0          0        408       3718   usart.o

    ----------------------------------------------------------------------
     29014       4252       3773        388      68056    1130812   Object Totals
         0          0         32          0          0          0   (incl. Generated)
        36          0          3          8          0          0   (incl. Padding)

    ----------------------------------------------------------------------

      Code (inc. data)   RO Data    RW Data    ZI Data      Debug   Library Member Name

        56          8          0          0          0         84   __0sscanf.o
        86          0          0          0          0          0   __dczerorl2.o
        28          0          0          0          0         68   _chval.o
       816          6          0          0          0        112   _scanf.o
       332          0          0          0          0         96   _scanf_int.o
       224          0          0          0          0         96   _scanf_str.o
        64          0          0          0          0         84   _sgetc.o
        40          6         64          0          0         68   ctype_c.o
         0          0          0          0          0          0   entry.o
         0          0          0          0          0          0   entry10a.o
         0          0          0          0          0          0   entry11a.o
         4          0          0          0          0          0   entry12b.o
         8          4          0          0          0          0   entry2.o
         4          0          0          0          0          0   entry5.o
         0          0          0          0          0          0   entry7b.o
         0          0          0          0          0          0   entry8b.o
         8          4          0          0          0          0   entry9a.o
        30          0          0          0          0          0   handlers.o
        36          8          0          0          0         68   init.o
        10          0          0          0          0         68   isspace_c.o
         0          0          0          0          0          0   iusefp.o
        30          0          0          0          0         68   llshl.o
        36          0          0          0          0         68   llsshr.o
        32          0          0          0          0         68   llushr.o
        36          0          0          0          0         68   memcpya.o
        36          0          0          0          0        108   memseta.o
      2342        100          0          0          0        772   printfa.o
        40          8          0          0          0         84   scanf_char.o
         0          0          0          4          0          0   stdout.o
        28          0          0          0          0         76   strcmp.o
        14          0          0          0          0         68   strlen.o
        24          0          0          0          0         76   strncpy.o
        36          0          0          0          0         80   strstr.o
        44          0          0          0          0         80   uidiv.o
        98          0          0          0          0         92   uldiv.o
        48          0          0          0          0         68   cdrcmple.o
       334          0          0          0          0        148   dadd.o
       222          0          0          0          0        100   ddiv.o
       186          0          0          0          0        176   depilogue.o
        48          0          0          0          0         68   dfixul.o
       228          0          0          0          0         96   dmul.o

    ----------------------------------------------------------------------
      5614        144         67          4          0       3108   Library Totals
         6          0          3          0          0          0   (incl. Padding)

    ----------------------------------------------------------------------

      Code (inc. data)   RO Data    RW Data    ZI Data      Debug   Library Name

      4542        144         64          4          0       2452   mc_w.l
      1066          0          0          0          0        656   mf_w.l

    ----------------------------------------------------------------------
      5614        144         67          4          0       3108   Library Totals

    ----------------------------------------------------------------------

==============================================================================


      Code (inc. data)   RO Data    RW Data    ZI Data      Debug   

     34628       4396       3840        392      68056    1107188   Grand Totals
     34628       4396       3840        104      68056    1107188   ELF Image Totals (compressed)
     34628       4396       3840        104          0          0   ROM Totals

==============================================================================

    Total RO  Size (Code + RO Data)                38468 (  37.57kB)
    Total RW  Size (RW Data + ZI Data)             68448 (  66.84kB)
    Total ROM Size (Code + RO Data + RW Data)      38572 (  37.67kB)

==============================================================================

