Component: ARM Compiler 5.06 update 7 (build 960) Tool: armlink [4d3601]

==============================================================================

Section Cross References

    main.o(i.Start_Task) refers to ax_eeprom.o(i.AX_EEPROM_ReadOneByte) for AX_EEPROM_ReadOneByte
    main.o(i.Start_Task) refers to ax_servo.o(i.AX_SERVO_INIT) for AX_SERVO_INIT
    main.o(i.Start_Task) refers to ax_eeprom.o(i.AX_EEPROM_WriteOneByte) for AX_EEPROM_WriteOneByte
    main.o(i.Start_Task) refers to stm32f4xx_gpio.o(i.GPIO_ResetBits) for GPIO_ResetBits
    main.o(i.Start_Task) refers to tasks.o(i.vTaskDelay) for vTaskDelay
    main.o(i.Start_Task) refers to stm32f4xx_gpio.o(i.GPIO_SetBits) for GPIO_SetBits
    main.o(i.Start_Task) refers to ax_mpu6050.o(i.AX_MPU6050_GetGyroData) for AX_MPU6050_GetGyroData
    main.o(i.Start_Task) refers to ax_delay.o(i.AX_Delayms) for AX_Delayms
    main.o(i.Start_Task) refers to ax_oled.o(i.AX_OLED_ClearScreen) for AX_OLED_ClearScreen
    main.o(i.Start_Task) refers to ax_oled.o(i.AX_OLED_DispStr) for AX_OLED_DispStr
    main.o(i.Start_Task) refers to port.o(i.vPortEnterCritical) for vPortEnterCritical
    main.o(i.Start_Task) refers to tasks.o(i.xTaskCreate) for xTaskCreate
    main.o(i.Start_Task) refers to tasks.o(i.vTaskDelete) for vTaskDelete
    main.o(i.Start_Task) refers to port.o(i.vPortExitCritical) for vPortExitCritical
    main.o(i.Start_Task) refers to ax_robot.o(.data) for ax_imu_gyro_offset
    main.o(i.Start_Task) refers to main.o(.data) for Robot_Task_Handle
    main.o(i.Start_Task) refers to ax_robot.o(i.Robot_Task) for Robot_Task
    main.o(i.Start_Task) refers to ax_robot.o(i.ESP8266_Task) for ESP8266_Task
    main.o(i.Start_Task) refers to ax_robot.o(i.Key_Task) for Key_Task
    main.o(i.Start_Task) refers to ax_robot.o(i.Disp_Task) for Disp_Task
    main.o(i.Start_Task) refers to ax_robot.o(i.Trivia_Task) for Trivia_Task
    main.o(i.Start_Task) refers to ax_robot.o(i.GPS_Task) for GPS_Task
    main.o(i.Start_Task) refers to ax_robot.o(i.OPENMV_Task) for OPENMV_Task
    main.o(i.Start_Task) refers to ax_robot.o(i.SERVO_Task) for SERVO_Task
    main.o(i.main) refers to misc.o(i.NVIC_PriorityGroupConfig) for NVIC_PriorityGroupConfig
    main.o(i.main) refers to ax_delay.o(i.AX_DELAY_Init) for AX_DELAY_Init
    main.o(i.main) refers to ax_uart3.o(i.AX_UART3_Init) for AX_UART3_Init
    main.o(i.main) refers to ax_uart5.o(i.uart5_init) for uart5_init
    main.o(i.main) refers to ax_servo.o(i.AX_SERVO_S1_Init) for AX_SERVO_S1_Init
    main.o(i.main) refers to ax_servo.o(i.AX_SERVO_S2_Init) for AX_SERVO_S2_Init
    main.o(i.main) refers to ax_servo.o(i.AX_SERVO_S3456_Init) for AX_SERVO_S3456_Init
    main.o(i.main) refers to ax_motor.o(i.AX_MOTOR_AB_Init) for AX_MOTOR_AB_Init
    main.o(i.main) refers to ax_motor.o(i.AX_MOTOR_CD_Init) for AX_MOTOR_CD_Init
    main.o(i.main) refers to ax_led.o(i.AX_LED_Init) for AX_LED_Init
    main.o(i.main) refers to ax_key.o(i.AX_KEY_Init) for AX_KEY_Init
    main.o(i.main) refers to ax_vin.o(i.AX_VIN_Init) for AX_VIN_Init
    main.o(i.main) refers to ax_beep.o(i.AX_BEEP_Init) for AX_BEEP_Init
    main.o(i.main) refers to ax_eeprom.o(i.AX_EEPROM_Init) for AX_EEPROM_Init
    main.o(i.main) refers to ax_uart1.o(i.AX_UART1_Init) for AX_UART1_Init
    main.o(i.main) refers to ax_uart3.o(i.USART3_SendString) for USART3_SendString
    main.o(i.main) refers to ax_uart2.o(i.UART2_Init) for UART2_Init
    main.o(i.main) refers to ax_uart4.o(i.AX_UART4_Init) for AX_UART4_Init
    main.o(i.main) refers to ax_can.o(i.AX_CAN_Init) for AX_CAN_Init
    main.o(i.main) refers to ax_encoder.o(i.AX_ENCODER_A_Init) for AX_ENCODER_A_Init
    main.o(i.main) refers to ax_encoder.o(i.AX_ENCODER_B_Init) for AX_ENCODER_B_Init
    main.o(i.main) refers to ax_encoder.o(i.AX_ENCODER_C_Init) for AX_ENCODER_C_Init
    main.o(i.main) refers to ax_encoder.o(i.AX_ENCODER_D_Init) for AX_ENCODER_D_Init
    main.o(i.main) refers to ax_oled.o(i.AX_OLED_Init) for AX_OLED_Init
    main.o(i.main) refers to ax_oled.o(i.AX_OLED_DispPicture) for AX_OLED_DispPicture
    main.o(i.main) refers to ax_switch.o(i.AX_SW_Init) for AX_SW_Init
    main.o(i.main) refers to stm32f4xx_gpio.o(i.GPIO_SetBits) for GPIO_SetBits
    main.o(i.main) refers to ax_delay.o(i.AX_Delayms) for AX_Delayms
    main.o(i.main) refers to stm32f4xx_gpio.o(i.GPIO_ResetBits) for GPIO_ResetBits
    main.o(i.main) refers to ax_mpu6050.o(i.AX_MPU6050_Init) for AX_MPU6050_Init
    main.o(i.main) refers to ax_mpu6050.o(i.AX_MPU6050_SetAccRange) for AX_MPU6050_SetAccRange
    main.o(i.main) refers to ax_mpu6050.o(i.AX_MPU6050_SetGyroRange) for AX_MPU6050_SetGyroRange
    main.o(i.main) refers to ax_mpu6050.o(i.AX_MPU6050_SetGyroSmplRate) for AX_MPU6050_SetGyroSmplRate
    main.o(i.main) refers to ax_mpu6050.o(i.AX_MPU6050_SetDLPF) for AX_MPU6050_SetDLPF
    main.o(i.main) refers to tasks.o(i.xTaskCreate) for xTaskCreate
[...]
    TIM1_UP_TIM10_IRQHandler                 0x08000273   Thumb Code     0  startup_stm32f40_41xxx.o(.text)
    TIM2_IRQHandler                          0x08000273   Thumb Code     0  startup_stm32f40_41xxx.o(.text)
    TIM3_IRQHandler                          0x08000273   Thumb Code     0  startup_stm32f40_41xxx.o(.text)
    TIM4_IRQHandler                          0x08000273   Thumb Code     0  startup_stm32f40_41xxx.o(.text)
    TIM5_IRQHandler                          0x08000273   Thumb Code     0  startup_stm32f40_41xxx.o(.text)
    TIM6_DAC_IRQHandler                      0x08000273   Thumb Code     0  startup_stm32f40_41xxx.o(.text)
    TIM8_BRK_TIM12_IRQHandler                0x08000273   Thumb Code     0  startup_stm32f40_41xxx.o(.text)
    TIM8_CC_IRQHandler                       0x08000273   Thumb Code     0  startup_stm32f40_41xxx.o(.text)
    TIM8_TRG_COM_TIM14_IRQHandler            0x08000273   Thumb Code     0  startup_stm32f40_41xxx.o(.text)
    TIM8_UP_TIM13_IRQHandler                 0x08000273   Thumb Code     0  startup_stm32f40_41xxx.o(.text)
    USART6_IRQHandler                        0x08000273   Thumb Code     0  startup_stm32f40_41xxx.o(.text)
    WWDG_IRQHandler                          0x08000273   Thumb Code     0  startup_stm32f40_41xxx.o(.text)
    __aeabi_memcpy                           0x0800027d   Thumb Code    36  memcpya.o(.text)
    __aeabi_memcpy4                          0x0800027d   Thumb Code     0  memcpya.o(.text)
    __aeabi_memcpy8                          0x0800027d   Thumb Code     0  memcpya.o(.text)
    __aeabi_memset                           0x080002a1   Thumb Code    14  memseta.o(.text)
    __aeabi_memset4                          0x080002a1   Thumb Code     0  memseta.o(.text)
    __aeabi_memset8                          0x080002a1   Thumb Code     0  memseta.o(.text)
    __aeabi_memclr                           0x080002af   Thumb Code     4  memseta.o(.text)
    __aeabi_memclr4                          0x080002af   Thumb Code     0  memseta.o(.text)
    __aeabi_memclr8                          0x080002af   Thumb Code     0  memseta.o(.text)
    _memset$wrapper                          0x080002b3   Thumb Code    18  memseta.o(.text)
    strstr                                   0x080002c5   Thumb Code    36  strstr.o(.text)
    strchr                                   0x080002e9   Thumb Code    20  strchr.o(.text)
    strlen                                   0x080002fd   Thumb Code    14  strlen.o(.text)
    strncmp                                  0x0800030b   Thumb Code    30  strncmp.o(.text)
    atoi                                     0x08000329   Thumb Code    26  atoi.o(.text)
    __aeabi_dadd                             0x08000343   Thumb Code   322  dadd.o(.text)
    __aeabi_dsub                             0x08000485   Thumb Code     6  dadd.o(.text)
    __aeabi_drsub                            0x0800048b   Thumb Code     6  dadd.o(.text)
    __aeabi_dmul                             0x08000491   Thumb Code   228  dmul.o(.text)
    __aeabi_ddiv                             0x08000575   Thumb Code   222  ddiv.o(.text)
    __aeabi_i2d                              0x08000653   Thumb Code    34  dflti.o(.text)
    __aeabi_ui2d                             0x08000675   Thumb Code    26  dfltui.o(.text)
    __aeabi_d2iz                             0x0800068f   Thumb Code    62  dfixi.o(.text)
    __aeabi_d2uiz                            0x080006cd   Thumb Code    50  dfixui.o(.text)
    __aeabi_f2d                              0x080006ff   Thumb Code    38  f2d.o(.text)
    __aeabi_d2f                              0x08000725   Thumb Code    56  d2f.o(.text)
    __aeabi_uidiv                            0x0800075d   Thumb Code     0  uidiv.o(.text)
    __aeabi_uidivmod                         0x0800075d   Thumb Code    44  uidiv.o(.text)
    __aeabi_uldivmod                         0x08000789   Thumb Code    98  uldiv.o(.text)
    __aeabi_llsl                             0x080007eb   Thumb Code    30  llshl.o(.text)
    _ll_shift_l                              0x080007eb   Thumb Code     0  llshl.o(.text)
    __aeabi_llsr                             0x08000809   Thumb Code    32  llushr.o(.text)
    _ll_ushift_r                             0x08000809   Thumb Code     0  llushr.o(.text)
    __aeabi_lasr                             0x08000829   Thumb Code    36  llsshr.o(.text)
    _ll_sshift_r                             0x08000829   Thumb Code     0  llsshr.o(.text)
    __strtod_int                             0x08000883   Thumb Code    90  strtod.o(.text)
    strtol                                   0x080008e9   Thumb Code   112  strtol.o(.text)
    __I$use$fp                               0x08000959   Thumb Code     0  iusefp.o(.text)
    _float_round                             0x08000959   Thumb Code    18  fepilogue.o(.text)
    _float_epilogue                          0x0800096b   Thumb Code    92  fepilogue.o(.text)
    _double_round                            0x080009c7   Thumb Code    30  depilogue.o(.text)
    _double_epilogue                         0x080009e5   Thumb Code   156  depilogue.o(.text)
    __aeabi_d2ulz                            0x08000a81   Thumb Code    48  dfixul.o(.text)
    __aeabi_cdrcmple                         0x08000ab1   Thumb Code    48  cdrcmple.o(.text)
    __scatterload                            0x08000ae1   Thumb Code    28  init.o(.text)
    __scatterload_rt2                        0x08000ae1   Thumb Code     0  init.o(.text)
    __rt_ctype_table                         0x08000b05   Thumb Code     4  ctype_o.o(.text)
    isspace                                  0x08000b0d   Thumb Code    18  isspace_o.o(.text)
    _scanf_real                              0x08000c49   Thumb Code     0  scanf_fp.o(.text)
    _scanf_really_real                       0x08000c49   Thumb Code   556  scanf_fp.o(.text)
    _sgetc                                   0x08000e81   Thumb Code    30  _sgetc.o(.text)
    _sbackspace                              0x08000e9f   Thumb Code    34  _sgetc.o(.text)
    _strtoul                                 0x08000ec1   Thumb Code   158  _strtoul.o(.text)
    _chval                                   0x08000f5f   Thumb Code    28  _chval.o(.text)
    __aeabi_ul2d                             0x08000f7b   Thumb Code    24  dfltul.o(.text)
    __decompress                             0x08000f93   Thumb Code     0  __dczerorl2.o(.text)
    __decompress1                            0x08000f93   Thumb Code    86  __dczerorl2.o(.text)
    ADC_Cmd                                  0x08000fe9   Thumb Code    22  stm32f4xx_adc.o(i.ADC_Cmd)
    ADC_CommonInit                           0x08001001   Thumb Code    34  stm32f4xx_adc.o(i.ADC_CommonInit)
    ADC_GetConversionValue                   0x08001031   Thumb Code     8  stm32f4xx_adc.o(i.ADC_GetConversionValue)
    ADC_GetFlagStatus                        0x08001039   Thumb Code    18  stm32f4xx_adc.o(i.ADC_GetFlagStatus)
    ADC_Init                                 0x0800104d   Thumb Code    74  stm32f4xx_adc.o(i.ADC_Init)
    ADC_RegularChannelConfig                 0x080010a1   Thumb Code   184  stm32f4xx_adc.o(i.ADC_RegularChannelConfig)
    ADC_SoftwareStartConv                    0x08001159   Thumb Code    10  stm32f4xx_adc.o(i.ADC_SoftwareStartConv)
    AX_BEEP_Init                             0x08001165   Thumb Code    56  ax_beep.o(i.AX_BEEP_Init)
    AX_CAN_Init                              0x080011a1   Thumb Code   230  ax_can.o(i.AX_CAN_Init)
    AX_CAN_SendPacket                        0x08001291   Thumb Code    56  ax_can.o(i.AX_CAN_SendPacket)
    AX_CTL_App                               0x080012d1   Thumb Code   186  ax_control.o(i.AX_CTL_App)
    AX_DELAY_Init                            0x08001399   Thumb Code    68  ax_delay.o(i.AX_DELAY_Init)
    AX_Delayms                               0x080013e9   Thumb Code    18  ax_delay.o(i.AX_Delayms)
    AX_Delayus                               0x080013fd   Thumb Code    68  ax_delay.o(i.AX_Delayus)
    AX_EEPROM_Init                           0x08001445   Thumb Code    78  ax_eeprom.o(i.AX_EEPROM_Init)
    AX_EEPROM_ReadOneByte                    0x080014a1   Thumb Code    82  ax_eeprom.o(i.AX_EEPROM_ReadOneByte)
    AX_EEPROM_WriteOneByte                   0x080014f3   Thumb Code    76  ax_eeprom.o(i.AX_EEPROM_WriteOneByte)
    AX_ENCODER_A_GetCounter                  0x0800153f   Thumb Code    10  ax_encoder.o(i.AX_ENCODER_A_GetCounter)
    AX_ENCODER_A_Init                        0x08001549   Thumb Code   200  ax_encoder.o(i.AX_ENCODER_A_Init)
    AX_ENCODER_A_SetCounter                  0x08001619   Thumb Code     8  ax_encoder.o(i.AX_ENCODER_A_SetCounter)
    AX_ENCODER_B_GetCounter                  0x08001621   Thumb Code     8  ax_encoder.o(i.AX_ENCODER_B_GetCounter)
    AX_ENCODER_B_Init                        0x0800162d   Thumb Code   170  ax_encoder.o(i.AX_ENCODER_B_Init)
    AX_ENCODER_B_SetCounter                  0x080016e1   Thumb Code     6  ax_encoder.o(i.AX_ENCODER_B_SetCounter)
    AX_ENCODER_C_GetCounter                  0x080016ed   Thumb Code     8  ax_encoder.o(i.AX_ENCODER_C_GetCounter)
    AX_ENCODER_C_Init                        0x080016f9   Thumb Code   170  ax_encoder.o(i.AX_ENCODER_C_Init)
    AX_ENCODER_C_SetCounter                  0x080017ad   Thumb Code     6  ax_encoder.o(i.AX_ENCODER_C_SetCounter)
    AX_ENCODER_D_GetCounter                  0x080017b9   Thumb Code     8  ax_encoder.o(i.AX_ENCODER_D_GetCounter)
    AX_ENCODER_D_Init                        0x080017c5   Thumb Code   172  ax_encoder.o(i.AX_ENCODER_D_Init)
    AX_ENCODER_D_SetCounter                  0x08001879   Thumb Code     6  ax_encoder.o(i.AX_ENCODER_D_SetCounter)
    AX_KEY_Init                              0x08001885   Thumb Code    50  ax_key.o(i.AX_KEY_Init)
    AX_KEY_Scan                              0x080018bd   Thumb Code    14  ax_key.o(i.AX_KEY_Scan)
    AX_LED_Init                              0x080018d1   Thumb Code    76  ax_led.o(i.AX_LED_Init)
    AX_MOTOR_AB_Init                         0x08001921   Thumb Code   240  ax_motor.o(i.AX_MOTOR_AB_Init)
    AX_MOTOR_A_SetSpeed                      0x08001a19   Thumb Code    76  ax_motor.o(i.AX_MOTOR_A_SetSpeed)
    AX_MOTOR_B_SetSpeed                      0x08001a6d   Thumb Code    76  ax_motor.o(i.AX_MOTOR_B_SetSpeed)
    AX_MOTOR_CD_Init                         0x08001ac1   Thumb Code   348  ax_motor.o(i.AX_MOTOR_CD_Init)
    AX_MOTOR_C_SetSpeed                      0x08001c2d   Thumb Code    76  ax_motor.o(i.AX_MOTOR_C_SetSpeed)
    AX_MOTOR_D_SetSpeed                      0x08001c81   Thumb Code    76  ax_motor.o(i.AX_MOTOR_D_SetSpeed)
    AX_MPU6050_GetAccData                    0x08001cd5   Thumb Code    64  ax_mpu6050.o(i.AX_MPU6050_GetAccData)
    AX_MPU6050_GetGyroData                   0x08001d15   Thumb Code    64  ax_mpu6050.o(i.AX_MPU6050_GetGyroData)
    AX_MPU6050_Init                          0x08001d55   Thumb Code   148  ax_mpu6050.o(i.AX_MPU6050_Init)
    AX_MPU6050_SetAccRange                   0x08001df9   Thumb Code    16  ax_mpu6050.o(i.AX_MPU6050_SetAccRange)
    AX_MPU6050_SetDLPF                       0x08001e09   Thumb Code    14  ax_mpu6050.o(i.AX_MPU6050_SetDLPF)
    AX_MPU6050_SetGyroRange                  0x08001e17   Thumb Code    16  ax_mpu6050.o(i.AX_MPU6050_SetGyroRange)
    AX_MPU6050_SetGyroSmplRate               0x08001e27   Thumb Code    42  ax_mpu6050.o(i.AX_MPU6050_SetGyroSmplRate)
    AX_OLED_ClearScreen                      0x08001e51   Thumb Code    56  ax_oled.o(i.AX_OLED_ClearScreen)
    AX_OLED_DispChar                         0x08001e89   Thumb Code   122  ax_oled.o(i.AX_OLED_DispChar)
    AX_OLED_DispNum                          0x08001f09   Thumb Code    36  ax_oled.o(i.AX_OLED_DispNum)
    AX_OLED_DispPicture                      0x08001f2d   Thumb Code   148  ax_oled.o(i.AX_OLED_DispPicture)
    AX_OLED_DispStr                          0x08001fc1   Thumb Code    64  ax_oled.o(i.AX_OLED_DispStr)
    AX_OLED_DispValue                        0x08002001   Thumb Code   484  ax_oled.o(i.AX_OLED_DispValue)
    AX_OLED_Init                             0x080021f9   Thumb Code   400  ax_oled.o(i.AX_OLED_Init)
    AX_ROBOT_Kinematics                      0x08002391   Thumb Code  1578  ax_kinematics.o(i.AX_ROBOT_Kinematics)
    AX_ROBOT_Stop                            0x080029d1   Thumb Code    28  ax_kinematics.o(i.AX_ROBOT_Stop)
    AX_SERVO_Grab                            0x080029ed   Thumb Code    92  ax_servo.o(i.AX_SERVO_Grab)
    AX_SERVO_INIT                            0x08002a55   Thumb Code    22  ax_servo.o(i.AX_SERVO_INIT)
    AX_SERVO_Release                         0x08002a71   Thumb Code    88  ax_servo.o(i.AX_SERVO_Release)
    AX_SERVO_S1_Init                         0x08002ad1   Thumb Code   160  ax_servo.o(i.AX_SERVO_S1_Init)
    AX_SERVO_S1_Release                      0x08002b79   Thumb Code    12  ax_servo.o(i.AX_SERVO_S1_Release)
    AX_SERVO_S1_SetAngle                     0x08002b89   Thumb Code    58  ax_servo.o(i.AX_SERVO_S1_SetAngle)
    AX_SERVO_S2_Init                         0x08002bd5   Thumb Code   160  ax_servo.o(i.AX_SERVO_S2_Init)
    AX_SERVO_S2_Release                      0x08002c7d   Thumb Code    12  ax_servo.o(i.AX_SERVO_S2_Release)
    AX_SERVO_S2_SetAngle                     0x08002c8d   Thumb Code    58  ax_servo.o(i.AX_SERVO_S2_SetAngle)
    AX_SERVO_S3456_Init                      0x08002cd9   Thumb Code   242  ax_servo.o(i.AX_SERVO_S3456_Init)
    AX_SERVO_S3_Release                      0x08002dd5   Thumb Code    12  ax_servo.o(i.AX_SERVO_S3_Release)
    AX_SERVO_S3_SetAngle                     0x08002de5   Thumb Code    58  ax_servo.o(i.AX_SERVO_S3_SetAngle)
    AX_SERVO_S4_Release                      0x08002e31   Thumb Code    12  ax_servo.o(i.AX_SERVO_S4_Release)
    AX_SERVO_S4_SetAngle                     0x08002e41   Thumb Code    58  ax_servo.o(i.AX_SERVO_S4_SetAngle)
    AX_SERVO_S5_Release                      0x08002e8d   Thumb Code    12  ax_servo.o(i.AX_SERVO_S5_Release)
    AX_SERVO_S5_SetAngle                     0x08002e9d   Thumb Code    58  ax_servo.o(i.AX_SERVO_S5_SetAngle)
    AX_SERVO_S6_Release                      0x08002ee9   Thumb Code    12  ax_servo.o(i.AX_SERVO_S6_Release)
    AX_SERVO_S6_SetAngle                     0x08002ef9   Thumb Code    58  ax_servo.o(i.AX_SERVO_S6_SetAngle)
    AX_SPEED_PidCtlA                         0x08002f45   Thumb Code   158  ax_speed.o(i.AX_SPEED_PidCtlA)
    AX_SPEED_PidCtlB                         0x08002ffd   Thumb Code   158  ax_speed.o(i.AX_SPEED_PidCtlB)
    AX_SPEED_PidCtlC                         0x080030b5   Thumb Code   158  ax_speed.o(i.AX_SPEED_PidCtlC)
    AX_SPEED_PidCtlD                         0x0800316d   Thumb Code   158  ax_speed.o(i.AX_SPEED_PidCtlD)
    AX_SW_Init                               0x08003225   Thumb Code    70  ax_switch.o(i.AX_SW_Init)
    AX_UART1_Init                            0x08003271   Thumb Code   132  ax_uart1.o(i.AX_UART1_Init)
    AX_UART3_Init                            0x0800330d   Thumb Code   162  ax_uart3.o(i.AX_UART3_Init)
    AX_UART3_SendPacket                      0x080033b9   Thumb Code   134  ax_uart3.o(i.AX_UART3_SendPacket)
    AX_UART4_GetData                         0x08003449   Thumb Code    52  ax_uart4.o(i.AX_UART4_GetData)
    AX_UART4_Init                            0x08003485   Thumb Code   162  ax_uart4.o(i.AX_UART4_Init)
    AX_VIN_GetVol_X100                       0x08003531   Thumb Code    90  ax_vin.o(i.AX_VIN_GetVol_X100)
    AX_VIN_Init                              0x080035a1   Thumb Code   136  ax_vin.o(i.AX_VIN_Init)
    BusFault_Handler                         0x08003631   Thumb Code     4  stm32f4xx_it.o(i.BusFault_Handler)
    CAN1_RX0_IRQHandler                      0x08003635   Thumb Code    82  ax_can.o(i.CAN1_RX0_IRQHandler)
    CAN_FilterInit                           0x08003699   Thumb Code   258  stm32f4xx_can.o(i.CAN_FilterInit)
    CAN_ITConfig                             0x080037a1   Thumb Code    18  stm32f4xx_can.o(i.CAN_ITConfig)
    CAN_Init                                 0x080037b3   Thumb Code   276  stm32f4xx_can.o(i.CAN_Init)
    CAN_Receive                              0x080038c7   Thumb Code   240  stm32f4xx_can.o(i.CAN_Receive)
    CAN_Transmit                             0x080039b7   Thumb Code   294  stm32f4xx_can.o(i.CAN_Transmit)
    DebugMon_Handler                         0x08003add   Thumb Code     2  stm32f4xx_it.o(i.DebugMon_Handler)
    Disp_Task                                0x08003b1d   Thumb Code   422  ax_robot.o(i.Disp_Task)
    ESP8266_Task                             0x08003d01   Thumb Code   144  ax_robot.o(i.ESP8266_Task)
    EmergencyStop                            0x08003e35   Thumb Code    68  ax_uart2.o(i.EmergencyStop)
    GPIO_Init                                0x08003e85   Thumb Code   144  stm32f4xx_gpio.o(i.GPIO_Init)
    GPIO_PinAFConfig                         0x08003f15   Thumb Code    70  stm32f4xx_gpio.o(i.GPIO_PinAFConfig)
    GPIO_ReadInputDataBit                    0x08003f5b   Thumb Code    18  stm32f4xx_gpio.o(i.GPIO_ReadInputDataBit)
    GPIO_ResetBits                           0x08003f6d   Thumb Code     4  stm32f4xx_gpio.o(i.GPIO_ResetBits)
    GPIO_SetBits                             0x08003f71   Thumb Code     4  stm32f4xx_gpio.o(i.GPIO_SetBits)
    GPIO_WriteBit                            0x08003f75   Thumb Code    10  stm32f4xx_gpio.o(i.GPIO_WriteBit)
    GPS_Analysis                             0x08003f7f   Thumb Code    56  gps.o(i.GPS_Analysis)
    GPS_Task                                 0x08003fb9   Thumb Code   212  ax_robot.o(i.GPS_Task)
    HardFault_Handler                        0x080040e5   Thumb Code     4  stm32f4xx_it.o(i.HardFault_Handler)
    Key_Task                                 0x08004611   Thumb Code   300  ax_robot.o(i.Key_Task)
    MemManage_Handler                        0x080047c1   Thumb Code     4  stm32f4xx_it.o(i.MemManage_Handler)
    NMEA_BDGSV_Analysis                      0x08004875   Thumb Code   298  gps.o(i.NMEA_BDGSV_Analysis)
    NMEA_Comma_Pos                           0x080049a9   Thumb Code    50  gps.o(i.NMEA_Comma_Pos)
    NMEA_GNGGA_Analysis                      0x080049dd   Thumb Code    96  gps.o(i.NMEA_GNGGA_Analysis)
    NMEA_GNGSA_Analysis                      0x08004a45   Thumb Code   176  gps.o(i.NMEA_GNGSA_Analysis)
    NMEA_GNRMC_Analysis                      0x08004afd   Thumb Code   536  gps.o(i.NMEA_GNRMC_Analysis)
    NMEA_GNVTG_Analysis                      0x08004d21   Thumb Code    78  gps.o(i.NMEA_GNVTG_Analysis)
    NMEA_GPGSV_Analysis                      0x08004d79   Thumb Code   290  gps.o(i.NMEA_GPGSV_Analysis)
    NMEA_Pow                                 0x08004ea5   Thumb Code    22  gps.o(i.NMEA_Pow)
    NMEA_Str2num                             0x08004ebb   Thumb Code   234  gps.o(i.NMEA_Str2num)
    NMI_Handler                              0x08004fa5   Thumb Code     2  stm32f4xx_it.o(i.NMI_Handler)
    NVIC_Init                                0x08004fa9   Thumb Code   106  misc.o(i.NVIC_Init)
    NVIC_PriorityGroupConfig                 0x08005021   Thumb Code    10  misc.o(i.NVIC_PriorityGroupConfig)
    OPENMV_Task                              0x08005089   Thumb Code   118  ax_robot.o(i.OPENMV_Task)
    OpenMV_Receive_Data                      0x08005185   Thumb Code   336  ax_openmv.o(i.OpenMV_Receive_Data)
    ProcessUARTCommand                       0x080052f9   Thumb Code   210  ax_uart2.o(i.ProcessUARTCommand)
    RCC_AHB1PeriphClockCmd                   0x08005439   Thumb Code    26  stm32f4xx_rcc.o(i.RCC_AHB1PeriphClockCmd)
    RCC_APB1PeriphClockCmd                   0x08005459   Thumb Code    26  stm32f4xx_rcc.o(i.RCC_APB1PeriphClockCmd)
    RCC_APB1PeriphResetCmd                   0x08005479   Thumb Code    26  stm32f4xx_rcc.o(i.RCC_APB1PeriphResetCmd)
    RCC_APB2PeriphClockCmd                   0x08005499   Thumb Code    26  stm32f4xx_rcc.o(i.RCC_APB2PeriphClockCmd)
    RCC_APB2PeriphResetCmd                   0x080054b9   Thumb Code    26  stm32f4xx_rcc.o(i.RCC_APB2PeriphResetCmd)
    RCC_GetClocksFreq                        0x080054d9   Thumb Code   214  stm32f4xx_rcc.o(i.RCC_GetClocksFreq)
    ROBOT_IMUHandle                          0x080055c1   Thumb Code   112  ax_robot.o(i.ROBOT_IMUHandle)
    ROBOT_SendDataToRos                      0x08005641   Thumb Code   196  ax_robot.o(i.ROBOT_SendDataToRos)
    Robot_Task                               0x08005715   Thumb Code    64  ax_robot.o(i.Robot_Task)
    SERVO_Task                               0x08005761   Thumb Code    32  ax_robot.o(i.SERVO_Task)
    SPI_Cmd                                  0x080057bd   Thumb Code    24  stm32f4xx_spi.o(i.SPI_Cmd)
    SPI_I2S_GetFlagStatus                    0x080057d5   Thumb Code    18  stm32f4xx_spi.o(i.SPI_I2S_GetFlagStatus)
    SPI_I2S_ReceiveData                      0x080057e7   Thumb Code     6  stm32f4xx_spi.o(i.SPI_I2S_ReceiveData)
    SPI_I2S_SendData                         0x080057ed   Thumb Code     4  stm32f4xx_spi.o(i.SPI_I2S_SendData)
    SPI_Init                                 0x080057f1   Thumb Code    60  stm32f4xx_spi.o(i.SPI_Init)
    Start_Task                               0x08005951   Thumb Code   596  main.o(i.Start_Task)
    SysTick_CLKSourceConfig                  0x08005cf5   Thumb Code    40  misc.o(i.SysTick_CLKSourceConfig)
    SysTick_Handler                          0x08005d1d   Thumb Code    16  stm32f4xx_it.o(i.SysTick_Handler)
    SystemInit                               0x08005d2d   Thumb Code    88  system_stm32f4xx.o(i.SystemInit)
    TIM7_IRQHandler                          0x08005eb9   Thumb Code    42  timer.o(i.TIM7_IRQHandler)
    TIM7_Int_Init                            0x08005eed   Thumb Code    78  timer.o(i.TIM7_Int_Init)
    TIM_ARRPreloadConfig                     0x08005f41   Thumb Code    24  stm32f4xx_tim.o(i.TIM_ARRPreloadConfig)
    TIM_ClearITPendingBit                    0x08005f59   Thumb Code     6  stm32f4xx_tim.o(i.TIM_ClearITPendingBit)
    TIM_Cmd                                  0x08005f5f   Thumb Code    24  stm32f4xx_tim.o(i.TIM_Cmd)
    TIM_CtrlPWMOutputs                       0x08005f77   Thumb Code    30  stm32f4xx_tim.o(i.TIM_CtrlPWMOutputs)
    TIM_DeInit                               0x08005f95   Thumb Code   346  stm32f4xx_tim.o(i.TIM_DeInit)
    TIM_EncoderInterfaceConfig               0x08006125   Thumb Code    66  stm32f4xx_tim.o(i.TIM_EncoderInterfaceConfig)
    TIM_GetITStatus                          0x08006167   Thumb Code    34  stm32f4xx_tim.o(i.TIM_GetITStatus)
    TIM_ICInit                               0x08006189   Thumb Code   110  stm32f4xx_tim.o(i.TIM_ICInit)
    TIM_ICStructInit                         0x080061f7   Thumb Code    18  stm32f4xx_tim.o(i.TIM_ICStructInit)
    TIM_ITConfig                             0x08006209   Thumb Code    18  stm32f4xx_tim.o(i.TIM_ITConfig)
    TIM_OC1Init                              0x0800621d   Thumb Code   114  stm32f4xx_tim.o(i.TIM_OC1Init)
    TIM_OC1PreloadConfig                     0x08006299   Thumb Code    18  stm32f4xx_tim.o(i.TIM_OC1PreloadConfig)
    TIM_OC2Init                              0x080062ad   Thumb Code   154  stm32f4xx_tim.o(i.TIM_OC2Init)
    TIM_OC2PreloadConfig                     0x08006351   Thumb Code    26  stm32f4xx_tim.o(i.TIM_OC2PreloadConfig)
    TIM_OC3Init                              0x0800636d   Thumb Code   150  stm32f4xx_tim.o(i.TIM_OC3Init)
    TIM_OC3PreloadConfig                     0x0800640d   Thumb Code    18  stm32f4xx_tim.o(i.TIM_OC3PreloadConfig)
    TIM_OC4Init                              0x08006421   Thumb Code   112  stm32f4xx_tim.o(i.TIM_OC4Init)
    TIM_OC4PreloadConfig                     0x08006499   Thumb Code    26  stm32f4xx_tim.o(i.TIM_OC4PreloadConfig)
    TIM_SetCompare1                          0x080064b3   Thumb Code     4  stm32f4xx_tim.o(i.TIM_SetCompare1)
    TIM_SetCompare2                          0x080064b7   Thumb Code     4  stm32f4xx_tim.o(i.TIM_SetCompare2)
    TIM_SetCompare3                          0x080064bb   Thumb Code     4  stm32f4xx_tim.o(i.TIM_SetCompare3)
    TIM_SetCompare4                          0x080064bf   Thumb Code     4  stm32f4xx_tim.o(i.TIM_SetCompare4)
    TIM_SetCounter                           0x080064c3   Thumb Code     4  stm32f4xx_tim.o(i.TIM_SetCounter)
    TIM_SetIC1Prescaler                      0x080064c7   Thumb Code    18  stm32f4xx_tim.o(i.TIM_SetIC1Prescaler)
    TIM_SetIC2Prescaler                      0x080064d9   Thumb Code    26  stm32f4xx_tim.o(i.TIM_SetIC2Prescaler)
    TIM_SetIC3Prescaler                      0x080064f3   Thumb Code    18  stm32f4xx_tim.o(i.TIM_SetIC3Prescaler)
    TIM_SetIC4Prescaler                      0x08006505   Thumb Code    26  stm32f4xx_tim.o(i.TIM_SetIC4Prescaler)
    TIM_TimeBaseInit                         0x08006521   Thumb Code   104  stm32f4xx_tim.o(i.TIM_TimeBaseInit)
    TIM_TimeBaseStructInit                   0x080065a5   Thumb Code    18  stm32f4xx_tim.o(i.TIM_TimeBaseStructInit)
    Trivia_Task                              0x080065b9   Thumb Code   624  ax_robot.o(i.Trivia_Task)
    UART2_Init                               0x08006885   Thumb Code   168  ax_uart2.o(i.UART2_Init)
    UART2_SendString                         0x08006935   Thumb Code    38  ax_uart2.o(i.UART2_SendString)
    UART4_IRQHandler                         0x08006961   Thumb Code   210  ax_uart4.o(i.UART4_IRQHandler)
    UART5_IRQHandler                         0x08006a51   Thumb Code    96  ax_uart5.o(i.UART5_IRQHandler)
    USART1_IRQHandler                        0x08006ac1   Thumb Code    86  ax_uart1.o(i.USART1_IRQHandler)
    USART2_IRQHandler                        0x08006b35   Thumb Code    30  ax_uart2.o(i.USART2_IRQHandler)
    USART3_IRQHandler                        0x08006b59   Thumb Code    30  ax_uart3.o(i.USART3_IRQHandler)
    USART3_SendChar                          0x08006b81   Thumb Code    28  ax_uart3.o(i.USART3_SendChar)
    USART3_SendString                        0x08006ba1   Thumb Code    22  ax_uart3.o(i.USART3_SendString)
    USART_Cmd                                0x08006bb7   Thumb Code    24  stm32f4xx_usart.o(i.USART_Cmd)
    USART_DeInit                             0x08006bd1   Thumb Code   206  stm32f4xx_usart.o(i.USART_DeInit)
    USART_GetFlagStatus                      0x08006cc1   Thumb Code    26  stm32f4xx_usart.o(i.USART_GetFlagStatus)
    USART_GetITStatus                        0x08006cdb   Thumb Code    84  stm32f4xx_usart.o(i.USART_GetITStatus)
    USART_ITConfig                           0x08006d2f   Thumb Code    74  stm32f4xx_usart.o(i.USART_ITConfig)
    USART_Init                               0x08006d79   Thumb Code   204  stm32f4xx_usart.o(i.USART_Init)
    USART_ReceiveData                        0x08006e4d   Thumb Code    10  stm32f4xx_usart.o(i.USART_ReceiveData)
    USART_SendData                           0x08006e57   Thumb Code     8  stm32f4xx_usart.o(i.USART_SendData)
    UsageFault_Handler                       0x08006e5f   Thumb Code     4  stm32f4xx_it.o(i.UsageFault_Handler)
    __0printf                                0x08006e65   Thumb Code    22  printfa.o(i.__0printf)
    __1printf                                0x08006e65   Thumb Code     0  printfa.o(i.__0printf)
    __2printf                                0x08006e65   Thumb Code     0  printfa.o(i.__0printf)
    __c89printf                              0x08006e65   Thumb Code     0  printfa.o(i.__0printf)
    printf                                   0x08006e65   Thumb Code     0  printfa.o(i.__0printf)
    __0snprintf                              0x08006e85   Thumb Code    48  printfa.o(i.__0snprintf)
    __1snprintf                              0x08006e85   Thumb Code     0  printfa.o(i.__0snprintf)
    __2snprintf                              0x08006e85   Thumb Code     0  printfa.o(i.__0snprintf)
    __c89snprintf                            0x08006e85   Thumb Code     0  printfa.o(i.__0snprintf)
    snprintf                                 0x08006e85   Thumb Code     0  printfa.o(i.__0snprintf)
    __0sprintf                               0x08006eb9   Thumb Code    34  printfa.o(i.__0sprintf)
    __1sprintf                               0x08006eb9   Thumb Code     0  printfa.o(i.__0sprintf)
    __2sprintf                               0x08006eb9   Thumb Code     0  printfa.o(i.__0sprintf)
    __c89sprintf                             0x08006eb9   Thumb Code     0  printfa.o(i.__0sprintf)
    sprintf                                  0x08006eb9   Thumb Code     0  printfa.o(i.__0sprintf)
    __aeabi_errno_addr                       0x08006ee1   Thumb Code     4  errno.o(i.__aeabi_errno_addr)
    __rt_errno_addr                          0x08006ee1   Thumb Code     0  errno.o(i.__aeabi_errno_addr)
    __hardfp_atof                            0x08006ee9   Thumb Code    44  atof.o(i.__hardfp_atof)
    __read_errno                             0x08006f21   Thumb Code     6  errno.o(i.__read_errno)
    __scatterload_copy                       0x08006f2d   Thumb Code    14  handlers.o(i.__scatterload_copy)
    __scatterload_null                       0x08006f3b   Thumb Code     2  handlers.o(i.__scatterload_null)
    __scatterload_zeroinit                   0x08006f3d   Thumb Code    14  handlers.o(i.__scatterload_zeroinit)
    __set_errno                              0x08006f4d   Thumb Code     6  errno.o(i.__set_errno)
    _is_digit                                0x080070dd   Thumb Code    14  scanf_fp.o(i._is_digit)
    fputc                                    0x08007815   Thumb Code    32  ax_uart1.o(i.fputc)
    main                                     0x08007839   Thumb Code   252  main.o(i.main)
    processReset                             0x080079d9   Thumb Code   108  ax_robot.o(i.processReset)
    pvPortMalloc                             0x080084b5   Thumb Code   296  heap_4.o(i.pvPortMalloc)
    pvTaskIncrementMutexHeldCount            0x080085f1   Thumb Code    26  tasks.o(i.pvTaskIncrementMutexHeldCount)
    pxPortInitialiseStack                    0x08008611   Thumb Code    38  port.o(i.pxPortInitialiseStack)
    sendToESP8266                            0x0800863d   Thumb Code    76  ax_robot.o(i.sendToESP8266)
    sendToESP8266_string                     0x080086b5   Thumb Code    64  ax_robot.o(i.sendToESP8266_string)
    uart5_init                               0x080086f9   Thumb Code   210  ax_uart5.o(i.uart5_init)
    uxListRemove                             0x080087e1   Thumb Code    40  list.o(i.uxListRemove)
    vListInitialise                          0x08008809   Thumb Code    26  list.o(i.vListInitialise)
    vListInitialiseItem                      0x08008823   Thumb Code     6  list.o(i.vListInitialiseItem)
    vListInsert                              0x08008829   Thumb Code    52  list.o(i.vListInsert)
    vListInsertEnd                           0x0800885d   Thumb Code    24  list.o(i.vListInsertEnd)
    vPortEnterCritical                       0x08008875   Thumb Code    76  port.o(i.vPortEnterCritical)
    vPortExitCritical                        0x080088c9   Thumb Code    56  port.o(i.vPortExitCritical)
    vPortFree                                0x08008905   Thumb Code   140  heap_4.o(i.vPortFree)
    vPortSetupTimerInterrupt                 0x08008999   Thumb Code    26  port.o(i.vPortSetupTimerInterrupt)
    vPortValidateInterruptPriority           0x080089b9   Thumb Code   106  port.o(i.vPortValidateInterruptPriority)
    vQueueAddToRegistry                      0x08008a31   Thumb Code    38  queue.o(i.vQueueAddToRegistry)
    vQueueWaitForMessageRestricted           0x08008a5d   Thumb Code    74  queue.o(i.vQueueWaitForMessageRestricted)
    vTaskDelay                               0x08008aa9   Thumb Code    82  tasks.o(i.vTaskDelay)
    vTaskDelayUntil                          0x08008b05   Thumb Code   200  tasks.o(i.vTaskDelayUntil)
    vTaskDelete                              0x08008bd9   Thumb Code   202  tasks.o(i.vTaskDelete)
    vTaskMissedYield                         0x08008ccd   Thumb Code     8  tasks.o(i.vTaskMissedYield)
    vTaskPlaceOnEventList                    0x08008cd9   Thumb Code    52  tasks.o(i.vTaskPlaceOnEventList)
    vTaskPlaceOnEventListRestricted          0x08008d11   Thumb Code    60  tasks.o(i.vTaskPlaceOnEventListRestricted)
    vTaskPriorityInherit                     0x08008d51   Thumb Code   164  tasks.o(i.vTaskPriorityInherit)
    vTaskResume                              0x08008e01   Thumb Code   128  tasks.o(i.vTaskResume)
    vTaskSetTimeOutState                     0x08008e91   Thumb Code    38  tasks.o(i.vTaskSetTimeOutState)
    vTaskStartScheduler                      0x08008ec1   Thumb Code   118  tasks.o(i.vTaskStartScheduler)
    vTaskSuspend                             0x08008f55   Thumb Code   196  tasks.o(i.vTaskSuspend)
    vTaskSuspendAll                          0x08009039   Thumb Code    12  tasks.o(i.vTaskSuspendAll)
    vTaskSwitchContext                       0x08009049   Thumb Code   118  tasks.o(i.vTaskSwitchContext)
    xPortStartScheduler                      0x080090d5   Thumb Code   288  port.o(i.xPortStartScheduler)
    xPortSysTickHandler                      0x08009211   Thumb Code    46  port.o(i.xPortSysTickHandler)
    xQueueGenericCreate                      0x08009245   Thumb Code    88  queue.o(i.xQueueGenericCreate)
    xQueueGenericReceive                     0x0800929d   Thumb Code   446  queue.o(i.xQueueGenericReceive)
    xQueueGenericReset                       0x08009461   Thumb Code   146  queue.o(i.xQueueGenericReset)
    xQueueGenericSend                        0x080094f9   Thumb Code   420  queue.o(i.xQueueGenericSend)
    xQueueGenericSendFromISR                 0x080096a1   Thumb Code   248  queue.o(i.xQueueGenericSendFromISR)
    xTaskCheckForTimeOut                     0x08009799   Thumb Code   132  tasks.o(i.xTaskCheckForTimeOut)
    xTaskCreate                              0x08009825   Thumb Code    96  tasks.o(i.xTaskCreate)
    xTaskGetSchedulerState                   0x08009885   Thumb Code    24  tasks.o(i.xTaskGetSchedulerState)
    xTaskGetTickCount                        0x080098a5   Thumb Code     6  tasks.o(i.xTaskGetTickCount)
    xTaskIncrementTick                       0x080098b1   Thumb Code   282  tasks.o(i.xTaskIncrementTick)
    xTaskPriorityDisinherit                  0x080099f9   Thumb Code   188  tasks.o(i.xTaskPriorityDisinherit)
    xTaskRemoveFromEventList                 0x08009ac1   Thumb Code   128  tasks.o(i.xTaskRemoveFromEventList)
    xTaskResumeAll                           0x08009b59   Thumb Code   224  tasks.o(i.xTaskResumeAll)
    xTimerCreateTimerTask                    0x08009c5d   Thumb Code    66  timers.o(i.xTimerCreateTimerTask)
    xTimerGenericCommand                     0x08009cb5   Thumb Code   126  timers.o(i.xTimerGenericCommand)
    PIC64X128_XTARK                          0x08009d38   Data        1024  main.o(.constdata)
    ASCII8X16                                0x0800a138   Data        1520  ax_oled.o(.constdata)
    ASCII6X8                                 0x0800a728   Data         552  ax_oled.o(.constdata)
    __ctype_table                            0x0800a950   Data         129  ctype_o.o(.constdata)
    Region$$Table$$Base                      0x0800a9d8   Number         0  anon$$obj.o(Region$$Table)
    Region$$Table$$Limit                     0x0800a9f8   Number         0  anon$$obj.o(Region$$Table)
    StartTask_Handler                        0x20000000   Data           4  main.o(.data)
    ESP8266_Task_Handle                      0x20000004   Data           4  main.o(.data)
    GPS_Task_Handle                          0x20000008   Data           4  main.o(.data)
    OPENMV_Task_Handle                       0x2000000c   Data           4  main.o(.data)
    Robot_Task_Handle                        0x20000010   Data           4  main.o(.data)
    Key_Task_Handle                          0x20000014   Data           4  main.o(.data)
    Disp_Task_Handle                         0x20000018   Data           4  main.o(.data)
    Trivia_Task_Handle                       0x2000001c   Data           4  main.o(.data)
    SERVO_Task_Handle                        0x20000020   Data           4  main.o(.data)
    SystemCoreClock                          0x20000024   Data           4  system_stm32f4xx.o(.data)
    AHBPrescTable                            0x20000028   Data          16  system_stm32f4xx.o(.data)
    servo_flag                               0x20000038   Data           1  ax_robot.o(.data)
    R_Bat_Vol                                0x2000003a   Data           2  ax_robot.o(.data)
    ax_imu_acc_data                          0x2000003c   Data           6  ax_robot.o(.data)
    ax_imu_gyro_data                         0x20000042   Data           6  ax_robot.o(.data)
    ax_imu_gyro_offset                       0x20000048   Data           6  ax_robot.o(.data)
    ax_motor_kp                              0x2000004e   Data           2  ax_robot.o(.data)
    ax_motor_kd                              0x20000050   Data           2  ax_robot.o(.data)
    ax_robot_move_enable                     0x20000052   Data           1  ax_robot.o(.data)
    ax_imu_calibrate_flag                    0x20000053   Data           1  ax_robot.o(.data)
    ax_light_enable                          0x20000054   Data           1  ax_robot.o(.data)
    ax_light_save_flag                       0x20000055   Data           1  ax_robot.o(.data)
    ax_beep_ring                             0x20000056   Data           1  ax_robot.o(.data)
    ax_control_mode                          0x20000057   Data           1  ax_robot.o(.data)
    ax_akm_angle                             0x20000058   Data           2  ax_robot.o(.data)
    ax_akm_offset                            0x2000005a   Data           2  ax_robot.o(.data)
    arm_state                                0x200000a0   Data          28  ax_uart2.o(.data)
    uart_rx_idx                              0x200000bc   Data           1  ax_uart2.o(.data)
    UART5_RX_STA                             0x200000c0   Data           2  ax_uart5.o(.data)
    Distance                                 0x200000c4   Data           1  ax_openmv.o(.data)
    X_Coordinate                             0x200000c5   Data           1  ax_openmv.o(.data)
    Y_Coordinate                             0x200000c6   Data           1  ax_openmv.o(.data)
    distance                                 0x200000c8   Data           4  ax_openmv.o(.data)
    x_coordinate                             0x200000cc   Data           4  ax_openmv.o(.data)
    y_coordinate                             0x200000d0   Data           4  ax_openmv.o(.data)
    Find_Trash                               0x200000d4   Data           4  ax_openmv.o(.data)
    pxCurrentTCB                             0x200000ec   Data           4  tasks.o(.data)
    __stdout                                 0x20000160   Data           4  stdout.o(.data)
    R_Vel                                    0x20000168   Data          36  ax_robot.o(.bss)
    R_Wheel_A                                0x20000190   Data          16  ax_robot.o(.bss)
    R_Wheel_B                                0x200001a0   Data          16  ax_robot.o(.bss)
    R_Wheel_C                                0x200001b0   Data          16  ax_robot.o(.bss)
    R_Wheel_D                                0x200001c0   Data          16  ax_robot.o(.bss)
    R_Imu                                    0x200001d0   Data          12  ax_robot.o(.bss)
    USART1_TX_BUF                            0x200001dc   Data         400  ax_robot.o(.bss)
    gpsx                                     0x2000036c   Data         166  ax_robot.o(.bss)
    UART5_TX_BUF                             0x20000570   Data         400  ax_uart5.o(.bss)
    UART5_RX_BUF                             0x20000700   Data         400  ax_uart5.o(.bss)
    xQueueRegistry                           0x200008a4   Data          64  queue.o(.bss)
    __initial_sp                             0x200139d8   Data           0  startup_stm32f40_41xxx.o(STACK)



==============================================================================

Memory Map of the image

  Image Entry point : 0x08000189

  Load Region LR_IROM1 (Base: 0x08000000, Size: 0x0000ab60, Max: 0x00080000, ABSOLUTE, COMPRESSED[0x0000aa34])

    Execution Region ER_IROM1 (Exec base: 0x08000000, Load base: 0x08000000, Size: 0x0000a9f8, Max: 0x00080000, ABSOLUTE)

    Exec Addr    Load Addr    Size         Type   Attr      Idx    E Section Name        Object

    0x08000000   0x08000000   0x00000188   Data   RO         7012    RESET               startup_stm32f40_41xxx.o
    0x08000188   0x08000188   0x00000000   Code   RO         7977  * .ARM.Collect$$$$00000000  mc_w.l(entry.o)
    0x08000188   0x08000188   0x00000004   Code   RO         8301    .ARM.Collect$$$$00000001  mc_w.l(entry2.o)
    0x0800018c   0x0800018c   0x00000004   Code   RO         8304    .ARM.Collect$$$$00000004  mc_w.l(entry5.o)
    0x08000190   0x08000190   0x00000000   Code   RO         8306    .ARM.Collect$$$$00000008  mc_w.l(entry7b.o)
    0x08000190   0x08000190   0x00000000   Code   RO         8308    .ARM.Collect$$$$0000000A  mc_w.l(entry8b.o)
    0x08000190   0x08000190   0x00000008   Code   RO         8309    .ARM.Collect$$$$0000000B  mc_w.l(entry9a.o)
    0x08000198   0x08000198   0x00000004   Code   RO         8316    .ARM.Collect$$$$0000000E  mc_w.l(entry12b.o)
    0x0800019c   0x0800019c   0x00000000   Code   RO         8311    .ARM.Collect$$$$0000000F  mc_w.l(entry10a.o)
    0x0800019c   0x0800019c   0x00000000   Code   RO         8313    .ARM.Collect$$$$00000011  mc_w.l(entry11a.o)
    0x0800019c   0x0800019c   0x00000004   Code   RO         8302    .ARM.Collect$$$$00002712  mc_w.l(entry2.o)
    0x080001a0   0x080001a0   0x000000b6   Code   RO         7876    .emb_text           port.o
    0x08000256   0x08000256   0x00000002   PAD
    0x08000258   0x08000258   0x00000024   Code   RO         7013    .text               startup_stm32f40_41xxx.o
    0x0800027c   0x0800027c   0x00000024   Code   RO         7980    .text               mc_w.l(memcpya.o)
    0x080002a0   0x080002a0   0x00000024   Code   RO         7982    .text               mc_w.l(memseta.o)
    0x080002c4   0x080002c4   0x00000024   Code   RO         7984    .text               mc_w.l(strstr.o)
    0x080002e8   0x080002e8   0x00000014   Code   RO         7986    .text               mc_w.l(strchr.o)
    0x080002fc   0x080002fc   0x0000000e   Code   RO         7988    .text               mc_w.l(strlen.o)
    0x0800030a   0x0800030a   0x0000001e   Code   RO         7990    .text               mc_w.l(strncmp.o)
    0x08000328   0x08000328   0x0000001a   Code   RO         8255    .text               mc_w.l(atoi.o)
    0x08000342   0x08000342   0x0000014e   Code   RO         8257    .text               mf_w.l(dadd.o)
    0x08000490   0x08000490   0x000000e4   Code   RO         8259    .text               mf_w.l(dmul.o)
    0x08000574   0x08000574   0x000000de   Code   RO         8261    .text               mf_w.l(ddiv.o)
    0x08000652   0x08000652   0x00000022   Code   RO         8265    .text               mf_w.l(dflti.o)
    0x08000674   0x08000674   0x0000001a   Code   RO         8267    .text               mf_w.l(dfltui.o)
    0x0800068e   0x0800068e   0x0000003e   Code   RO         8269    .text               mf_w.l(dfixi.o)
    0x080006cc   0x080006cc   0x00000032   Code   RO         8271    .text               mf_w.l(dfixui.o)
    0x080006fe   0x080006fe   0x00000026   Code   RO         8273    .text               mf_w.l(f2d.o)
    0x08000724   0x08000724   0x00000038   Code   RO         8275    .text               mf_w.l(d2f.o)
    0x0800075c   0x0800075c   0x0000002c   Code   RO         8318    .text               mc_w.l(uidiv.o)
    0x08000788   0x08000788   0x00000062   Code   RO         8320    .text               mc_w.l(uldiv.o)
    0x080007ea   0x080007ea   0x0000001e   Code   RO         8322    .text               mc_w.l(llshl.o)
    0x08000808   0x08000808   0x00000020   Code   RO         8324    .text               mc_w.l(llushr.o)
    0x08000828   0x08000828   0x00000024   Code   RO         8326    .text               mc_w.l(llsshr.o)
    0x0800084c   0x0800084c   0x0000009c   Code   RO         8335    .text               mc_w.l(strtod.o)
    0x080008e8   0x080008e8   0x00000070   Code   RO         8337    .text               mc_w.l(strtol.o)
    0x08000958   0x08000958   0x00000000   Code   RO         8339    .text               mc_w.l(iusefp.o)
    0x08000958   0x08000958   0x0000006e   Code   RO         8340    .text               mf_w.l(fepilogue.o)
    0x080009c6   0x080009c6   0x000000ba   Code   RO         8342    .text               mf_w.l(depilogue.o)
    0x08000a80   0x08000a80   0x00000030   Code   RO         8344    .text               mf_w.l(dfixul.o)
    0x08000ab0   0x08000ab0   0x00000030   Code   RO         8346    .text               mf_w.l(cdrcmple.o)
    0x08000ae0   0x08000ae0   0x00000024   Code   RO         8350    .text               mc_w.l(init.o)
    0x08000b04   0x08000b04   0x00000008   Code   RO         8354    .text               mc_w.l(ctype_o.o)
    0x08000b0c   0x08000b0c   0x00000012   Code   RO         8376    .text               mc_w.l(isspace_o.o)
    0x08000b1e   0x08000b1e   0x00000002   PAD
    0x08000b20   0x08000b20   0x00000360   Code   RO         8382    .text               mc_w.l(scanf_fp.o)
    0x08000e80   0x08000e80   0x00000040   Code   RO         8386    .text               mc_w.l(_sgetc.o)
    0x08000ec0   0x08000ec0   0x0000009e   Code   RO         8388    .text               mc_w.l(_strtoul.o)
    0x08000f5e   0x08000f5e   0x0000001c   Code   RO         8393    .text               mc_w.l(_chval.o)
    0x08000f7a   0x08000f7a   0x00000018   Code   RO         8395    .text               mf_w.l(dfltul.o)
    0x08000f92   0x08000f92   0x00000056   Code   RO         8405    .text               mc_w.l(__dczerorl2.o)
    0x08000fe8   0x08000fe8   0x00000016   Code   RO         2062    i.ADC_Cmd           stm32f4xx_adc.o
    0x08000ffe   0x08000ffe   0x00000002   PAD
    0x08001000   0x08001000   0x00000030   Code   RO         2063    i.ADC_CommonInit    stm32f4xx_adc.o
    0x08001030   0x08001030   0x00000008   Code   RO         2074    i.ADC_GetConversionValue  stm32f4xx_adc.o
    0x08001038   0x08001038   0x00000012   Code   RO         2075    i.ADC_GetFlagStatus  stm32f4xx_adc.o
    0x0800104a   0x0800104a   0x00000002   PAD
    0x0800104c   0x0800104c   0x00000054   Code   RO         2082    i.ADC_Init          stm32f4xx_adc.o
    0x080010a0   0x080010a0   0x000000b8   Code   RO         2087    i.ADC_RegularChannelConfig  stm32f4xx_adc.o
    0x08001158   0x08001158   0x0000000a   Code   RO         2089    i.ADC_SoftwareStartConv  stm32f4xx_adc.o
    0x08001162   0x08001162   0x00000002   PAD
    0x08001164   0x08001164   0x0000003c   Code   RO          789    i.AX_BEEP_Init      ax_beep.o
    0x080011a0   0x080011a0   0x000000f0   Code   RO         1538    i.AX_CAN_Init       ax_can.o
    0x08001290   0x08001290   0x00000040   Code   RO         1539    i.AX_CAN_SendPacket  ax_can.o
    0x080012d0   0x080012d0   0x000000c8   Code   RO          654    i.AX_CTL_App        ax_control.o
    0x08001398   0x08001398   0x00000050   Code   RO          703    i.AX_DELAY_Init     ax_delay.o
    0x080013e8   0x080013e8   0x00000012   Code   RO          704    i.AX_Delayms        ax_delay.o
    0x080013fa   0x080013fa   0x00000002   PAD
    0x080013fc   0x080013fc   0x00000048   Code   RO          705    i.AX_Delayus        ax_delay.o
    0x08001444   0x08001444   0x0000005c   Code   RO         1576    i.AX_EEPROM_Init    ax_eeprom.o
    0x080014a0   0x080014a0   0x00000052   Code   RO         1578    i.AX_EEPROM_ReadOneByte  ax_eeprom.o
    0x080014f2   0x080014f2   0x0000004c   Code   RO         1580    i.AX_EEPROM_WriteOneByte  ax_eeprom.o
    0x0800153e   0x0800153e   0x0000000a   Code   RO         1292    i.AX_ENCODER_A_GetCounter  ax_encoder.o
    0x08001548   0x08001548   0x000000d0   Code   RO         1293    i.AX_ENCODER_A_Init  ax_encoder.o
    0x08001618   0x08001618   0x00000008   Code   RO         1294    i.AX_ENCODER_A_SetCounter  ax_encoder.o
    0x08001620   0x08001620   0x0000000c   Code   RO         1295    i.AX_ENCODER_B_GetCounter  ax_encoder.o
    0x0800162c   0x0800162c   0x000000b4   Code   RO         1296    i.AX_ENCODER_B_Init  ax_encoder.o
    0x080016e0   0x080016e0   0x0000000c   Code   RO         1297    i.AX_ENCODER_B_SetCounter  ax_encoder.o
    0x080016ec   0x080016ec   0x0000000c   Code   RO         1298    i.AX_ENCODER_C_GetCounter  ax_encoder.o
    0x080016f8   0x080016f8   0x000000b4   Code   RO         1299    i.AX_ENCODER_C_Init  ax_encoder.o
    0x080017ac   0x080017ac   0x0000000c   Code   RO         1300    i.AX_ENCODER_C_SetCounter  ax_encoder.o
    0x080017b8   0x080017b8   0x0000000c   Code   RO         1301    i.AX_ENCODER_D_GetCounter  ax_encoder.o
    0x080017c4   0x080017c4   0x000000b4   Code   RO         1302    i.AX_ENCODER_D_Init  ax_encoder.o
    0x08001878   0x08001878   0x0000000c   Code   RO         1303    i.AX_ENCODER_D_SetCounter  ax_encoder.o
    0x08001884   0x08001884   0x00000038   Code   RO          885    i.AX_KEY_Init       ax_key.o
    0x080018bc   0x080018bc   0x00000014   Code   RO          886    i.AX_KEY_Scan       ax_key.o
    0x080018d0   0x080018d0   0x00000050   Code   RO          741    i.AX_LED_Init       ax_led.o
    0x08001920   0x08001920   0x000000f8   Code   RO         1238    i.AX_MOTOR_AB_Init  ax_motor.o
    0x08001a18   0x08001a18   0x00000054   Code   RO         1239    i.AX_MOTOR_A_SetSpeed  ax_motor.o
    0x08001a6c   0x08001a6c   0x00000054   Code   RO         1240    i.AX_MOTOR_B_SetSpeed  ax_motor.o
    0x08001ac0   0x08001ac0   0x0000016c   Code   RO         1241    i.AX_MOTOR_CD_Init  ax_motor.o
    0x08001c2c   0x08001c2c   0x00000054   Code   RO         1242    i.AX_MOTOR_C_SetSpeed  ax_motor.o
    0x08001c80   0x08001c80   0x00000054   Code   RO         1243    i.AX_MOTOR_D_SetSpeed  ax_motor.o
    0x08001cd4   0x08001cd4   0x00000040   Code   RO         1117    i.AX_MPU6050_GetAccData  ax_mpu6050.o
    0x08001d14   0x08001d14   0x00000040   Code   RO         1118    i.AX_MPU6050_GetGyroData  ax_mpu6050.o
    0x08001d54   0x08001d54   0x000000a4   Code   RO         1120    i.AX_MPU6050_Init   ax_mpu6050.o
    0x08001df8   0x08001df8   0x00000010   Code   RO         1121    i.AX_MPU6050_SetAccRange  ax_mpu6050.o
    0x08001e08   0x08001e08   0x0000000e   Code   RO         1122    i.AX_MPU6050_SetDLPF  ax_mpu6050.o
    0x08001e16   0x08001e16   0x00000010   Code   RO         1123    i.AX_MPU6050_SetGyroRange  ax_mpu6050.o
    0x08001e26   0x08001e26   0x0000002a   Code   RO         1124    i.AX_MPU6050_SetGyroSmplRate  ax_mpu6050.o
    0x08001e50   0x08001e50   0x00000038   Code   RO         1659    i.AX_OLED_ClearScreen  ax_oled.o
    0x08001e88   0x08001e88   0x00000080   Code   RO         1664    i.AX_OLED_DispChar  ax_oled.o
    0x08001f08   0x08001f08   0x00000024   Code   RO         1666    i.AX_OLED_DispNum   ax_oled.o
    0x08001f2c   0x08001f2c   0x00000094   Code   RO         1667    i.AX_OLED_DispPicture  ax_oled.o
    0x08001fc0   0x08001fc0   0x00000040   Code   RO         1668    i.AX_OLED_DispStr   ax_oled.o
    0x08002000   0x08002000   0x000001f8   Code   RO         1669    i.AX_OLED_DispValue  ax_oled.o
    0x080021f8   0x080021f8   0x00000198   Code   RO         1670    i.AX_OLED_Init      ax_oled.o
    0x08002390   0x08002390   0x00000640   Code   RO          624    i.AX_ROBOT_Kinematics  ax_kinematics.o
    0x080029d0   0x080029d0   0x0000001c   Code   RO          625    i.AX_ROBOT_Stop     ax_kinematics.o
    0x080029ec   0x080029ec   0x00000068   Code   RO         1382    i.AX_SERVO_Grab     ax_servo.o
    0x08002a54   0x08002a54   0x0000001c   Code   RO         1383    i.AX_SERVO_INIT     ax_servo.o
    0x08002a70   0x08002a70   0x00000060   Code   RO         1384    i.AX_SERVO_Release  ax_servo.o
    0x08002ad0   0x08002ad0   0x000000a8   Code   RO         1385    i.AX_SERVO_S1_Init  ax_servo.o
    0x08002b78   0x08002b78   0x00000010   Code   RO         1386    i.AX_SERVO_S1_Release  ax_servo.o
    0x08002b88   0x08002b88   0x0000004c   Code   RO         1387    i.AX_SERVO_S1_SetAngle  ax_servo.o
    0x08002bd4   0x08002bd4   0x000000a8   Code   RO         1388    i.AX_SERVO_S2_Init  ax_servo.o
    0x08002c7c   0x08002c7c   0x00000010   Code   RO         1389    i.AX_SERVO_S2_Release  ax_servo.o
    0x08002c8c   0x08002c8c   0x0000004c   Code   RO         1390    i.AX_SERVO_S2_SetAngle  ax_servo.o
    0x08002cd8   0x08002cd8   0x000000fc   Code   RO         1391    i.AX_SERVO_S3456_Init  ax_servo.o
    0x08002dd4   0x08002dd4   0x00000010   Code   RO         1392    i.AX_SERVO_S3_Release  ax_servo.o
    0x08002de4   0x08002de4   0x0000004c   Code   RO         1393    i.AX_SERVO_S3_SetAngle  ax_servo.o
    0x08002e30   0x08002e30   0x00000010   Code   RO         1394    i.AX_SERVO_S4_Release  ax_servo.o
    0x08002e40   0x08002e40   0x0000004c   Code   RO         1395    i.AX_SERVO_S4_SetAngle  ax_servo.o
    0x08002e8c   0x08002e8c   0x00000010   Code   RO         1396    i.AX_SERVO_S5_Release  ax_servo.o
    0x08002e9c   0x08002e9c   0x0000004c   Code   RO         1397    i.AX_SERVO_S5_SetAngle  ax_servo.o
    0x08002ee8   0x08002ee8   0x00000010   Code   RO         1398    i.AX_SERVO_S6_Release  ax_servo.o
    0x08002ef8   0x08002ef8   0x0000004c   Code   RO         1399    i.AX_SERVO_S6_SetAngle  ax_servo.o
    0x08002f44   0x08002f44   0x000000b8   Code   RO          509    i.AX_SPEED_PidCtlA  ax_speed.o
    0x08002ffc   0x08002ffc   0x000000b8   Code   RO          510    i.AX_SPEED_PidCtlB  ax_speed.o
    0x080030b4   0x080030b4   0x000000b8   Code   RO          511    i.AX_SPEED_PidCtlC  ax_speed.o
    0x0800316c   0x0800316c   0x000000b8   Code   RO          512    i.AX_SPEED_PidCtlD  ax_speed.o
    0x08003224   0x08003224   0x0000004c   Code   RO          816    i.AX_SW_Init        ax_switch.o
    0x08003270   0x08003270   0x0000009c   Code   RO          915    i.AX_UART1_Init     ax_uart1.o
    0x0800330c   0x0800330c   0x000000ac   Code   RO         1021    i.AX_UART3_Init     ax_uart3.o
    0x080033b8   0x080033b8   0x00000090   Code   RO         1022    i.AX_UART3_SendPacket  ax_uart3.o
    0x08003448   0x08003448   0x0000003c   Code   RO         1072    i.AX_UART4_GetData  ax_uart4.o
    0x08003484   0x08003484   0x000000ac   Code   RO         1073    i.AX_UART4_Init     ax_uart4.o
    0x08003530   0x08003530   0x00000070   Code   RO          855    i.AX_VIN_GetVol_X100  ax_vin.o
    0x080035a0   0x080035a0   0x00000090   Code   RO          856    i.AX_VIN_Init       ax_vin.o
    0x08003630   0x08003630   0x00000004   Code   RO          276    i.BusFault_Handler  stm32f4xx_it.o
    0x08003634   0x08003634   0x00000064   Code   RO         1540    i.CAN1_RX0_IRQHandler  ax_can.o
    0x08003698   0x08003698   0x00000108   Code   RO         2308    i.CAN_FilterInit    stm32f4xx_can.o
    0x080037a0   0x080037a0   0x00000012   Code   RO         2314    i.CAN_ITConfig      stm32f4xx_can.o
    0x080037b2   0x080037b2   0x00000114   Code   RO         2315    i.CAN_Init          stm32f4xx_can.o
    0x080038c6   0x080038c6   0x000000f0   Code   RO         2318    i.CAN_Receive       stm32f4xx_can.o
    0x080039b6   0x080039b6   0x00000126   Code   RO         2323    i.CAN_Transmit      stm32f4xx_can.o
    0x08003adc   0x08003adc   0x00000002   Code   RO          277    i.DebugMon_Handler  stm32f4xx_it.o
    0x08003ade   0x08003ade   0x00000002   PAD
    0x08003ae0   0x08003ae0   0x0000001c   Code   RO         1400    i.DescendToBin      ax_servo.o
    0x08003afc   0x08003afc   0x00000020   Code   RO         1401    i.DescendToTrash    ax_servo.o
    0x08003b1c   0x08003b1c   0x000001e4   Code   RO          383    i.Disp_Task         ax_robot.o
    0x08003d00   0x08003d00   0x00000134   Code   RO          384    i.ESP8266_Task      ax_robot.o
    0x08003e34   0x08003e34   0x00000050   Code   RO          960    i.EmergencyStop     ax_uart2.o
    0x08003e84   0x08003e84   0x00000090   Code   RO         3883    i.GPIO_Init         stm32f4xx_gpio.o
    0x08003f14   0x08003f14   0x00000046   Code   RO         3884    i.GPIO_PinAFConfig  stm32f4xx_gpio.o
    0x08003f5a   0x08003f5a   0x00000012   Code   RO         3887    i.GPIO_ReadInputDataBit  stm32f4xx_gpio.o
    0x08003f6c   0x08003f6c   0x00000004   Code   RO         3890    i.GPIO_ResetBits    stm32f4xx_gpio.o
    0x08003f70   0x08003f70   0x00000004   Code   RO         3891    i.GPIO_SetBits      stm32f4xx_gpio.o
    0x08003f74   0x08003f74   0x0000000a   Code   RO         3895    i.GPIO_WriteBit     stm32f4xx_gpio.o
    0x08003f7e   0x08003f7e   0x00000038   Code   RO         1859    i.GPS_Analysis      gps.o
    0x08003fb6   0x08003fb6   0x00000002   PAD
    0x08003fb8   0x08003fb8   0x0000012c   Code   RO          385    i.GPS_Task          ax_robot.o
    0x080040e4   0x080040e4   0x00000004   Code   RO          278    i.HardFault_Handler  stm32f4xx_it.o
    0x080040e8   0x080040e8   0x0000004c   Code   RO         1125    i.IIC_Ack           ax_mpu6050.o
    0x08004134   0x08004134   0x00000044   Code   RO         1581    i.IIC_Ack           ax_eeprom.o
    0x08004178   0x08004178   0x0000004c   Code   RO         1126    i.IIC_NAck          ax_mpu6050.o
    0x080041c4   0x080041c4   0x00000034   Code   RO         1582    i.IIC_NAck          ax_eeprom.o
    0x080041f8   0x080041f8   0x00000076   Code   RO         1127    i.IIC_Read          ax_mpu6050.o
    0x0800426e   0x0800426e   0x00000002   PAD
    0x08004270   0x08004270   0x0000006c   Code   RO         1128    i.IIC_Read_Byte     ax_mpu6050.o
    0x080042dc   0x080042dc   0x00000054   Code   RO         1583    i.IIC_Read_Byte     ax_eeprom.o
    0x08004330   0x08004330   0x00000064   Code   RO         1129    i.IIC_Send_Byte     ax_mpu6050.o
    0x08004394   0x08004394   0x00000048   Code   RO         1584    i.IIC_Send_Byte     ax_eeprom.o
    0x080043dc   0x080043dc   0x00000068   Code   RO         1130    i.IIC_Start         ax_mpu6050.o
    0x08004444   0x08004444   0x00000038   Code   RO         1585    i.IIC_Start         ax_eeprom.o
    0x0800447c   0x0800447c   0x00000048   Code   RO         1131    i.IIC_Stop          ax_mpu6050.o
    0x080044c4   0x080044c4   0x00000034   Code   RO         1586    i.IIC_Stop          ax_eeprom.o
    0x080044f8   0x080044f8   0x00000064   Code   RO         1132    i.IIC_Wait_Ack      ax_mpu6050.o
    0x0800455c   0x0800455c   0x00000054   Code   RO         1587    i.IIC_Wait_Ack      ax_eeprom.o
    0x080045b0   0x080045b0   0x00000060   Code   RO         1133    i.IIC_Write         ax_mpu6050.o
    0x08004610   0x08004610   0x00000168   Code   RO          386    i.Key_Task          ax_robot.o
    0x08004778   0x08004778   0x00000020   Code   RO         1402    i.LiftObject        ax_servo.o
    0x08004798   0x08004798   0x00000016   Code   RO         1134    i.MPU6050_ReadRegister  ax_mpu6050.o
    0x080047ae   0x080047ae   0x00000012   Code   RO         1135    i.MPU6050_WriteRegister  ax_mpu6050.o
    0x080047c0   0x080047c0   0x00000004   Code   RO          279    i.MemManage_Handler  stm32f4xx_it.o
    0x080047c4   0x080047c4   0x00000058   Code   RO         1403    i.MoveAboveBin      ax_servo.o
    0x0800481c   0x0800481c   0x00000058   Code   RO         1404    i.MoveAboveTrash    ax_servo.o
    0x08004874   0x08004874   0x00000134   Code   RO         1860    i.NMEA_BDGSV_Analysis  gps.o
    0x080049a8   0x080049a8   0x00000032   Code   RO         1861    i.NMEA_Comma_Pos    gps.o
    0x080049da   0x080049da   0x00000002   PAD
    0x080049dc   0x080049dc   0x00000068   Code   RO         1862    i.NMEA_GNGGA_Analysis  gps.o
    0x08004a44   0x08004a44   0x000000b8   Code   RO         1863    i.NMEA_GNGSA_Analysis  gps.o
    0x08004afc   0x08004afc   0x00000224   Code   RO         1864    i.NMEA_GNRMC_Analysis  gps.o
    0x08004d20   0x08004d20   0x00000058   Code   RO         1865    i.NMEA_GNVTG_Analysis  gps.o
    0x08004d78   0x08004d78   0x0000012c   Code   RO         1866    i.NMEA_GPGSV_Analysis  gps.o
    0x08004ea4   0x08004ea4   0x00000016   Code   RO         1867    i.NMEA_Pow          gps.o
    0x08004eba   0x08004eba   0x000000ea   Code   RO         1868    i.NMEA_Str2num      gps.o
    0x08004fa4   0x08004fa4   0x00000002   Code   RO          280    i.NMI_Handler       stm32f4xx_it.o
    0x08004fa6   0x08004fa6   0x00000002   PAD
    0x08004fa8   0x08004fa8   0x00000078   Code   RO         2008    i.NVIC_Init         misc.o
    0x08005020   0x08005020   0x00000014   Code   RO         2009    i.NVIC_PriorityGroupConfig  misc.o
    0x08005034   0x08005034   0x00000028   Code   RO         1671    i.OLED_Set_Pos      ax_oled.o
    0x0800505c   0x0800505c   0x00000020   Code   RO         1672    i.OLED_WriteCmd     ax_oled.o
    0x0800507c   0x0800507c   0x0000000c   Code   RO         1673    i.OLED_WriteData    ax_oled.o
    0x08005088   0x08005088   0x000000fc   Code   RO          388    i.OPENMV_Task       ax_robot.o
    0x08005184   0x08005184   0x00000174   Code   RO         1977    i.OpenMV_Receive_Data  ax_openmv.o
    0x080052f8   0x080052f8   0x00000140   Code   RO          961    i.ProcessUARTCommand  ax_uart2.o
    0x08005438   0x08005438   0x00000020   Code   RO         4809    i.RCC_AHB1PeriphClockCmd  stm32f4xx_rcc.o
    0x08005458   0x08005458   0x00000020   Code   RO         4818    i.RCC_APB1PeriphClockCmd  stm32f4xx_rcc.o
    0x08005478   0x08005478   0x00000020   Code   RO         4820    i.RCC_APB1PeriphResetCmd  stm32f4xx_rcc.o
    0x08005498   0x08005498   0x00000020   Code   RO         4821    i.RCC_APB2PeriphClockCmd  stm32f4xx_rcc.o
    0x080054b8   0x080054b8   0x00000020   Code   RO         4823    i.RCC_APB2PeriphResetCmd  stm32f4xx_rcc.o
    0x080054d8   0x080054d8   0x000000e8   Code   RO         4830    i.RCC_GetClocksFreq  stm32f4xx_rcc.o
    0x080055c0   0x080055c0   0x00000080   Code   RO          389    i.ROBOT_IMUHandle   ax_robot.o
    0x08005640   0x08005640   0x000000d4   Code   RO          390    i.ROBOT_SendDataToRos  ax_robot.o
    0x08005714   0x08005714   0x0000004c   Code   RO          391    i.Robot_Task        ax_robot.o
    0x08005760   0x08005760   0x00000024   Code   RO          392    i.SERVO_Task        ax_robot.o
    0x08005784   0x08005784   0x00000038   Code   RO         1674    i.SPI1_Send_Byte    ax_oled.o
    0x080057bc   0x080057bc   0x00000018   Code   RO         5967    i.SPI_Cmd           stm32f4xx_spi.o
    0x080057d4   0x080057d4   0x00000012   Code   RO         5975    i.SPI_I2S_GetFlagStatus  stm32f4xx_spi.o
    0x080057e6   0x080057e6   0x00000006   Code   RO         5978    i.SPI_I2S_ReceiveData  stm32f4xx_spi.o
    0x080057ec   0x080057ec   0x00000004   Code   RO         5979    i.SPI_I2S_SendData  stm32f4xx_spi.o
    0x080057f0   0x080057f0   0x0000003c   Code   RO         5980    i.SPI_Init          stm32f4xx_spi.o
    0x0800582c   0x0800582c   0x00000038   Code   RO         1405    i.SetReadyPose      ax_servo.o
    0x08005864   0x08005864   0x000000ec   Code   RO          342    i.SetSysClock       system_stm32f4xx.o
    0x08005950   0x08005950   0x000003a4   Code   RO            4    i.Start_Task        main.o
    0x08005cf4   0x08005cf4   0x00000028   Code   RO         2012    i.SysTick_CLKSourceConfig  misc.o
    0x08005d1c   0x08005d1c   0x00000010   Code   RO          281    i.SysTick_Handler   stm32f4xx_it.o
    0x08005d2c   0x08005d2c   0x00000068   Code   RO          344    i.SystemInit        system_stm32f4xx.o
    0x08005d94   0x08005d94   0x0000003a   Code   RO         6189    i.TI1_Config        stm32f4xx_tim.o
    0x08005dce   0x08005dce   0x00000050   Code   RO         6190    i.TI2_Config        stm32f4xx_tim.o
    0x08005e1e   0x08005e1e   0x00000048   Code   RO         6191    i.TI3_Config        stm32f4xx_tim.o
    0x08005e66   0x08005e66   0x00000050   Code   RO         6192    i.TI4_Config        stm32f4xx_tim.o
    0x08005eb6   0x08005eb6   0x00000002   PAD
    0x08005eb8   0x08005eb8   0x00000034   Code   RO         1825    i.TIM7_IRQHandler   timer.o
    0x08005eec   0x08005eec   0x00000054   Code   RO         1826    i.TIM7_Int_Init     timer.o
    0x08005f40   0x08005f40   0x00000018   Code   RO         6193    i.TIM_ARRPreloadConfig  stm32f4xx_tim.o
    0x08005f58   0x08005f58   0x00000006   Code   RO         6200    i.TIM_ClearITPendingBit  stm32f4xx_tim.o
    0x08005f5e   0x08005f5e   0x00000018   Code   RO         6205    i.TIM_Cmd           stm32f4xx_tim.o
    0x08005f76   0x08005f76   0x0000001e   Code   RO         6207    i.TIM_CtrlPWMOutputs  stm32f4xx_tim.o
    0x08005f94   0x08005f94   0x00000190   Code   RO         6210    i.TIM_DeInit        stm32f4xx_tim.o
    0x08006124   0x08006124   0x00000042   Code   RO         6214    i.TIM_EncoderInterfaceConfig  stm32f4xx_tim.o
    0x08006166   0x08006166   0x00000022   Code   RO         6226    i.TIM_GetITStatus   stm32f4xx_tim.o
    0x08006188   0x08006188   0x0000006e   Code   RO         6228    i.TIM_ICInit        stm32f4xx_tim.o
    0x080061f6   0x080061f6   0x00000012   Code   RO         6229    i.TIM_ICStructInit  stm32f4xx_tim.o
    0x08006208   0x08006208   0x00000012   Code   RO         6230    i.TIM_ITConfig      stm32f4xx_tim.o
    0x0800621a   0x0800621a   0x00000002   PAD
    0x0800621c   0x0800621c   0x0000007c   Code   RO         6234    i.TIM_OC1Init       stm32f4xx_tim.o
    0x08006298   0x08006298   0x00000012   Code   RO         6237    i.TIM_OC1PreloadConfig  stm32f4xx_tim.o
    0x080062aa   0x080062aa   0x00000002   PAD
    0x080062ac   0x080062ac   0x000000a4   Code   RO         6239    i.TIM_OC2Init       stm32f4xx_tim.o
    0x08006350   0x08006350   0x0000001a   Code   RO         6242    i.TIM_OC2PreloadConfig  stm32f4xx_tim.o
    0x0800636a   0x0800636a   0x00000002   PAD
    0x0800636c   0x0800636c   0x000000a0   Code   RO         6244    i.TIM_OC3Init       stm32f4xx_tim.o
    0x0800640c   0x0800640c   0x00000012   Code   RO         6247    i.TIM_OC3PreloadConfig  stm32f4xx_tim.o
    0x0800641e   0x0800641e   0x00000002   PAD
    0x08006420   0x08006420   0x00000078   Code   RO         6249    i.TIM_OC4Init       stm32f4xx_tim.o
    0x08006498   0x08006498   0x0000001a   Code   RO         6251    i.TIM_OC4PreloadConfig  stm32f4xx_tim.o
    0x080064b2   0x080064b2   0x00000004   Code   RO         6267    i.TIM_SetCompare1   stm32f4xx_tim.o
    0x080064b6   0x080064b6   0x00000004   Code   RO         6268    i.TIM_SetCompare2   stm32f4xx_tim.o
    0x080064ba   0x080064ba   0x00000004   Code   RO         6269    i.TIM_SetCompare3   stm32f4xx_tim.o
    0x080064be   0x080064be   0x00000004   Code   RO         6270    i.TIM_SetCompare4   stm32f4xx_tim.o
    0x080064c2   0x080064c2   0x00000004   Code   RO         6271    i.TIM_SetCounter    stm32f4xx_tim.o
    0x080064c6   0x080064c6   0x00000012   Code   RO         6272    i.TIM_SetIC1Prescaler  stm32f4xx_tim.o
    0x080064d8   0x080064d8   0x0000001a   Code   RO         6273    i.TIM_SetIC2Prescaler  stm32f4xx_tim.o
    0x080064f2   0x080064f2   0x00000012   Code   RO         6274    i.TIM_SetIC3Prescaler  stm32f4xx_tim.o
    0x08006504   0x08006504   0x0000001a   Code   RO         6275    i.TIM_SetIC4Prescaler  stm32f4xx_tim.o
    0x0800651e   0x0800651e   0x00000002   PAD
    0x08006520   0x08006520   0x00000084   Code   RO         6277    i.TIM_TimeBaseInit  stm32f4xx_tim.o
    0x080065a4   0x080065a4   0x00000012   Code   RO         6278    i.TIM_TimeBaseStructInit  stm32f4xx_tim.o
    0x080065b6   0x080065b6   0x00000002   PAD
    0x080065b8   0x080065b8   0x000002cc   Code   RO          393    i.Trivia_Task       ax_robot.o
    0x08006884   0x08006884   0x000000b0   Code   RO          962    i.UART2_Init        ax_uart2.o
    0x08006934   0x08006934   0x0000002c   Code   RO          963    i.UART2_SendString  ax_uart2.o
    0x08006960   0x08006960   0x000000f0   Code   RO         1075    i.UART4_IRQHandler  ax_uart4.o
    0x08006a50   0x08006a50   0x00000070   Code   RO         1775    i.UART5_IRQHandler  ax_uart5.o
    0x08006ac0   0x08006ac0   0x00000074   Code   RO          916    i.USART1_IRQHandler  ax_uart1.o
    0x08006b34   0x08006b34   0x00000024   Code   RO          964    i.USART2_IRQHandler  ax_uart2.o
    0x08006b58   0x08006b58   0x00000028   Code   RO         1023    i.USART3_IRQHandler  ax_uart3.o
    0x08006b80   0x08006b80   0x00000020   Code   RO         1024    i.USART3_SendChar   ax_uart3.o
    0x08006ba0   0x08006ba0   0x00000016   Code   RO         1025    i.USART3_SendString  ax_uart3.o
    0x08006bb6   0x08006bb6   0x00000018   Code   RO         6759    i.USART_Cmd         stm32f4xx_usart.o
    0x08006bce   0x08006bce   0x00000002   PAD
    0x08006bd0   0x08006bd0   0x000000f0   Code   RO         6761    i.USART_DeInit      stm32f4xx_usart.o
    0x08006cc0   0x08006cc0   0x0000001a   Code   RO         6762    i.USART_GetFlagStatus  stm32f4xx_usart.o
    0x08006cda   0x08006cda   0x00000054   Code   RO         6763    i.USART_GetITStatus  stm32f4xx_usart.o
    0x08006d2e   0x08006d2e   0x0000004a   Code   RO         6765    i.USART_ITConfig    stm32f4xx_usart.o
    0x08006d78   0x08006d78   0x000000d4   Code   RO         6766    i.USART_Init        stm32f4xx_usart.o
    0x08006e4c   0x08006e4c   0x0000000a   Code   RO         6773    i.USART_ReceiveData  stm32f4xx_usart.o
    0x08006e56   0x08006e56   0x00000008   Code   RO         6776    i.USART_SendData    stm32f4xx_usart.o
    0x08006e5e   0x08006e5e   0x00000004   Code   RO          282    i.UsageFault_Handler  stm32f4xx_it.o
    0x08006e62   0x08006e62   0x00000002   PAD
    0x08006e64   0x08006e64   0x00000020   Code   RO         8227    i.__0printf         mc_w.l(printfa.o)
    0x08006e84   0x08006e84   0x00000034   Code   RO         8228    i.__0snprintf       mc_w.l(printfa.o)
    0x08006eb8   0x08006eb8   0x00000028   Code   RO         8229    i.__0sprintf        mc_w.l(printfa.o)
    0x08006ee0   0x08006ee0   0x00000008   Code   RO         8328    i.__aeabi_errno_addr  mc_w.l(errno.o)
    0x08006ee8   0x08006ee8   0x00000038   Code   RO         7967    i.__hardfp_atof     m_wm.l(atof.o)
    0x08006f20   0x08006f20   0x0000000c   Code   RO         8329    i.__read_errno      mc_w.l(errno.o)
    0x08006f2c   0x08006f2c   0x0000000e   Code   RO         8399    i.__scatterload_copy  mc_w.l(handlers.o)
    0x08006f3a   0x08006f3a   0x00000002   Code   RO         8400    i.__scatterload_null  mc_w.l(handlers.o)
    0x08006f3c   0x08006f3c   0x0000000e   Code   RO         8401    i.__scatterload_zeroinit  mc_w.l(handlers.o)
    0x08006f4a   0x08006f4a   0x00000002   PAD
    0x08006f4c   0x08006f4c   0x0000000c   Code   RO         8330    i.__set_errno       mc_w.l(errno.o)
    0x08006f58   0x08006f58   0x00000184   Code   RO         8234    i._fp_digits        mc_w.l(printfa.o)
    0x080070dc   0x080070dc   0x0000000e   Code   RO         8384    i._is_digit         mc_w.l(scanf_fp.o)
    0x080070ea   0x080070ea   0x00000002   PAD
    0x080070ec   0x080070ec   0x000006b4   Code   RO         8235    i._printf_core      mc_w.l(printfa.o)
    0x080077a0   0x080077a0   0x00000024   Code   RO         8236    i._printf_post_padding  mc_w.l(printfa.o)
    0x080077c4   0x080077c4   0x0000002e   Code   RO         8237    i._printf_pre_padding  mc_w.l(printfa.o)
    0x080077f2   0x080077f2   0x00000016   Code   RO         8238    i._snputc           mc_w.l(printfa.o)
    0x08007808   0x08007808   0x0000000a   Code   RO         8239    i._sputc            mc_w.l(printfa.o)
    0x08007812   0x08007812   0x00000002   PAD
    0x08007814   0x08007814   0x00000024   Code   RO          918    i.fputc             ax_uart1.o
    0x08007838   0x08007838   0x000001a0   Code   RO            5    i.main              main.o
    0x080079d8   0x080079d8   0x00000100   Code   RO          394    i.processReset      ax_robot.o
    0x08007ad8   0x08007ad8   0x00000098   Code   RO         7360    i.prvAddCurrentTaskToDelayedList  tasks.o
    0x08007b70   0x08007b70   0x000000b8   Code   RO         7361    i.prvAddNewTaskToReadyList  tasks.o
    0x08007c28   0x08007c28   0x00000064   Code   RO         7697    i.prvCheckForValidListAndQueue  timers.o
    0x08007c8c   0x08007c8c   0x00000064   Code   RO         7362    i.prvCheckTasksWaitingTermination  tasks.o
    0x08007cf0   0x08007cf0   0x0000002a   Code   RO         7162    i.prvCopyDataFromQueue  queue.o
    0x08007d1a   0x08007d1a   0x0000007c   Code   RO         7163    i.prvCopyDataToQueue  queue.o
    0x08007d96   0x08007d96   0x00000012   Code   RO         7363    i.prvDeleteTCB      tasks.o
    0x08007da8   0x08007da8   0x00000028   Code   RO         7698    i.prvGetNextExpireTime  timers.o
    0x08007dd0   0x08007dd0   0x0000007c   Code   RO         7827    i.prvHeapInit       heap_4.o
    0x08007e4c   0x08007e4c   0x00000028   Code   RO         7364    i.prvIdleTask       tasks.o
    0x08007e74   0x08007e74   0x0000002a   Code   RO         7165    i.prvInitialiseNewQueue  queue.o
    0x08007e9e   0x08007e9e   0x000000b4   Code   RO         7365    i.prvInitialiseNewTask  tasks.o
    0x08007f52   0x08007f52   0x00000002   PAD
    0x08007f54   0x08007f54   0x00000068   Code   RO         7366    i.prvInitialiseTaskLists  tasks.o
    0x08007fbc   0x08007fbc   0x00000068   Code   RO         7828    i.prvInsertBlockIntoFreeList  heap_4.o
    0x08008024   0x08008024   0x00000058   Code   RO         7700    i.prvInsertTimerInActiveList  timers.o
    0x0800807c   0x0800807c   0x0000001a   Code   RO         7166    i.prvIsQueueEmpty   queue.o
    0x08008096   0x08008096   0x0000001e   Code   RO         7167    i.prvIsQueueFull    queue.o
    0x080080b4   0x080080b4   0x00000064   Code   RO         7701    i.prvProcessExpiredTimer  timers.o
    0x08008118   0x08008118   0x000000f8   Code   RO         7702    i.prvProcessReceivedCommands  timers.o
    0x08008210   0x08008210   0x00000074   Code   RO         7703    i.prvProcessTimerOrBlockTask  timers.o
    0x08008284   0x08008284   0x00000034   Code   RO         7368    i.prvResetNextTaskUnblockTime  tasks.o
    0x080082b8   0x080082b8   0x0000002c   Code   RO         7704    i.prvSampleTimeNow  timers.o
    0x080082e4   0x080082e4   0x000000a0   Code   RO         7705    i.prvSwitchTimerLists  timers.o
    0x08008384   0x08008384   0x00000040   Code   RO         7877    i.prvTaskExitError  port.o
    0x080083c4   0x080083c4   0x00000058   Code   RO         7370    i.prvTaskIsTaskSuspended  tasks.o
    0x0800841c   0x0800841c   0x0000001a   Code   RO         7706    i.prvTimerTask      timers.o
    0x08008436   0x08008436   0x0000007e   Code   RO         7168    i.prvUnlockQueue    queue.o
    0x080084b4   0x080084b4   0x0000013c   Code   RO         7829    i.pvPortMalloc      heap_4.o
    0x080085f0   0x080085f0   0x00000020   Code   RO         7371    i.pvTaskIncrementMutexHeldCount  tasks.o
    0x08008610   0x08008610   0x0000002c   Code   RO         7878    i.pxPortInitialiseStack  port.o
    0x0800863c   0x0800863c   0x00000078   Code   RO          395    i.sendToESP8266     ax_robot.o
    0x080086b4   0x080086b4   0x00000044   Code   RO          396    i.sendToESP8266_string  ax_robot.o
    0x080086f8   0x080086f8   0x000000e8   Code   RO         1777    i.uart5_init        ax_uart5.o
    0x080087e0   0x080087e0   0x00000028   Code   RO         7125    i.uxListRemove      list.o
    0x08008808   0x08008808   0x0000001a   Code   RO         7126    i.vListInitialise   list.o
    0x08008822   0x08008822   0x00000006   Code   RO         7127    i.vListInitialiseItem  list.o
    0x08008828   0x08008828   0x00000034   Code   RO         7128    i.vListInsert       list.o
    0x0800885c   0x0800885c   0x00000018   Code   RO         7129    i.vListInsertEnd    list.o
    0x08008874   0x08008874   0x00000054   Code   RO         7880    i.vPortEnterCritical  port.o
    0x080088c8   0x080088c8   0x0000003c   Code   RO         7881    i.vPortExitCritical  port.o
    0x08008904   0x08008904   0x00000094   Code   RO         7830    i.vPortFree         heap_4.o
    0x08008998   0x08008998   0x00000020   Code   RO         7882    i.vPortSetupTimerInterrupt  port.o
    0x080089b8   0x080089b8   0x00000078   Code   RO         7883    i.vPortValidateInterruptPriority  port.o
    0x08008a30   0x08008a30   0x0000002c   Code   RO         7174    i.vQueueAddToRegistry  queue.o
    0x08008a5c   0x08008a5c   0x0000004a   Code   RO         7178    i.vQueueWaitForMessageRestricted  queue.o
    0x08008aa6   0x08008aa6   0x00000002   PAD
    0x08008aa8   0x08008aa8   0x0000005c   Code   RO         7379    i.vTaskDelay        tasks.o
    0x08008b04   0x08008b04   0x000000d4   Code   RO         7380    i.vTaskDelayUntil   tasks.o
    0x08008bd8   0x08008bd8   0x000000f4   Code   RO         7381    i.vTaskDelete       tasks.o
    0x08008ccc   0x08008ccc   0x0000000c   Code   RO         7384    i.vTaskMissedYield  tasks.o
    0x08008cd8   0x08008cd8   0x00000038   Code   RO         7386    i.vTaskPlaceOnEventList  tasks.o
    0x08008d10   0x08008d10   0x00000040   Code   RO         7387    i.vTaskPlaceOnEventListRestricted  tasks.o
    0x08008d50   0x08008d50   0x000000b0   Code   RO         7389    i.vTaskPriorityInherit  tasks.o
    0x08008e00   0x08008e00   0x00000090   Code   RO         7391    i.vTaskResume       tasks.o
    0x08008e90   0x08008e90   0x00000030   Code   RO         7393    i.vTaskSetTimeOutState  tasks.o
    0x08008ec0   0x08008ec0   0x00000094   Code   RO         7394    i.vTaskStartScheduler  tasks.o
    0x08008f54   0x08008f54   0x000000e4   Code   RO         7395    i.vTaskSuspend      tasks.o
    0x08009038   0x08009038   0x00000010   Code   RO         7396    i.vTaskSuspendAll   tasks.o
    0x08009048   0x08009048   0x0000008c   Code   RO         7397    i.vTaskSwitchContext  tasks.o
    0x080090d4   0x080090d4   0x0000013c   Code   RO         7884    i.xPortStartScheduler  port.o
    0x08009210   0x08009210   0x00000034   Code   RO         7885    i.xPortSysTickHandler  port.o
    0x08009244   0x08009244   0x00000058   Code   RO         7181    i.xQueueGenericCreate  queue.o
    0x0800929c   0x0800929c   0x000001c4   Code   RO         7182    i.xQueueGenericReceive  queue.o
    0x08009460   0x08009460   0x00000098   Code   RO         7183    i.xQueueGenericReset  queue.o
    0x080094f8   0x080094f8   0x000001a8   Code   RO         7184    i.xQueueGenericSend  queue.o
    0x080096a0   0x080096a0   0x000000f8   Code   RO         7185    i.xQueueGenericSendFromISR  queue.o
    0x08009798   0x08009798   0x0000008c   Code   RO         7398    i.xTaskCheckForTimeOut  tasks.o
    0x08009824   0x08009824   0x00000060   Code   RO         7399    i.xTaskCreate       tasks.o
    0x08009884   0x08009884   0x00000020   Code   RO         7403    i.xTaskGetSchedulerState  tasks.o
    0x080098a4   0x080098a4   0x0000000c   Code   RO         7404    i.xTaskGetTickCount  tasks.o
    0x080098b0   0x080098b0   0x00000148   Code   RO         7406    i.xTaskIncrementTick  tasks.o
    0x080099f8   0x080099f8   0x000000c8   Code   RO         7409    i.xTaskPriorityDisinherit  tasks.o
    0x08009ac0   0x08009ac0   0x00000098   Code   RO         7410    i.xTaskRemoveFromEventList  tasks.o
    0x08009b58   0x08009b58   0x00000104   Code   RO         7412    i.xTaskResumeAll    tasks.o
    0x08009c5c   0x08009c5c   0x00000058   Code   RO         7710    i.xTimerCreateTimerTask  timers.o
    0x08009cb4   0x08009cb4   0x00000084   Code   RO         7711    i.xTimerGenericCommand  timers.o
    0x08009d38   0x08009d38   0x00000400   Data   RO            6    .constdata          main.o
    0x0800a138   0x0800a138   0x00000818   Data   RO         1675    .constdata          ax_oled.o
    0x0800a950   0x0800a950   0x00000081   Data   RO         8355    .constdata          mc_w.l(ctype_o.o)
    0x0800a9d1   0x0800a9d1   0x00000003   PAD
    0x0800a9d4   0x0800a9d4   0x00000004   Data   RO         8356    .constdata          mc_w.l(ctype_o.o)
    0x0800a9d8   0x0800a9d8   0x00000020   Data   RO         8397    Region$$Table       anon$$obj.o


    Execution Region RW_IRAM1 (Exec base: 0x20000000, Load base: 0x0800a9f8, Size: 0x000139d8, Max: 0x00020000, ABSOLUTE, COMPRESSED[0x0000003c])

    Exec Addr    Load Addr    Size         Type   Attr      Idx    E Section Name        Object

    0x20000000   COMPRESSED   0x00000024   Data   RW            7    .data               main.o
    0x20000024   COMPRESSED   0x00000014   Data   RW          345    .data               system_stm32f4xx.o
    0x20000038   COMPRESSED   0x00000034   Data   RW          398    .data               ax_robot.o
    0x2000006c   COMPRESSED   0x00000030   Data   RW          513    .data               ax_speed.o
    0x2000009c   COMPRESSED   0x00000001   Data   RW          706    .data               ax_delay.o
    0x2000009d   COMPRESSED   0x00000002   Data   RW          920    .data               ax_uart1.o
    0x2000009f   COMPRESSED   0x00000001   PAD
    0x200000a0   COMPRESSED   0x0000001d   Data   RW          967    .data               ax_uart2.o
    0x200000bd   COMPRESSED   0x00000003   Data   RW         1077    .data               ax_uart4.o
    0x200000c0   COMPRESSED   0x00000002   Data   RW         1779    .data               ax_uart5.o
    0x200000c2   COMPRESSED   0x00000002   PAD
    0x200000c4   COMPRESSED   0x00000016   Data   RW         1979    .data               ax_openmv.o
    0x200000da   COMPRESSED   0x00000010   Data   RW         4862    .data               stm32f4xx_rcc.o
    0x200000ea   COMPRESSED   0x00000002   PAD
    0x200000ec   COMPRESSED   0x0000003c   Data   RW         7415    .data               tasks.o
    0x20000128   COMPRESSED   0x00000014   Data   RW         7717    .data               timers.o
    0x2000013c   COMPRESSED   0x00000018   Data   RW         7835    .data               heap_4.o
    0x20000154   COMPRESSED   0x0000000c   Data   RW         7886    .data               port.o
    0x20000160   COMPRESSED   0x00000004   Data   RW         8317    .data               mc_w.l(stdout.o)
    0x20000164   COMPRESSED   0x00000004   Data   RW         8331    .data               mc_w.l(errno.o)
    0x20000168        -       0x000002be   Zero   RW          397    .bss                ax_robot.o
    0x20000426        -       0x00000010   Zero   RW          655    .bss                ax_control.o
    0x20000436        -       0x00000070   Zero   RW          919    .bss                ax_uart1.o
    0x200004a6        -       0x00000050   Zero   RW         1026    .bss                ax_uart3.o
    0x200004f6        -       0x00000050   Zero   RW         1076    .bss                ax_uart4.o
    0x20000546   COMPRESSED   0x00000002   PAD
    0x20000548        -       0x00000028   Zero   RW         1541    .bss                ax_can.o
    0x20000570        -       0x00000320   Zero   RW         1778    .bss                ax_uart5.o
    0x20000890        -       0x00000014   Zero   RW         1978    .bss                ax_openmv.o
    0x200008a4        -       0x00000040   Zero   RW         7193    .bss                queue.o
    0x200008e4        -       0x000000c8   Zero   RW         7414    .bss                tasks.o
    0x200009ac        -       0x00000028   Zero   RW         7716    .bss                timers.o
    0x200009d4        -       0x00012c00   Zero   RW         7834    .bss                heap_4.o
    0x200135d4   COMPRESSED   0x00000004   PAD
    0x200135d8        -       0x00000400   Zero   RW         7010    STACK               startup_stm32f40_41xxx.o


==============================================================================

Image component sizes


      Code (inc. data)   RO Data    RW Data    ZI Data      Debug   Object Name

        60          4          0          0          0        523   ax_beep.o
       404         36          0          0         40       2464   ax_can.o
       200         14          0          0         16        581   ax_control.o
       170         16          0          1          0       1846   ax_delay.o
       718         80          0          0          0       5398   ax_eeprom.o
       838         66          0          0          0       6828   ax_encoder.o
        76         12          0          0          0       1008   ax_key.o
      1628         82          0          0          0       1274   ax_kinematics.o
        80          4          0          0          0        530   ax_led.o
       948         56          0          0          0       3998   ax_motor.o
      1270        104          0          0          0      10928   ax_mpu6050.o
      1484         44       2072          0          0       8879   ax_oled.o
       372         36          0         22         20       1309   ax_openmv.o
      3316        844          0         52        702      14883   ax_robot.o
      1692        224          0          0          0      12709   ax_servo.o
       736        104          0         48          0       2684   ax_speed.o
        76          6          0          0          0        533   ax_switch.o
       308         58          0          2        112       2436   ax_uart1.o
       656        142          0         29          0       4613   ax_uart2.o
       410         34          0          0         80       3872   ax_uart3.o
       472         48          0          3         80       2710   ax_uart4.o
       344         38          0          2        800       2021   ax_uart5.o
       256         30          0          0          0       1279   ax_vin.o
         0          0          0          0          0       9360   event_groups.o
      1894         58          0          0          0       7990   gps.o
       692         62          0         24      76800       4251   heap_4.o
       148          0          0          0          0       3174   list.o
      1348        500       1024         36          0     344535   main.o
       180         24          0          0          0       2293   misc.o
       954         92          0         12          0      11145   port.o
      1872         22          0          0         64      13397   queue.o
        36          8        392          0       1024        924   startup_stm32f40_41xxx.o
       374         24          0          0          0       5938   stm32f4xx_adc.o
      1092          6          0          0          0       4736   stm32f4xx_can.o
       250          0          0          0          0       4471   stm32f4xx_gpio.o
        36          0          0          0          0       3223   stm32f4xx_it.o
       392         48          0         16          0       6193   stm32f4xx_rcc.o
       112          0          0          0          0       3798   stm32f4xx_spi.o
      1934        120          0          0          0      23174   stm32f4xx_tim.o
       678         42          0          0          0       6604   stm32f4xx_usart.o
       340         32          0         20          0       1797   system_stm32f4xx.o
      3750        478          0         60        200      26342   tasks.o
       136         16          0          0          0       1142   timer.o
      1142        118          0         20         40      17143   timers.o

    ----------------------------------------------------------------------
     33916       3732       3520        352      79984     594936   Object Totals
         0          0         32          0          0          0   (incl. Generated)
        42          0          0          5          6          0   (incl. Padding)

    ----------------------------------------------------------------------

      Code (inc. data)   RO Data    RW Data    ZI Data      Debug   Library Member Name

        56         12          0          0          0        132   atof.o
        86          0          0          0          0          0   __dczerorl2.o
        28          0          0          0          0         68   _chval.o
        64          0          0          0          0         84   _sgetc.o
       158          0          0          0          0         92   _strtoul.o
        26          0          0          0          0         80   atoi.o
         8          4        133          0          0         68   ctype_o.o
         0          0          0          0          0          0   entry.o
         0          0          0          0          0          0   entry10a.o
         0          0          0          0          0          0   entry11a.o
         4          0          0          0          0          0   entry12b.o
         8          4          0          0          0          0   entry2.o
         4          0          0          0          0          0   entry5.o
         0          0          0          0          0          0   entry7b.o
         0          0          0          0          0          0   entry8b.o
         8          4          0          0          0          0   entry9a.o
        32         16          0          4          0        204   errno.o
        30          0          0          0          0          0   handlers.o
        36          8          0          0          0         68   init.o
        18          0          0          0          0         76   isspace_o.o
         0          0          0          0          0          0   iusefp.o
        30          0          0          0          0         68   llshl.o
        36          0          0          0          0         68   llsshr.o
        32          0          0          0          0         68   llushr.o
        36          0          0          0          0         68   memcpya.o
        36          0          0          0          0        108   memseta.o
      2342        100          0          0          0        772   printfa.o
       878         12          0          0          0        216   scanf_fp.o
         0          0          0          4          0          0   stdout.o
        20          0          0          0          0         68   strchr.o
        14          0          0          0          0         68   strlen.o
        30          0          0          0          0         80   strncmp.o
        36          0          0          0          0         80   strstr.o
       156         12          0          0          0        120   strtod.o
       112          0          0          0          0         88   strtol.o
        44          0          0          0          0         80   uidiv.o
        98          0          0          0          0         92   uldiv.o
        48          0          0          0          0         68   cdrcmple.o
        56          0          0          0          0         88   d2f.o
       334          0          0          0          0        148   dadd.o
       222          0          0          0          0        100   ddiv.o
       186          0          0          0          0        176   depilogue.o
        62          0          0          0          0         80   dfixi.o
        50          0          0          0          0         76   dfixui.o
        48          0          0          0          0         68   dfixul.o
        34          0          0          0          0         76   dflti.o
        26          0          0          0          0         76   dfltui.o
        24          0          0          0          0         76   dfltul.o
       228          0          0          0          0         96   dmul.o
        38          0          0          0          0         68   f2d.o
       110          0          0          0          0        168   fepilogue.o

    ----------------------------------------------------------------------
      5940        172        136          8          0       4280   Library Totals
         8          0          3          0          0          0   (incl. Padding)

    ----------------------------------------------------------------------

      Code (inc. data)   RO Data    RW Data    ZI Data      Debug   Library Name

        56         12          0          0          0        132   m_wm.l
      4410        160        133          8          0       2784   mc_w.l
      1466          0          0          0          0       1364   mf_w.l

    ----------------------------------------------------------------------
      5940        172        136          8          0       4280   Library Totals

    ----------------------------------------------------------------------

==============================================================================


      Code (inc. data)   RO Data    RW Data    ZI Data      Debug   

     39856       3904       3656        360      79984     567612   Grand Totals
     39856       3904       3656         60      79984     567612   ELF Image Totals (compressed)
     39856       3904       3656         60          0          0   ROM Totals

==============================================================================

    Total RO  Size (Code + RO Data)                43512 (  42.49kB)
    Total RW  Size (RW Data + ZI Data)             80344 (  78.46kB)
    Total ROM Size (Code + RO Data + RW Data)      43572 (  42.55kB)

==============================================================================

